[0.054s] Invoking command in '/home/mohammed/SmartCar/ros2_ws/build/octopus_interfaces': CMAKE_PREFIX_PATH=${CMAKE_PREFIX_PATH}:/home/mohammed/SmartCar/ros2_ws/install/SmartCar_pkg:/opt/ros/humble /usr/bin/cmake --build /home/mohammed/SmartCar/ros2_ws/build/octopus_interfaces -- -j4 -l4
[0.195s] -- Found ament_cmake: 1.3.12 (/opt/ros/humble/share/ament_cmake/cmake)
[0.911s] -- Found rosidl_default_generators: 1.2.0 (/opt/ros/humble/share/rosidl_default_generators/cmake)
[0.925s] -- Using all available rosidl_typesupport_c: rosidl_typesupport_fastrtps_c;rosidl_typesupport_introspection_c
[0.944s] -- Found rosidl_adapter: 3.1.7 (/opt/ros/humble/share/rosidl_adapter/cmake)
[1.211s] -- Using all available rosidl_typesupport_cpp: rosidl_typesupport_fastrtps_cpp;rosidl_typesupport_introspection_cpp
[1.366s] -- Found ament_lint_auto: 0.12.14 (/opt/ros/humble/share/ament_lint_auto/cmake)
[2.625s] -- Found ament_cmake_ros: 0.10.0 (/opt/ros/humble/share/ament_cmake_ros/cmake)
[3.523s] -- Using all available rosidl_typesupport_c: rosidl_typesupport_fastrtps_c;rosidl_typesupport_introspection_c
[4.699s] -- Using all available rosidl_typesupport_cpp: rosidl_typesupport_fastrtps_cpp;rosidl_typesupport_introspection_cpp
[4.815s] -- Found python_cmake_module: 0.10.0 (/opt/ros/humble/share/python_cmake_module/cmake)
[4.931s] -- Using PYTHON_EXECUTABLE: /usr/bin/python3
[4.933s] -- Using PYTHON_INCLUDE_DIRS: /usr/include/python3.10
[4.933s] -- Using PYTHON_LIBRARIES: /usr/lib/aarch64-linux-gnu/libpython3.10.so
[5.018s] -- Added test 'lint_cmake' to check CMake code style
[5.032s] -- Added test 'xmllint' to check XML markup files
[5.077s] -- Configuring done
[5.342s] -- Generating done
[5.409s] -- Build files have been written to: /home/mohammed/SmartCar/ros2_ws/build/octopus_interfaces
[5.535s] [  2%] [34m[1mGenerating C code for ROS interfaces[0m
[5.609s] [  4%] [34m[1mGenerating C++ code for ROS interfaces[0m
[5.702s] [  4%] Built target ament_cmake_python_copy_octopus_interfaces
[7.733s] running egg_info
[7.739s] writing octopus_interfaces.egg-info/PKG-INFO
[7.743s] writing dependency_links to octopus_interfaces.egg-info/dependency_links.txt
[7.744s] writing top-level names to octopus_interfaces.egg-info/top_level.txt
[7.760s] reading manifest file 'octopus_interfaces.egg-info/SOURCES.txt'
[7.765s] writing manifest file 'octopus_interfaces.egg-info/SOURCES.txt'
[7.984s] [  4%] Built target ament_cmake_python_build_octopus_interfaces_egg
[8.028s] [35m[1mConsolidate compiler generated dependencies of target octopus_interfaces__rosidl_generator_c[0m
[8.104s] [  6%] [32mBuilding C object CMakeFiles/octopus_interfaces__rosidl_generator_c.dir/rosidl_generator_c/octopus_interfaces/msg/detail/sensor_index__functions.c.o[0m
[8.112s] [  8%] [32mBuilding C object CMakeFiles/octopus_interfaces__rosidl_generator_c.dir/rosidl_generator_c/octopus_interfaces/msg/detail/object_distance__functions.c.o[0m
[8.134s] [  8%] Built target octopus_interfaces__cpp
[8.141s] [ 10%] [32mBuilding C object CMakeFiles/octopus_interfaces__rosidl_generator_c.dir/rosidl_generator_c/octopus_interfaces/msg/detail/move_intent__functions.c.o[0m
[8.189s] [ 12%] [34m[1mGenerating C++ type support dispatch for ROS interfaces[0m
[8.994s] [ 17%] [32m[1mLinking C shared library liboctopus_interfaces__rosidl_generator_c.so[0m
[8.996s] [ 17%] [34m[1mGenerating C++ type support for eProsima Fast-RTPS[0m
[9.001s] [ 19%] [34m[1mGenerating C++ introspection for ROS interfaces[0m
[9.346s] [ 19%] Built target octopus_interfaces__rosidl_generator_c
[9.423s] [ 21%] [34m[1mGenerating C type support for eProsima Fast-RTPS[0m
[9.680s] [35m[1mConsolidate compiler generated dependencies of target octopus_interfaces__rosidl_typesupport_cpp[0m
[9.900s] [ 23%] [32mBuilding CXX object CMakeFiles/octopus_interfaces__rosidl_typesupport_cpp.dir/rosidl_typesupport_cpp/octopus_interfaces/msg/sensor_index__type_support.cpp.o[0m
[10.755s] [35m[1mConsolidate compiler generated dependencies of target octopus_interfaces__rosidl_typesupport_introspection_cpp[0m
[10.856s] [ 25%] [32mBuilding CXX object CMakeFiles/octopus_interfaces__rosidl_typesupport_introspection_cpp.dir/rosidl_typesupport_introspection_cpp/octopus_interfaces/msg/detail/sensor_index__type_support.cpp.o[0m
[11.063s] [35m[1mConsolidate compiler generated dependencies of target octopus_interfaces__rosidl_typesupport_fastrtps_cpp[0m
[11.189s] [ 27%] [32mBuilding CXX object CMakeFiles/octopus_interfaces__rosidl_typesupport_fastrtps_cpp.dir/rosidl_typesupport_fastrtps_cpp/octopus_interfaces/msg/detail/dds_fastrtps/sensor_index__type_support.cpp.o[0m
[11.269s] [35m[1mConsolidate compiler generated dependencies of target octopus_interfaces__rosidl_typesupport_fastrtps_c[0m
[11.358s] [ 29%] [32mBuilding CXX object CMakeFiles/octopus_interfaces__rosidl_typesupport_fastrtps_c.dir/rosidl_typesupport_fastrtps_c/octopus_interfaces/msg/detail/sensor_index__type_support_c.cpp.o[0m
[12.507s] [ 31%] [32mBuilding CXX object CMakeFiles/octopus_interfaces__rosidl_typesupport_cpp.dir/rosidl_typesupport_cpp/octopus_interfaces/msg/object_distance__type_support.cpp.o[0m
[13.664s] [ 34%] [32mBuilding CXX object CMakeFiles/octopus_interfaces__rosidl_typesupport_introspection_cpp.dir/rosidl_typesupport_introspection_cpp/octopus_interfaces/msg/detail/object_distance__type_support.cpp.o[0m
[13.977s] [ 36%] [32mBuilding CXX object CMakeFiles/octopus_interfaces__rosidl_typesupport_fastrtps_c.dir/rosidl_typesupport_fastrtps_c/octopus_interfaces/msg/detail/object_distance__type_support_c.cpp.o[0m
[14.496s] [ 38%] [32mBuilding CXX object CMakeFiles/octopus_interfaces__rosidl_typesupport_fastrtps_cpp.dir/rosidl_typesupport_fastrtps_cpp/octopus_interfaces/msg/detail/dds_fastrtps/object_distance__type_support.cpp.o[0m
[14.795s] [ 40%] [32mBuilding CXX object CMakeFiles/octopus_interfaces__rosidl_typesupport_cpp.dir/rosidl_typesupport_cpp/octopus_interfaces/msg/move_intent__type_support.cpp.o[0m
[16.285s] [ 42%] [32mBuilding CXX object CMakeFiles/octopus_interfaces__rosidl_typesupport_fastrtps_c.dir/rosidl_typesupport_fastrtps_c/octopus_interfaces/msg/detail/move_intent__type_support_c.cpp.o[0m
[16.330s] [ 44%] [32mBuilding CXX object CMakeFiles/octopus_interfaces__rosidl_typesupport_introspection_cpp.dir/rosidl_typesupport_introspection_cpp/octopus_interfaces/msg/detail/move_intent__type_support.cpp.o[0m
[16.663s] [ 46%] [32m[1mLinking CXX shared library liboctopus_interfaces__rosidl_typesupport_cpp.so[0m
[16.913s] [ 46%] Built target octopus_interfaces__rosidl_typesupport_cpp
[16.982s] [ 48%] [34m[1mGenerating C introspection for ROS interfaces[0m
[17.067s] [ 51%] [32mBuilding CXX object CMakeFiles/octopus_interfaces__rosidl_typesupport_fastrtps_cpp.dir/rosidl_typesupport_fastrtps_cpp/octopus_interfaces/msg/detail/dds_fastrtps/move_intent__type_support.cpp.o[0m
[18.788s] [ 53%] [32m[1mLinking CXX shared library liboctopus_interfaces__rosidl_typesupport_fastrtps_c.so[0m
[19.000s] [ 55%] [32m[1mLinking CXX shared library liboctopus_interfaces__rosidl_typesupport_introspection_cpp.so[0m
[19.022s] [35m[1mConsolidate compiler generated dependencies of target octopus_interfaces__rosidl_typesupport_introspection_c[0m
[19.113s] [ 57%] [32mBuilding C object CMakeFiles/octopus_interfaces__rosidl_typesupport_introspection_c.dir/rosidl_typesupport_introspection_c/octopus_interfaces/msg/detail/sensor_index__type_support.c.o[0m
[19.387s] [ 57%] Built target octopus_interfaces__rosidl_typesupport_fastrtps_c
[19.403s] [ 59%] [32mBuilding C object CMakeFiles/octopus_interfaces__rosidl_typesupport_introspection_c.dir/rosidl_typesupport_introspection_c/octopus_interfaces/msg/detail/object_distance__type_support.c.o[0m
[19.462s] [ 61%] [34m[1mGenerating C type support dispatch for ROS interfaces[0m
[19.549s] [ 61%] Built target octopus_interfaces__rosidl_typesupport_introspection_cpp
[19.598s] [ 63%] [32mBuilding C object CMakeFiles/octopus_interfaces__rosidl_typesupport_introspection_c.dir/rosidl_typesupport_introspection_c/octopus_interfaces/msg/detail/move_intent__type_support.c.o[0m
[19.838s] [ 65%] [32m[1mLinking C shared library liboctopus_interfaces__rosidl_typesupport_introspection_c.so[0m
[19.987s] [ 68%] [32m[1mLinking CXX shared library liboctopus_interfaces__rosidl_typesupport_fastrtps_cpp.so[0m
[20.006s] [ 68%] Built target octopus_interfaces__rosidl_typesupport_introspection_c
[20.318s] [ 68%] Built target octopus_interfaces__rosidl_typesupport_fastrtps_cpp
[20.741s] [35m[1mConsolidate compiler generated dependencies of target octopus_interfaces__rosidl_typesupport_c[0m
[20.802s] [ 72%] [32mBuilding CXX object CMakeFiles/octopus_interfaces__rosidl_typesupport_c.dir/rosidl_typesupport_c/octopus_interfaces/msg/object_distance__type_support.cpp.o[0m
[20.803s] [ 72%] [32mBuilding CXX object CMakeFiles/octopus_interfaces__rosidl_typesupport_c.dir/rosidl_typesupport_c/octopus_interfaces/msg/sensor_index__type_support.cpp.o[0m
[20.810s] [ 74%] [32mBuilding CXX object CMakeFiles/octopus_interfaces__rosidl_typesupport_c.dir/rosidl_typesupport_c/octopus_interfaces/msg/move_intent__type_support.cpp.o[0m
[20.987s] [ 76%] [32m[1mLinking CXX shared library liboctopus_interfaces__rosidl_typesupport_c.so[0m
[21.160s] [ 76%] Built target octopus_interfaces__rosidl_typesupport_c
[21.253s] [ 76%] Built target octopus_interfaces
[21.349s] [ 78%] [34m[1mGenerating Python code for ROS interfaces[0m
[23.386s] [ 78%] Built target octopus_interfaces__py
[23.436s] [35m[1mConsolidate compiler generated dependencies of target octopus_interfaces__rosidl_generator_py[0m
[23.519s] [ 80%] [32mBuilding C object CMakeFiles/octopus_interfaces__rosidl_generator_py.dir/rosidl_generator_py/octopus_interfaces/msg/_sensor_index_s.c.o[0m
[23.528s] [ 82%] [32mBuilding C object CMakeFiles/octopus_interfaces__rosidl_generator_py.dir/rosidl_generator_py/octopus_interfaces/msg/_object_distance_s.c.o[0m
[23.535s] [ 85%] [32mBuilding C object CMakeFiles/octopus_interfaces__rosidl_generator_py.dir/rosidl_generator_py/octopus_interfaces/msg/_move_intent_s.c.o[0m
[24.317s] [ 87%] [32m[1mLinking C shared library rosidl_generator_py/octopus_interfaces/liboctopus_interfaces__rosidl_generator_py.so[0m
[24.515s] [ 87%] Built target octopus_interfaces__rosidl_generator_py
[24.565s] [35m[1mConsolidate compiler generated dependencies of target octopus_interfaces__rosidl_typesupport_fastrtps_c__pyext[0m
[24.566s] [35m[1mConsolidate compiler generated dependencies of target octopus_interfaces__rosidl_typesupport_introspection_c__pyext[0m
[24.568s] [35m[1mConsolidate compiler generated dependencies of target octopus_interfaces__rosidl_typesupport_c__pyext[0m
[24.637s] [ 89%] [32mBuilding C object CMakeFiles/octopus_interfaces__rosidl_typesupport_introspection_c__pyext.dir/rosidl_generator_py/octopus_interfaces/_octopus_interfaces_s.ep.rosidl_typesupport_introspection_c.c.o[0m
[24.640s] [ 91%] [32mBuilding C object CMakeFiles/octopus_interfaces__rosidl_typesupport_c__pyext.dir/rosidl_generator_py/octopus_interfaces/_octopus_interfaces_s.ep.rosidl_typesupport_c.c.o[0m
[24.652s] [ 93%] [32mBuilding C object CMakeFiles/octopus_interfaces__rosidl_typesupport_fastrtps_c__pyext.dir/rosidl_generator_py/octopus_interfaces/_octopus_interfaces_s.ep.rosidl_typesupport_fastrtps_c.c.o[0m
[25.168s] [ 95%] [32m[1mLinking C shared library rosidl_generator_py/octopus_interfaces/octopus_interfaces_s__rosidl_typesupport_c.cpython-310-aarch64-linux-gnu.so[0m
[25.205s] [ 97%] [32m[1mLinking C shared library rosidl_generator_py/octopus_interfaces/octopus_interfaces_s__rosidl_typesupport_introspection_c.cpython-310-aarch64-linux-gnu.so[0m
[25.232s] [100%] [32m[1mLinking C shared library rosidl_generator_py/octopus_interfaces/octopus_interfaces_s__rosidl_typesupport_fastrtps_c.cpython-310-aarch64-linux-gnu.so[0m
[25.391s] [100%] Built target octopus_interfaces__rosidl_typesupport_c__pyext
[25.409s] [100%] Built target octopus_interfaces__rosidl_typesupport_introspection_c__pyext
[25.434s] [100%] Built target octopus_interfaces__rosidl_typesupport_fastrtps_c__pyext
[25.486s] Invoked command in '/home/mohammed/SmartCar/ros2_ws/build/octopus_interfaces' returned '0': CMAKE_PREFIX_PATH=${CMAKE_PREFIX_PATH}:/home/mohammed/SmartCar/ros2_ws/install/SmartCar_pkg:/opt/ros/humble /usr/bin/cmake --build /home/mohammed/SmartCar/ros2_ws/build/octopus_interfaces -- -j4 -l4
[25.530s] Invoking command in '/home/mohammed/SmartCar/ros2_ws/build/octopus_interfaces': CMAKE_PREFIX_PATH=${CMAKE_PREFIX_PATH}:/home/mohammed/SmartCar/ros2_ws/install/SmartCar_pkg:/opt/ros/humble /usr/bin/cmake --install /home/mohammed/SmartCar/ros2_ws/build/octopus_interfaces
[25.566s] -- Install configuration: ""
[25.569s] -- Up-to-date: /home/mohammed/SmartCar/ros2_ws/install/octopus_interfaces/share/ament_index/resource_index/rosidl_interfaces/octopus_interfaces
[25.570s] -- Up-to-date: /home/mohammed/SmartCar/ros2_ws/install/octopus_interfaces/include/octopus_interfaces/octopus_interfaces
[25.571s] -- Up-to-date: /home/mohammed/SmartCar/ros2_ws/install/octopus_interfaces/include/octopus_interfaces/octopus_interfaces/msg
[25.571s] -- Installing: /home/mohammed/SmartCar/ros2_ws/install/octopus_interfaces/include/octopus_interfaces/octopus_interfaces/msg/object_distance.h
[25.573s] -- Up-to-date: /home/mohammed/SmartCar/ros2_ws/install/octopus_interfaces/include/octopus_interfaces/octopus_interfaces/msg/rosidl_generator_c__visibility_control.h
[25.573s] -- Installing: /home/mohammed/SmartCar/ros2_ws/install/octopus_interfaces/include/octopus_interfaces/octopus_interfaces/msg/sensor_index.h
[25.574s] -- Installing: /home/mohammed/SmartCar/ros2_ws/install/octopus_interfaces/include/octopus_interfaces/octopus_interfaces/msg/move_intent.h
[25.575s] -- Up-to-date: /home/mohammed/SmartCar/ros2_ws/install/octopus_interfaces/include/octopus_interfaces/octopus_interfaces/msg/detail
[25.576s] -- Installing: /home/mohammed/SmartCar/ros2_ws/install/octopus_interfaces/include/octopus_interfaces/octopus_interfaces/msg/detail/object_distance__struct.h
[25.587s] -- Installing: /home/mohammed/SmartCar/ros2_ws/install/octopus_interfaces/include/octopus_interfaces/octopus_interfaces/msg/detail/sensor_index__functions.h
[25.588s] -- Installing: /home/mohammed/SmartCar/ros2_ws/install/octopus_interfaces/include/octopus_interfaces/octopus_interfaces/msg/detail/move_intent__type_support.h
[25.591s] -- Installing: /home/mohammed/SmartCar/ros2_ws/install/octopus_interfaces/include/octopus_interfaces/octopus_interfaces/msg/detail/move_intent__functions.c
[25.591s] -- Installing: /home/mohammed/SmartCar/ros2_ws/install/octopus_interfaces/include/octopus_interfaces/octopus_interfaces/msg/detail/object_distance__functions.h
[25.591s] -- Installing: /home/mohammed/SmartCar/ros2_ws/install/octopus_interfaces/include/octopus_interfaces/octopus_interfaces/msg/detail/sensor_index__functions.c
[25.593s] -- Installing: /home/mohammed/SmartCar/ros2_ws/install/octopus_interfaces/include/octopus_interfaces/octopus_interfaces/msg/detail/move_intent__struct.h
[25.596s] -- Installing: /home/mohammed/SmartCar/ros2_ws/install/octopus_interfaces/include/octopus_interfaces/octopus_interfaces/msg/detail/move_intent__functions.h
[25.597s] -- Installing: /home/mohammed/SmartCar/ros2_ws/install/octopus_interfaces/include/octopus_interfaces/octopus_interfaces/msg/detail/object_distance__functions.c
[25.597s] -- Installing: /home/mohammed/SmartCar/ros2_ws/install/octopus_interfaces/include/octopus_interfaces/octopus_interfaces/msg/detail/sensor_index__type_support.h
[25.598s] -- Installing: /home/mohammed/SmartCar/ros2_ws/install/octopus_interfaces/include/octopus_interfaces/octopus_interfaces/msg/detail/object_distance__type_support.h
[25.605s] -- Installing: /home/mohammed/SmartCar/ros2_ws/install/octopus_interfaces/include/octopus_interfaces/octopus_interfaces/msg/detail/sensor_index__struct.h
[25.606s] -- Up-to-date: /home/mohammed/SmartCar/ros2_ws/install/octopus_interfaces/share/octopus_interfaces/environment/library_path.sh
[25.607s] -- Installing: /home/mohammed/SmartCar/ros2_ws/install/octopus_interfaces/share/octopus_interfaces/environment/library_path.dsv
[25.608s] -- Installing: /home/mohammed/SmartCar/ros2_ws/install/octopus_interfaces/lib/liboctopus_interfaces__rosidl_generator_c.so
[25.610s] -- Set runtime path of "/home/mohammed/SmartCar/ros2_ws/install/octopus_interfaces/lib/liboctopus_interfaces__rosidl_generator_c.so" to ""
[25.611s] -- Up-to-date: /home/mohammed/SmartCar/ros2_ws/install/octopus_interfaces/include/octopus_interfaces/octopus_interfaces
[25.612s] -- Up-to-date: /home/mohammed/SmartCar/ros2_ws/install/octopus_interfaces/include/octopus_interfaces/octopus_interfaces/msg
[25.612s] -- Up-to-date: /home/mohammed/SmartCar/ros2_ws/install/octopus_interfaces/include/octopus_interfaces/octopus_interfaces/msg/detail
[25.613s] -- Installing: /home/mohammed/SmartCar/ros2_ws/install/octopus_interfaces/include/octopus_interfaces/octopus_interfaces/msg/detail/sensor_index__rosidl_typesupport_fastrtps_c.h
[25.618s] -- Installing: /home/mohammed/SmartCar/ros2_ws/install/octopus_interfaces/include/octopus_interfaces/octopus_interfaces/msg/detail/object_distance__rosidl_typesupport_fastrtps_c.h
[25.623s] -- Installing: /home/mohammed/SmartCar/ros2_ws/install/octopus_interfaces/include/octopus_interfaces/octopus_interfaces/msg/detail/move_intent__rosidl_typesupport_fastrtps_c.h
[25.624s] -- Up-to-date: /home/mohammed/SmartCar/ros2_ws/install/octopus_interfaces/include/octopus_interfaces/octopus_interfaces/msg/rosidl_typesupport_fastrtps_c__visibility_control.h
[25.624s] -- Installing: /home/mohammed/SmartCar/ros2_ws/install/octopus_interfaces/lib/liboctopus_interfaces__rosidl_typesupport_fastrtps_c.so
[25.629s] -- Set runtime path of "/home/mohammed/SmartCar/ros2_ws/install/octopus_interfaces/lib/liboctopus_interfaces__rosidl_typesupport_fastrtps_c.so" to ""
[25.633s] -- Up-to-date: /home/mohammed/SmartCar/ros2_ws/install/octopus_interfaces/include/octopus_interfaces/octopus_interfaces
[25.634s] -- Up-to-date: /home/mohammed/SmartCar/ros2_ws/install/octopus_interfaces/include/octopus_interfaces/octopus_interfaces/msg
[25.635s] -- Up-to-date: /home/mohammed/SmartCar/ros2_ws/install/octopus_interfaces/include/octopus_interfaces/octopus_interfaces/msg/detail
[25.636s] -- Installing: /home/mohammed/SmartCar/ros2_ws/install/octopus_interfaces/include/octopus_interfaces/octopus_interfaces/msg/detail/sensor_index__rosidl_typesupport_introspection_c.h
[25.636s] -- Installing: /home/mohammed/SmartCar/ros2_ws/install/octopus_interfaces/include/octopus_interfaces/octopus_interfaces/msg/detail/object_distance__rosidl_typesupport_introspection_c.h
[25.639s] -- Installing: /home/mohammed/SmartCar/ros2_ws/install/octopus_interfaces/include/octopus_interfaces/octopus_interfaces/msg/detail/sensor_index__type_support.c
[25.640s] -- Installing: /home/mohammed/SmartCar/ros2_ws/install/octopus_interfaces/include/octopus_interfaces/octopus_interfaces/msg/detail/move_intent__rosidl_typesupport_introspection_c.h
[25.641s] -- Installing: /home/mohammed/SmartCar/ros2_ws/install/octopus_interfaces/include/octopus_interfaces/octopus_interfaces/msg/detail/object_distance__type_support.c
[25.641s] -- Installing: /home/mohammed/SmartCar/ros2_ws/install/octopus_interfaces/include/octopus_interfaces/octopus_interfaces/msg/detail/move_intent__type_support.c
[25.643s] -- Up-to-date: /home/mohammed/SmartCar/ros2_ws/install/octopus_interfaces/include/octopus_interfaces/octopus_interfaces/msg/rosidl_typesupport_introspection_c__visibility_control.h
[25.644s] -- Installing: /home/mohammed/SmartCar/ros2_ws/install/octopus_interfaces/lib/liboctopus_interfaces__rosidl_typesupport_introspection_c.so
[25.648s] -- Set runtime path of "/home/mohammed/SmartCar/ros2_ws/install/octopus_interfaces/lib/liboctopus_interfaces__rosidl_typesupport_introspection_c.so" to ""
[25.650s] -- Installing: /home/mohammed/SmartCar/ros2_ws/install/octopus_interfaces/lib/liboctopus_interfaces__rosidl_typesupport_c.so
[25.653s] -- Set runtime path of "/home/mohammed/SmartCar/ros2_ws/install/octopus_interfaces/lib/liboctopus_interfaces__rosidl_typesupport_c.so" to ""
[25.654s] -- Up-to-date: /home/mohammed/SmartCar/ros2_ws/install/octopus_interfaces/include/octopus_interfaces/octopus_interfaces
[25.659s] -- Up-to-date: /home/mohammed/SmartCar/ros2_ws/install/octopus_interfaces/include/octopus_interfaces/octopus_interfaces/msg
[25.660s] -- Up-to-date: /home/mohammed/SmartCar/ros2_ws/install/octopus_interfaces/include/octopus_interfaces/octopus_interfaces/msg/rosidl_generator_cpp__visibility_control.hpp
[25.660s] -- Installing: /home/mohammed/SmartCar/ros2_ws/install/octopus_interfaces/include/octopus_interfaces/octopus_interfaces/msg/sensor_index.hpp
[25.663s] -- Installing: /home/mohammed/SmartCar/ros2_ws/install/octopus_interfaces/include/octopus_interfaces/octopus_interfaces/msg/move_intent.hpp
[25.664s] -- Up-to-date: /home/mohammed/SmartCar/ros2_ws/install/octopus_interfaces/include/octopus_interfaces/octopus_interfaces/msg/detail
[25.665s] -- Installing: /home/mohammed/SmartCar/ros2_ws/install/octopus_interfaces/include/octopus_interfaces/octopus_interfaces/msg/detail/object_distance__traits.hpp
[25.665s] -- Installing: /home/mohammed/SmartCar/ros2_ws/install/octopus_interfaces/include/octopus_interfaces/octopus_interfaces/msg/detail/object_distance__type_support.hpp
[25.667s] -- Installing: /home/mohammed/SmartCar/ros2_ws/install/octopus_interfaces/include/octopus_interfaces/octopus_interfaces/msg/detail/sensor_index__struct.hpp
[25.668s] -- Installing: /home/mohammed/SmartCar/ros2_ws/install/octopus_interfaces/include/octopus_interfaces/octopus_interfaces/msg/detail/move_intent__builder.hpp
[25.669s] -- Installing: /home/mohammed/SmartCar/ros2_ws/install/octopus_interfaces/include/octopus_interfaces/octopus_interfaces/msg/detail/sensor_index__builder.hpp
[25.672s] -- Installing: /home/mohammed/SmartCar/ros2_ws/install/octopus_interfaces/include/octopus_interfaces/octopus_interfaces/msg/detail/object_distance__struct.hpp
[25.672s] -- Installing: /home/mohammed/SmartCar/ros2_ws/install/octopus_interfaces/include/octopus_interfaces/octopus_interfaces/msg/detail/move_intent__type_support.hpp
[25.673s] -- Installing: /home/mohammed/SmartCar/ros2_ws/install/octopus_interfaces/include/octopus_interfaces/octopus_interfaces/msg/detail/object_distance__builder.hpp
[25.674s] -- Installing: /home/mohammed/SmartCar/ros2_ws/install/octopus_interfaces/include/octopus_interfaces/octopus_interfaces/msg/detail/move_intent__struct.hpp
[25.675s] -- Installing: /home/mohammed/SmartCar/ros2_ws/install/octopus_interfaces/include/octopus_interfaces/octopus_interfaces/msg/detail/sensor_index__type_support.hpp
[25.679s] -- Installing: /home/mohammed/SmartCar/ros2_ws/install/octopus_interfaces/include/octopus_interfaces/octopus_interfaces/msg/detail/move_intent__traits.hpp
[25.680s] -- Installing: /home/mohammed/SmartCar/ros2_ws/install/octopus_interfaces/include/octopus_interfaces/octopus_interfaces/msg/detail/sensor_index__traits.hpp
[25.681s] -- Installing: /home/mohammed/SmartCar/ros2_ws/install/octopus_interfaces/include/octopus_interfaces/octopus_interfaces/msg/object_distance.hpp
[25.683s] -- Up-to-date: /home/mohammed/SmartCar/ros2_ws/install/octopus_interfaces/include/octopus_interfaces/octopus_interfaces
[25.687s] -- Up-to-date: /home/mohammed/SmartCar/ros2_ws/install/octopus_interfaces/include/octopus_interfaces/octopus_interfaces/msg
[25.687s] -- Up-to-date: /home/mohammed/SmartCar/ros2_ws/install/octopus_interfaces/include/octopus_interfaces/octopus_interfaces/msg/rosidl_typesupport_fastrtps_cpp__visibility_control.h
[25.688s] -- Up-to-date: /home/mohammed/SmartCar/ros2_ws/install/octopus_interfaces/include/octopus_interfaces/octopus_interfaces/msg/detail
[25.689s] -- Installing: /home/mohammed/SmartCar/ros2_ws/install/octopus_interfaces/include/octopus_interfaces/octopus_interfaces/msg/detail/object_distance__rosidl_typesupport_fastrtps_cpp.hpp
[25.690s] -- Installing: /home/mohammed/SmartCar/ros2_ws/install/octopus_interfaces/include/octopus_interfaces/octopus_interfaces/msg/detail/sensor_index__rosidl_typesupport_fastrtps_cpp.hpp
[25.691s] -- Up-to-date: /home/mohammed/SmartCar/ros2_ws/install/octopus_interfaces/include/octopus_interfaces/octopus_interfaces/msg/detail/dds_fastrtps
[25.692s] -- Installing: /home/mohammed/SmartCar/ros2_ws/install/octopus_interfaces/include/octopus_interfaces/octopus_interfaces/msg/detail/move_intent__rosidl_typesupport_fastrtps_cpp.hpp
[25.694s] -- Installing: /home/mohammed/SmartCar/ros2_ws/install/octopus_interfaces/lib/liboctopus_interfaces__rosidl_typesupport_fastrtps_cpp.so
[25.700s] -- Set runtime path of "/home/mohammed/SmartCar/ros2_ws/install/octopus_interfaces/lib/liboctopus_interfaces__rosidl_typesupport_fastrtps_cpp.so" to ""
[25.700s] -- Up-to-date: /home/mohammed/SmartCar/ros2_ws/install/octopus_interfaces/include/octopus_interfaces/octopus_interfaces
[25.701s] -- Up-to-date: /home/mohammed/SmartCar/ros2_ws/install/octopus_interfaces/include/octopus_interfaces/octopus_interfaces/msg
[25.702s] -- Up-to-date: /home/mohammed/SmartCar/ros2_ws/install/octopus_interfaces/include/octopus_interfaces/octopus_interfaces/msg/detail
[25.703s] -- Installing: /home/mohammed/SmartCar/ros2_ws/install/octopus_interfaces/include/octopus_interfaces/octopus_interfaces/msg/detail/sensor_index__rosidl_typesupport_introspection_cpp.hpp
[25.704s] -- Installing: /home/mohammed/SmartCar/ros2_ws/install/octopus_interfaces/include/octopus_interfaces/octopus_interfaces/msg/detail/object_distance__type_support.cpp
[25.704s] -- Installing: /home/mohammed/SmartCar/ros2_ws/install/octopus_interfaces/include/octopus_interfaces/octopus_interfaces/msg/detail/move_intent__rosidl_typesupport_introspection_cpp.hpp
[25.710s] -- Installing: /home/mohammed/SmartCar/ros2_ws/install/octopus_interfaces/include/octopus_interfaces/octopus_interfaces/msg/detail/sensor_index__type_support.cpp
[25.711s] -- Installing: /home/mohammed/SmartCar/ros2_ws/install/octopus_interfaces/include/octopus_interfaces/octopus_interfaces/msg/detail/object_distance__rosidl_typesupport_introspection_cpp.hpp
[25.711s] -- Installing: /home/mohammed/SmartCar/ros2_ws/install/octopus_interfaces/include/octopus_interfaces/octopus_interfaces/msg/detail/move_intent__type_support.cpp
[25.713s] -- Installing: /home/mohammed/SmartCar/ros2_ws/install/octopus_interfaces/lib/liboctopus_interfaces__rosidl_typesupport_introspection_cpp.so
[25.717s] -- Set runtime path of "/home/mohammed/SmartCar/ros2_ws/install/octopus_interfaces/lib/liboctopus_interfaces__rosidl_typesupport_introspection_cpp.so" to ""
[25.718s] -- Installing: /home/mohammed/SmartCar/ros2_ws/install/octopus_interfaces/lib/liboctopus_interfaces__rosidl_typesupport_cpp.so
[25.723s] -- Set runtime path of "/home/mohammed/SmartCar/ros2_ws/install/octopus_interfaces/lib/liboctopus_interfaces__rosidl_typesupport_cpp.so" to ""
[25.724s] -- Up-to-date: /home/mohammed/SmartCar/ros2_ws/install/octopus_interfaces/share/octopus_interfaces/environment/pythonpath.sh
[25.725s] -- Installing: /home/mohammed/SmartCar/ros2_ws/install/octopus_interfaces/share/octopus_interfaces/environment/pythonpath.dsv
[25.726s] -- Up-to-date: /home/mohammed/SmartCar/ros2_ws/install/octopus_interfaces/local/lib/python3.10/dist-packages/octopus_interfaces-0.0.0-py3.10.egg-info
[25.727s] -- Installing: /home/mohammed/SmartCar/ros2_ws/install/octopus_interfaces/local/lib/python3.10/dist-packages/octopus_interfaces-0.0.0-py3.10.egg-info/PKG-INFO
[25.730s] -- Installing: /home/mohammed/SmartCar/ros2_ws/install/octopus_interfaces/local/lib/python3.10/dist-packages/octopus_interfaces-0.0.0-py3.10.egg-info/top_level.txt
[25.730s] -- Installing: /home/mohammed/SmartCar/ros2_ws/install/octopus_interfaces/local/lib/python3.10/dist-packages/octopus_interfaces-0.0.0-py3.10.egg-info/dependency_links.txt
[25.731s] -- Installing: /home/mohammed/SmartCar/ros2_ws/install/octopus_interfaces/local/lib/python3.10/dist-packages/octopus_interfaces-0.0.0-py3.10.egg-info/SOURCES.txt
[25.734s] -- Up-to-date: /home/mohammed/SmartCar/ros2_ws/install/octopus_interfaces/local/lib/python3.10/dist-packages/octopus_interfaces
[25.734s] -- Up-to-date: /home/mohammed/SmartCar/ros2_ws/install/octopus_interfaces/local/lib/python3.10/dist-packages/octopus_interfaces/msg
[25.735s] -- Installing: /home/mohammed/SmartCar/ros2_ws/install/octopus_interfaces/local/lib/python3.10/dist-packages/octopus_interfaces/msg/_object_distance.py
[25.737s] -- Installing: /home/mohammed/SmartCar/ros2_ws/install/octopus_interfaces/local/lib/python3.10/dist-packages/octopus_interfaces/msg/_move_intent.py
[25.738s] -- Installing: /home/mohammed/SmartCar/ros2_ws/install/octopus_interfaces/local/lib/python3.10/dist-packages/octopus_interfaces/msg/_sensor_index_s.c
[25.739s] -- Installing: /home/mohammed/SmartCar/ros2_ws/install/octopus_interfaces/local/lib/python3.10/dist-packages/octopus_interfaces/msg/__init__.py
[25.741s] -- Installing: /home/mohammed/SmartCar/ros2_ws/install/octopus_interfaces/local/lib/python3.10/dist-packages/octopus_interfaces/msg/_sensor_index.py
[25.742s] -- Installing: /home/mohammed/SmartCar/ros2_ws/install/octopus_interfaces/local/lib/python3.10/dist-packages/octopus_interfaces/msg/_move_intent_s.c
[25.743s] -- Installing: /home/mohammed/SmartCar/ros2_ws/install/octopus_interfaces/local/lib/python3.10/dist-packages/octopus_interfaces/msg/_object_distance_s.c
[25.745s] -- Installing: /home/mohammed/SmartCar/ros2_ws/install/octopus_interfaces/local/lib/python3.10/dist-packages/octopus_interfaces/liboctopus_interfaces__rosidl_generator_py.so
[25.747s] -- Installing: /home/mohammed/SmartCar/ros2_ws/install/octopus_interfaces/local/lib/python3.10/dist-packages/octopus_interfaces/_octopus_interfaces_s.ep.rosidl_typesupport_introspection_c.c
[25.749s] -- Installing: /home/mohammed/SmartCar/ros2_ws/install/octopus_interfaces/local/lib/python3.10/dist-packages/octopus_interfaces/octopus_interfaces_s__rosidl_typesupport_fastrtps_c.cpython-310-aarch64-linux-gnu.so
[25.751s] -- Installing: /home/mohammed/SmartCar/ros2_ws/install/octopus_interfaces/local/lib/python3.10/dist-packages/octopus_interfaces/__init__.py
[25.752s] -- Installing: /home/mohammed/SmartCar/ros2_ws/install/octopus_interfaces/local/lib/python3.10/dist-packages/octopus_interfaces/octopus_interfaces_s__rosidl_typesupport_introspection_c.cpython-310-aarch64-linux-gnu.so
[25.754s] -- Installing: /home/mohammed/SmartCar/ros2_ws/install/octopus_interfaces/local/lib/python3.10/dist-packages/octopus_interfaces/_octopus_interfaces_s.ep.rosidl_typesupport_c.c
[25.756s] -- Installing: /home/mohammed/SmartCar/ros2_ws/install/octopus_interfaces/local/lib/python3.10/dist-packages/octopus_interfaces/_octopus_interfaces_s.ep.rosidl_typesupport_fastrtps_c.c
[25.757s] -- Installing: /home/mohammed/SmartCar/ros2_ws/install/octopus_interfaces/local/lib/python3.10/dist-packages/octopus_interfaces/octopus_interfaces_s__rosidl_typesupport_c.cpython-310-aarch64-linux-gnu.so
[25.935s] Listing '/home/mohammed/SmartCar/ros2_ws/install/octopus_interfaces/local/lib/python3.10/dist-packages/octopus_interfaces'...
[25.937s] Compiling '/home/mohammed/SmartCar/ros2_ws/install/octopus_interfaces/local/lib/python3.10/dist-packages/octopus_interfaces/__init__.py'...
[25.941s] Listing '/home/mohammed/SmartCar/ros2_ws/install/octopus_interfaces/local/lib/python3.10/dist-packages/octopus_interfaces/msg'...
[25.943s] Compiling '/home/mohammed/SmartCar/ros2_ws/install/octopus_interfaces/local/lib/python3.10/dist-packages/octopus_interfaces/msg/__init__.py'...
[25.946s] Compiling '/home/mohammed/SmartCar/ros2_ws/install/octopus_interfaces/local/lib/python3.10/dist-packages/octopus_interfaces/msg/_move_intent.py'...
[25.948s] Compiling '/home/mohammed/SmartCar/ros2_ws/install/octopus_interfaces/local/lib/python3.10/dist-packages/octopus_interfaces/msg/_object_distance.py'...
[25.950s] Compiling '/home/mohammed/SmartCar/ros2_ws/install/octopus_interfaces/local/lib/python3.10/dist-packages/octopus_interfaces/msg/_sensor_index.py'...
[25.971s] -- Installing: /home/mohammed/SmartCar/ros2_ws/install/octopus_interfaces/local/lib/python3.10/dist-packages/octopus_interfaces/octopus_interfaces_s__rosidl_typesupport_fastrtps_c.cpython-310-aarch64-linux-gnu.so
[25.976s] -- Set runtime path of "/home/mohammed/SmartCar/ros2_ws/install/octopus_interfaces/local/lib/python3.10/dist-packages/octopus_interfaces/octopus_interfaces_s__rosidl_typesupport_fastrtps_c.cpython-310-aarch64-linux-gnu.so" to ""
[25.978s] -- Installing: /home/mohammed/SmartCar/ros2_ws/install/octopus_interfaces/local/lib/python3.10/dist-packages/octopus_interfaces/octopus_interfaces_s__rosidl_typesupport_introspection_c.cpython-310-aarch64-linux-gnu.so
[25.983s] -- Set runtime path of "/home/mohammed/SmartCar/ros2_ws/install/octopus_interfaces/local/lib/python3.10/dist-packages/octopus_interfaces/octopus_interfaces_s__rosidl_typesupport_introspection_c.cpython-310-aarch64-linux-gnu.so" to ""
[25.986s] -- Installing: /home/mohammed/SmartCar/ros2_ws/install/octopus_interfaces/local/lib/python3.10/dist-packages/octopus_interfaces/octopus_interfaces_s__rosidl_typesupport_c.cpython-310-aarch64-linux-gnu.so
[25.989s] -- Set runtime path of "/home/mohammed/SmartCar/ros2_ws/install/octopus_interfaces/local/lib/python3.10/dist-packages/octopus_interfaces/octopus_interfaces_s__rosidl_typesupport_c.cpython-310-aarch64-linux-gnu.so" to ""
[25.991s] -- Installing: /home/mohammed/SmartCar/ros2_ws/install/octopus_interfaces/lib/liboctopus_interfaces__rosidl_generator_py.so
[25.995s] -- Set runtime path of "/home/mohammed/SmartCar/ros2_ws/install/octopus_interfaces/lib/liboctopus_interfaces__rosidl_generator_py.so" to ""
[25.996s] -- Up-to-date: /home/mohammed/SmartCar/ros2_ws/install/octopus_interfaces/share/octopus_interfaces/msg/SensorIndex.idl
[25.997s] -- Up-to-date: /home/mohammed/SmartCar/ros2_ws/install/octopus_interfaces/share/octopus_interfaces/msg/ObjectDistance.idl
[25.997s] -- Installing: /home/mohammed/SmartCar/ros2_ws/install/octopus_interfaces/share/octopus_interfaces/msg/MoveIntent.idl
[25.998s] -- Up-to-date: /home/mohammed/SmartCar/ros2_ws/install/octopus_interfaces/share/octopus_interfaces/msg/SensorIndex.msg
[25.999s] -- Up-to-date: /home/mohammed/SmartCar/ros2_ws/install/octopus_interfaces/share/octopus_interfaces/msg/ObjectDistance.msg
[25.999s] -- Installing: /home/mohammed/SmartCar/ros2_ws/install/octopus_interfaces/share/octopus_interfaces/msg/MoveIntent.msg
[26.001s] -- Up-to-date: /home/mohammed/SmartCar/ros2_ws/install/octopus_interfaces/share/ament_index/resource_index/package_run_dependencies/octopus_interfaces
[26.001s] -- Installing: /home/mohammed/SmartCar/ros2_ws/install/octopus_interfaces/share/ament_index/resource_index/parent_prefix_path/octopus_interfaces
[26.003s] -- Up-to-date: /home/mohammed/SmartCar/ros2_ws/install/octopus_interfaces/share/octopus_interfaces/environment/ament_prefix_path.sh
[26.004s] -- Installing: /home/mohammed/SmartCar/ros2_ws/install/octopus_interfaces/share/octopus_interfaces/environment/ament_prefix_path.dsv
[26.005s] -- Up-to-date: /home/mohammed/SmartCar/ros2_ws/install/octopus_interfaces/share/octopus_interfaces/environment/path.sh
[26.006s] -- Installing: /home/mohammed/SmartCar/ros2_ws/install/octopus_interfaces/share/octopus_interfaces/environment/path.dsv
[26.008s] -- Up-to-date: /home/mohammed/SmartCar/ros2_ws/install/octopus_interfaces/share/octopus_interfaces/local_setup.bash
[26.009s] -- Up-to-date: /home/mohammed/SmartCar/ros2_ws/install/octopus_interfaces/share/octopus_interfaces/local_setup.sh
[26.010s] -- Up-to-date: /home/mohammed/SmartCar/ros2_ws/install/octopus_interfaces/share/octopus_interfaces/local_setup.zsh
[26.011s] -- Installing: /home/mohammed/SmartCar/ros2_ws/install/octopus_interfaces/share/octopus_interfaces/local_setup.dsv
[26.013s] -- Installing: /home/mohammed/SmartCar/ros2_ws/install/octopus_interfaces/share/octopus_interfaces/package.dsv
[26.014s] -- Up-to-date: /home/mohammed/SmartCar/ros2_ws/install/octopus_interfaces/share/ament_index/resource_index/packages/octopus_interfaces
[26.015s] -- Up-to-date: /home/mohammed/SmartCar/ros2_ws/install/octopus_interfaces/share/octopus_interfaces/cmake/export_octopus_interfaces__rosidl_generator_cExport.cmake
[26.016s] -- Up-to-date: /home/mohammed/SmartCar/ros2_ws/install/octopus_interfaces/share/octopus_interfaces/cmake/export_octopus_interfaces__rosidl_generator_cExport-noconfig.cmake
[26.018s] -- Up-to-date: /home/mohammed/SmartCar/ros2_ws/install/octopus_interfaces/share/octopus_interfaces/cmake/export_octopus_interfaces__rosidl_typesupport_fastrtps_cExport.cmake
[26.019s] -- Up-to-date: /home/mohammed/SmartCar/ros2_ws/install/octopus_interfaces/share/octopus_interfaces/cmake/export_octopus_interfaces__rosidl_typesupport_fastrtps_cExport-noconfig.cmake
[26.020s] -- Up-to-date: /home/mohammed/SmartCar/ros2_ws/install/octopus_interfaces/share/octopus_interfaces/cmake/octopus_interfaces__rosidl_typesupport_introspection_cExport.cmake
[26.021s] -- Up-to-date: /home/mohammed/SmartCar/ros2_ws/install/octopus_interfaces/share/octopus_interfaces/cmake/octopus_interfaces__rosidl_typesupport_introspection_cExport-noconfig.cmake
[26.023s] -- Up-to-date: /home/mohammed/SmartCar/ros2_ws/install/octopus_interfaces/share/octopus_interfaces/cmake/octopus_interfaces__rosidl_typesupport_cExport.cmake
[26.024s] -- Up-to-date: /home/mohammed/SmartCar/ros2_ws/install/octopus_interfaces/share/octopus_interfaces/cmake/octopus_interfaces__rosidl_typesupport_cExport-noconfig.cmake
[26.024s] -- Up-to-date: /home/mohammed/SmartCar/ros2_ws/install/octopus_interfaces/share/octopus_interfaces/cmake/export_octopus_interfaces__rosidl_generator_cppExport.cmake
[26.025s] -- Up-to-date: /home/mohammed/SmartCar/ros2_ws/install/octopus_interfaces/share/octopus_interfaces/cmake/export_octopus_interfaces__rosidl_typesupport_fastrtps_cppExport.cmake
[26.026s] -- Up-to-date: /home/mohammed/SmartCar/ros2_ws/install/octopus_interfaces/share/octopus_interfaces/cmake/export_octopus_interfaces__rosidl_typesupport_fastrtps_cppExport-noconfig.cmake
[26.028s] -- Up-to-date: /home/mohammed/SmartCar/ros2_ws/install/octopus_interfaces/share/octopus_interfaces/cmake/octopus_interfaces__rosidl_typesupport_introspection_cppExport.cmake
[26.029s] -- Up-to-date: /home/mohammed/SmartCar/ros2_ws/install/octopus_interfaces/share/octopus_interfaces/cmake/octopus_interfaces__rosidl_typesupport_introspection_cppExport-noconfig.cmake
[26.030s] -- Up-to-date: /home/mohammed/SmartCar/ros2_ws/install/octopus_interfaces/share/octopus_interfaces/cmake/octopus_interfaces__rosidl_typesupport_cppExport.cmake
[26.031s] -- Up-to-date: /home/mohammed/SmartCar/ros2_ws/install/octopus_interfaces/share/octopus_interfaces/cmake/octopus_interfaces__rosidl_typesupport_cppExport-noconfig.cmake
[26.032s] -- Up-to-date: /home/mohammed/SmartCar/ros2_ws/install/octopus_interfaces/share/octopus_interfaces/cmake/export_octopus_interfaces__rosidl_generator_pyExport.cmake
[26.033s] -- Up-to-date: /home/mohammed/SmartCar/ros2_ws/install/octopus_interfaces/share/octopus_interfaces/cmake/export_octopus_interfaces__rosidl_generator_pyExport-noconfig.cmake
[26.034s] -- Up-to-date: /home/mohammed/SmartCar/ros2_ws/install/octopus_interfaces/share/octopus_interfaces/cmake/rosidl_cmake-extras.cmake
[26.035s] -- Up-to-date: /home/mohammed/SmartCar/ros2_ws/install/octopus_interfaces/share/octopus_interfaces/cmake/ament_cmake_export_include_directories-extras.cmake
[26.036s] -- Up-to-date: /home/mohammed/SmartCar/ros2_ws/install/octopus_interfaces/share/octopus_interfaces/cmake/ament_cmake_export_libraries-extras.cmake
[26.037s] -- Up-to-date: /home/mohammed/SmartCar/ros2_ws/install/octopus_interfaces/share/octopus_interfaces/cmake/ament_cmake_export_targets-extras.cmake
[26.039s] -- Up-to-date: /home/mohammed/SmartCar/ros2_ws/install/octopus_interfaces/share/octopus_interfaces/cmake/rosidl_cmake_export_typesupport_targets-extras.cmake
[26.040s] -- Up-to-date: /home/mohammed/SmartCar/ros2_ws/install/octopus_interfaces/share/octopus_interfaces/cmake/ament_cmake_export_dependencies-extras.cmake
[26.041s] -- Up-to-date: /home/mohammed/SmartCar/ros2_ws/install/octopus_interfaces/share/octopus_interfaces/cmake/rosidl_cmake_export_typesupport_libraries-extras.cmake
[26.041s] -- Up-to-date: /home/mohammed/SmartCar/ros2_ws/install/octopus_interfaces/share/octopus_interfaces/cmake/octopus_interfacesConfig.cmake
[26.042s] -- Up-to-date: /home/mohammed/SmartCar/ros2_ws/install/octopus_interfaces/share/octopus_interfaces/cmake/octopus_interfacesConfig-version.cmake
[26.044s] -- Up-to-date: /home/mohammed/SmartCar/ros2_ws/install/octopus_interfaces/share/octopus_interfaces/package.xml
[26.049s] Invoked command in '/home/mohammed/SmartCar/ros2_ws/build/octopus_interfaces' returned '0': CMAKE_PREFIX_PATH=${CMAKE_PREFIX_PATH}:/home/mohammed/SmartCar/ros2_ws/install/SmartCar_pkg:/opt/ros/humble /usr/bin/cmake --install /home/mohammed/SmartCar/ros2_ws/build/octopus_interfaces
