[0.053s] Invoking command in '/home/mohammed/SmartCar/ros2_ws/build/octopus_interfaces': CMAKE_PREFIX_PATH=${CMAKE_PREFIX_PATH}:/home/mohammed/SmartCar/ros2_ws/install/SmartCar_pkg:/opt/ros/humble /usr/bin/cmake --build /home/mohammed/SmartCar/ros2_ws/build/octopus_interfaces -- -j4 -l4
[0.166s] -- Found ament_cmake: 1.3.12 (/opt/ros/humble/share/ament_cmake/cmake)
[0.787s] -- Found rosidl_default_generators: 1.2.0 (/opt/ros/humble/share/rosidl_default_generators/cmake)
[0.795s] -- Using all available rosidl_typesupport_c: rosidl_typesupport_fastrtps_c;rosidl_typesupport_introspection_c
[0.807s] -- Found rosidl_adapter: 3.1.7 (/opt/ros/humble/share/rosidl_adapter/cmake)
[0.996s] -- Using all available rosidl_typesupport_cpp: rosidl_typesupport_fastrtps_cpp;rosidl_typesupport_introspection_cpp
[1.114s] -- Found ament_lint_auto: 0.12.14 (/opt/ros/humble/share/ament_lint_auto/cmake)
[2.351s] -- Found ament_cmake_ros: 0.10.0 (/opt/ros/humble/share/ament_cmake_ros/cmake)
[3.284s] -- Using all available rosidl_typesupport_c: rosidl_typesupport_fastrtps_c;rosidl_typesupport_introspection_c
[4.481s] -- Using all available rosidl_typesupport_cpp: rosidl_typesupport_fastrtps_cpp;rosidl_typesupport_introspection_cpp
[4.597s] -- Found python_cmake_module: 0.10.0 (/opt/ros/humble/share/python_cmake_module/cmake)
[4.716s] -- Using PYTHON_EXECUTABLE: /usr/bin/python3
[4.716s] -- Using PYTHON_INCLUDE_DIRS: /usr/include/python3.10
[4.717s] -- Using PYTHON_LIBRARIES: /usr/lib/aarch64-linux-gnu/libpython3.10.so
[4.805s] -- Added test 'lint_cmake' to check CMake code style
[4.819s] -- Added test 'xmllint' to check XML markup files
[4.870s] -- Configuring done
[5.184s] -- Generating done
[5.239s] -- Build files have been written to: /home/mohammed/SmartCar/ros2_ws/build/octopus_interfaces
[5.375s] [  2%] [34m[1mGenerating C code for ROS interfaces[0m
[5.440s] [  5%] [34m[1mGenerating C++ code for ROS interfaces[0m
[5.532s] [  5%] Built target ament_cmake_python_copy_octopus_interfaces
[7.346s] running egg_info
[7.351s] writing octopus_interfaces.egg-info/PKG-INFO
[7.353s] writing dependency_links to octopus_interfaces.egg-info/dependency_links.txt
[7.354s] writing top-level names to octopus_interfaces.egg-info/top_level.txt
[7.367s] reading manifest file 'octopus_interfaces.egg-info/SOURCES.txt'
[7.377s] writing manifest file 'octopus_interfaces.egg-info/SOURCES.txt'
[7.461s] [  5%] Built target octopus_interfaces__cpp
[7.543s] [35m[1mConsolidate compiler generated dependencies of target octopus_interfaces__rosidl_generator_c[0m
[7.591s] [  7%] [34m[1mGenerating C++ type support for eProsima Fast-RTPS[0m
[7.620s] [ 10%] [34m[1mGenerating C++ type support dispatch for ROS interfaces[0m
[7.662s] [ 12%] [32mBuilding C object CMakeFiles/octopus_interfaces__rosidl_generator_c.dir/rosidl_generator_c/octopus_interfaces/msg/detail/sensor_index__functions.c.o[0m
[7.677s] [ 12%] Built target ament_cmake_python_build_octopus_interfaces_egg
[7.754s] [ 15%] [32mBuilding C object CMakeFiles/octopus_interfaces__rosidl_generator_c.dir/rosidl_generator_c/octopus_interfaces/msg/detail/object_distance__functions.c.o[0m
[8.610s] [ 17%] [32m[1mLinking C shared library liboctopus_interfaces__rosidl_generator_c.so[0m
[8.631s] [ 20%] [34m[1mGenerating C++ introspection for ROS interfaces[0m
[8.939s] [ 20%] Built target octopus_interfaces__rosidl_generator_c
[8.958s] [35m[1mConsolidate compiler generated dependencies of target octopus_interfaces__rosidl_typesupport_cpp[0m
[9.047s] [ 23%] [34m[1mGenerating C type support for eProsima Fast-RTPS[0m
[9.081s] [ 25%] [32mBuilding CXX object CMakeFiles/octopus_interfaces__rosidl_typesupport_cpp.dir/rosidl_typesupport_cpp/octopus_interfaces/msg/sensor_index__type_support.cpp.o[0m
[9.271s] [35m[1mConsolidate compiler generated dependencies of target octopus_interfaces__rosidl_typesupport_fastrtps_cpp[0m
[9.435s] [ 28%] [32mBuilding CXX object CMakeFiles/octopus_interfaces__rosidl_typesupport_fastrtps_cpp.dir/rosidl_typesupport_fastrtps_cpp/octopus_interfaces/msg/detail/dds_fastrtps/sensor_index__type_support.cpp.o[0m
[10.445s] [35m[1mConsolidate compiler generated dependencies of target octopus_interfaces__rosidl_typesupport_introspection_cpp[0m
[10.534s] [ 30%] [32mBuilding CXX object CMakeFiles/octopus_interfaces__rosidl_typesupport_introspection_cpp.dir/rosidl_typesupport_introspection_cpp/octopus_interfaces/msg/detail/sensor_index__type_support.cpp.o[0m
[10.640s] [35m[1mConsolidate compiler generated dependencies of target octopus_interfaces__rosidl_typesupport_fastrtps_c[0m
[10.795s] [ 33%] [32mBuilding CXX object CMakeFiles/octopus_interfaces__rosidl_typesupport_fastrtps_c.dir/rosidl_typesupport_fastrtps_c/octopus_interfaces/msg/detail/sensor_index__type_support_c.cpp.o[0m
[11.991s] [ 35%] [32mBuilding CXX object CMakeFiles/octopus_interfaces__rosidl_typesupport_cpp.dir/rosidl_typesupport_cpp/octopus_interfaces/msg/object_distance__type_support.cpp.o[0m
[13.009s] [ 38%] [32mBuilding CXX object CMakeFiles/octopus_interfaces__rosidl_typesupport_fastrtps_cpp.dir/rosidl_typesupport_fastrtps_cpp/octopus_interfaces/msg/detail/dds_fastrtps/object_distance__type_support.cpp.o[0m
[13.077s] [ 41%] [32mBuilding CXX object CMakeFiles/octopus_interfaces__rosidl_typesupport_introspection_cpp.dir/rosidl_typesupport_introspection_cpp/octopus_interfaces/msg/detail/object_distance__type_support.cpp.o[0m
[13.303s] [ 43%] [32mBuilding CXX object CMakeFiles/octopus_interfaces__rosidl_typesupport_fastrtps_c.dir/rosidl_typesupport_fastrtps_c/octopus_interfaces/msg/detail/object_distance__type_support_c.cpp.o[0m
[14.099s] [ 46%] [32m[1mLinking CXX shared library liboctopus_interfaces__rosidl_typesupport_cpp.so[0m
[14.410s] [ 46%] Built target octopus_interfaces__rosidl_typesupport_cpp
[14.476s] [ 48%] [34m[1mGenerating C introspection for ROS interfaces[0m
[15.607s] [ 51%] [32m[1mLinking CXX shared library liboctopus_interfaces__rosidl_typesupport_introspection_cpp.so[0m
[15.833s] [ 53%] [32m[1mLinking CXX shared library liboctopus_interfaces__rosidl_typesupport_fastrtps_c.so[0m
[15.975s] [ 53%] Built target octopus_interfaces__rosidl_typesupport_introspection_cpp
[16.042s] [ 56%] [34m[1mGenerating C type support dispatch for ROS interfaces[0m
[16.273s] [ 58%] [32m[1mLinking CXX shared library liboctopus_interfaces__rosidl_typesupport_fastrtps_cpp.so[0m
[16.338s] [ 58%] Built target octopus_interfaces__rosidl_typesupport_fastrtps_c
[16.430s] [35m[1mConsolidate compiler generated dependencies of target octopus_interfaces__rosidl_typesupport_introspection_c[0m
[16.522s] [ 61%] [32mBuilding C object CMakeFiles/octopus_interfaces__rosidl_typesupport_introspection_c.dir/rosidl_typesupport_introspection_c/octopus_interfaces/msg/detail/sensor_index__type_support.c.o[0m
[16.526s] [ 64%] [32mBuilding C object CMakeFiles/octopus_interfaces__rosidl_typesupport_introspection_c.dir/rosidl_typesupport_introspection_c/octopus_interfaces/msg/detail/object_distance__type_support.c.o[0m
[16.722s] [ 64%] Built target octopus_interfaces__rosidl_typesupport_fastrtps_cpp
[16.811s] [ 66%] [32m[1mLinking C shared library liboctopus_interfaces__rosidl_typesupport_introspection_c.so[0m
[16.952s] [ 66%] Built target octopus_interfaces__rosidl_typesupport_introspection_c
[17.390s] [35m[1mConsolidate compiler generated dependencies of target octopus_interfaces__rosidl_typesupport_c[0m
[17.444s] [ 69%] [32mBuilding CXX object CMakeFiles/octopus_interfaces__rosidl_typesupport_c.dir/rosidl_typesupport_c/octopus_interfaces/msg/sensor_index__type_support.cpp.o[0m
[17.447s] [ 71%] [32mBuilding CXX object CMakeFiles/octopus_interfaces__rosidl_typesupport_c.dir/rosidl_typesupport_c/octopus_interfaces/msg/object_distance__type_support.cpp.o[0m
[17.612s] [ 74%] [32m[1mLinking CXX shared library liboctopus_interfaces__rosidl_typesupport_c.so[0m
[17.789s] [ 74%] Built target octopus_interfaces__rosidl_typesupport_c
[17.884s] [ 74%] Built target octopus_interfaces
[17.983s] [ 76%] [34m[1mGenerating Python code for ROS interfaces[0m
[19.605s] [ 76%] Built target octopus_interfaces__py
[19.657s] [35m[1mConsolidate compiler generated dependencies of target octopus_interfaces__rosidl_generator_py[0m
[19.771s] [ 79%] [32mBuilding C object CMakeFiles/octopus_interfaces__rosidl_generator_py.dir/rosidl_generator_py/octopus_interfaces/msg/_sensor_index_s.c.o[0m
[19.772s] [ 82%] [32mBuilding C object CMakeFiles/octopus_interfaces__rosidl_generator_py.dir/rosidl_generator_py/octopus_interfaces/msg/_object_distance_s.c.o[0m
[20.416s] [ 84%] [32m[1mLinking C shared library rosidl_generator_py/octopus_interfaces/liboctopus_interfaces__rosidl_generator_py.so[0m
[20.614s] [ 84%] Built target octopus_interfaces__rosidl_generator_py
[20.675s] [35m[1mConsolidate compiler generated dependencies of target octopus_interfaces__rosidl_typesupport_fastrtps_c__pyext[0m
[20.676s] [35m[1mConsolidate compiler generated dependencies of target octopus_interfaces__rosidl_typesupport_c__pyext[0m
[20.676s] [35m[1mConsolidate compiler generated dependencies of target octopus_interfaces__rosidl_typesupport_introspection_c__pyext[0m
[20.736s] [ 89%] [32mBuilding C object CMakeFiles/octopus_interfaces__rosidl_typesupport_fastrtps_c__pyext.dir/rosidl_generator_py/octopus_interfaces/_octopus_interfaces_s.ep.rosidl_typesupport_fastrtps_c.c.o[0m
[20.737s] [ 89%] [32mBuilding C object CMakeFiles/octopus_interfaces__rosidl_typesupport_c__pyext.dir/rosidl_generator_py/octopus_interfaces/_octopus_interfaces_s.ep.rosidl_typesupport_c.c.o[0m
[20.752s] [ 92%] [32mBuilding C object CMakeFiles/octopus_interfaces__rosidl_typesupport_introspection_c__pyext.dir/rosidl_generator_py/octopus_interfaces/_octopus_interfaces_s.ep.rosidl_typesupport_introspection_c.c.o[0m
[21.288s] [ 94%] [32m[1mLinking C shared library rosidl_generator_py/octopus_interfaces/octopus_interfaces_s__rosidl_typesupport_c.cpython-310-aarch64-linux-gnu.so[0m
[21.320s] [ 97%] [32m[1mLinking C shared library rosidl_generator_py/octopus_interfaces/octopus_interfaces_s__rosidl_typesupport_introspection_c.cpython-310-aarch64-linux-gnu.so[0m
[21.326s] [100%] [32m[1mLinking C shared library rosidl_generator_py/octopus_interfaces/octopus_interfaces_s__rosidl_typesupport_fastrtps_c.cpython-310-aarch64-linux-gnu.so[0m
[21.488s] [100%] Built target octopus_interfaces__rosidl_typesupport_c__pyext
[21.521s] [100%] Built target octopus_interfaces__rosidl_typesupport_introspection_c__pyext
[21.531s] [100%] Built target octopus_interfaces__rosidl_typesupport_fastrtps_c__pyext
[21.580s] Invoked command in '/home/mohammed/SmartCar/ros2_ws/build/octopus_interfaces' returned '0': CMAKE_PREFIX_PATH=${CMAKE_PREFIX_PATH}:/home/mohammed/SmartCar/ros2_ws/install/SmartCar_pkg:/opt/ros/humble /usr/bin/cmake --build /home/mohammed/SmartCar/ros2_ws/build/octopus_interfaces -- -j4 -l4
[21.631s] Invoking command in '/home/mohammed/SmartCar/ros2_ws/build/octopus_interfaces': CMAKE_PREFIX_PATH=${CMAKE_PREFIX_PATH}:/home/mohammed/SmartCar/ros2_ws/install/SmartCar_pkg:/opt/ros/humble /usr/bin/cmake --install /home/mohammed/SmartCar/ros2_ws/build/octopus_interfaces
[21.667s] -- Install configuration: ""
[21.668s] -- Installing: /home/mohammed/SmartCar/ros2_ws/install/octopus_interfaces/share/ament_index/resource_index/rosidl_interfaces/octopus_interfaces
[21.670s] -- Up-to-date: /home/mohammed/SmartCar/ros2_ws/install/octopus_interfaces/include/octopus_interfaces/octopus_interfaces
[21.671s] -- Up-to-date: /home/mohammed/SmartCar/ros2_ws/install/octopus_interfaces/include/octopus_interfaces/octopus_interfaces/msg
[21.671s] -- Installing: /home/mohammed/SmartCar/ros2_ws/install/octopus_interfaces/include/octopus_interfaces/octopus_interfaces/msg/object_distance.h
[21.672s] -- Up-to-date: /home/mohammed/SmartCar/ros2_ws/install/octopus_interfaces/include/octopus_interfaces/octopus_interfaces/msg/rosidl_generator_c__visibility_control.h
[21.673s] -- Installing: /home/mohammed/SmartCar/ros2_ws/install/octopus_interfaces/include/octopus_interfaces/octopus_interfaces/msg/sensor_index.h
[21.674s] -- Up-to-date: /home/mohammed/SmartCar/ros2_ws/install/octopus_interfaces/include/octopus_interfaces/octopus_interfaces/msg/detail
[21.675s] -- Installing: /home/mohammed/SmartCar/ros2_ws/install/octopus_interfaces/include/octopus_interfaces/octopus_interfaces/msg/detail/object_distance__struct.h
[21.676s] -- Installing: /home/mohammed/SmartCar/ros2_ws/install/octopus_interfaces/include/octopus_interfaces/octopus_interfaces/msg/detail/sensor_index__functions.h
[21.678s] -- Installing: /home/mohammed/SmartCar/ros2_ws/install/octopus_interfaces/include/octopus_interfaces/octopus_interfaces/msg/detail/object_distance__functions.h
[21.680s] -- Installing: /home/mohammed/SmartCar/ros2_ws/install/octopus_interfaces/include/octopus_interfaces/octopus_interfaces/msg/detail/sensor_index__functions.c
[21.681s] -- Installing: /home/mohammed/SmartCar/ros2_ws/install/octopus_interfaces/include/octopus_interfaces/octopus_interfaces/msg/detail/object_distance__functions.c
[21.684s] -- Installing: /home/mohammed/SmartCar/ros2_ws/install/octopus_interfaces/include/octopus_interfaces/octopus_interfaces/msg/detail/sensor_index__type_support.h
[21.686s] -- Installing: /home/mohammed/SmartCar/ros2_ws/install/octopus_interfaces/include/octopus_interfaces/octopus_interfaces/msg/detail/object_distance__type_support.h
[21.687s] -- Installing: /home/mohammed/SmartCar/ros2_ws/install/octopus_interfaces/include/octopus_interfaces/octopus_interfaces/msg/detail/sensor_index__struct.h
[21.689s] -- Up-to-date: /home/mohammed/SmartCar/ros2_ws/install/octopus_interfaces/share/octopus_interfaces/environment/library_path.sh
[21.690s] -- Installing: /home/mohammed/SmartCar/ros2_ws/install/octopus_interfaces/share/octopus_interfaces/environment/library_path.dsv
[21.692s] -- Installing: /home/mohammed/SmartCar/ros2_ws/install/octopus_interfaces/lib/liboctopus_interfaces__rosidl_generator_c.so
[21.698s] -- Set runtime path of "/home/mohammed/SmartCar/ros2_ws/install/octopus_interfaces/lib/liboctopus_interfaces__rosidl_generator_c.so" to ""
[21.699s] -- Up-to-date: /home/mohammed/SmartCar/ros2_ws/install/octopus_interfaces/include/octopus_interfaces/octopus_interfaces
[21.701s] -- Up-to-date: /home/mohammed/SmartCar/ros2_ws/install/octopus_interfaces/include/octopus_interfaces/octopus_interfaces/msg
[21.703s] -- Up-to-date: /home/mohammed/SmartCar/ros2_ws/install/octopus_interfaces/include/octopus_interfaces/octopus_interfaces/msg/detail
[21.704s] -- Installing: /home/mohammed/SmartCar/ros2_ws/install/octopus_interfaces/include/octopus_interfaces/octopus_interfaces/msg/detail/sensor_index__rosidl_typesupport_fastrtps_c.h
[21.705s] -- Installing: /home/mohammed/SmartCar/ros2_ws/install/octopus_interfaces/include/octopus_interfaces/octopus_interfaces/msg/detail/object_distance__rosidl_typesupport_fastrtps_c.h
[21.706s] -- Up-to-date: /home/mohammed/SmartCar/ros2_ws/install/octopus_interfaces/include/octopus_interfaces/octopus_interfaces/msg/rosidl_typesupport_fastrtps_c__visibility_control.h
[21.707s] -- Installing: /home/mohammed/SmartCar/ros2_ws/install/octopus_interfaces/lib/liboctopus_interfaces__rosidl_typesupport_fastrtps_c.so
[21.711s] -- Set runtime path of "/home/mohammed/SmartCar/ros2_ws/install/octopus_interfaces/lib/liboctopus_interfaces__rosidl_typesupport_fastrtps_c.so" to ""
[21.713s] -- Up-to-date: /home/mohammed/SmartCar/ros2_ws/install/octopus_interfaces/include/octopus_interfaces/octopus_interfaces
[21.714s] -- Up-to-date: /home/mohammed/SmartCar/ros2_ws/install/octopus_interfaces/include/octopus_interfaces/octopus_interfaces/msg
[21.716s] -- Up-to-date: /home/mohammed/SmartCar/ros2_ws/install/octopus_interfaces/include/octopus_interfaces/octopus_interfaces/msg/detail
[21.717s] -- Installing: /home/mohammed/SmartCar/ros2_ws/install/octopus_interfaces/include/octopus_interfaces/octopus_interfaces/msg/detail/sensor_index__rosidl_typesupport_introspection_c.h
[21.718s] -- Installing: /home/mohammed/SmartCar/ros2_ws/install/octopus_interfaces/include/octopus_interfaces/octopus_interfaces/msg/detail/object_distance__rosidl_typesupport_introspection_c.h
[21.719s] -- Installing: /home/mohammed/SmartCar/ros2_ws/install/octopus_interfaces/include/octopus_interfaces/octopus_interfaces/msg/detail/sensor_index__type_support.c
[21.720s] -- Installing: /home/mohammed/SmartCar/ros2_ws/install/octopus_interfaces/include/octopus_interfaces/octopus_interfaces/msg/detail/object_distance__type_support.c
[21.721s] -- Up-to-date: /home/mohammed/SmartCar/ros2_ws/install/octopus_interfaces/include/octopus_interfaces/octopus_interfaces/msg/rosidl_typesupport_introspection_c__visibility_control.h
[21.722s] -- Installing: /home/mohammed/SmartCar/ros2_ws/install/octopus_interfaces/lib/liboctopus_interfaces__rosidl_typesupport_introspection_c.so
[21.732s] -- Set runtime path of "/home/mohammed/SmartCar/ros2_ws/install/octopus_interfaces/lib/liboctopus_interfaces__rosidl_typesupport_introspection_c.so" to ""
[21.733s] -- Installing: /home/mohammed/SmartCar/ros2_ws/install/octopus_interfaces/lib/liboctopus_interfaces__rosidl_typesupport_c.so
[21.734s] -- Set runtime path of "/home/mohammed/SmartCar/ros2_ws/install/octopus_interfaces/lib/liboctopus_interfaces__rosidl_typesupport_c.so" to ""
[21.734s] -- Up-to-date: /home/mohammed/SmartCar/ros2_ws/install/octopus_interfaces/include/octopus_interfaces/octopus_interfaces
[21.735s] -- Up-to-date: /home/mohammed/SmartCar/ros2_ws/install/octopus_interfaces/include/octopus_interfaces/octopus_interfaces/msg
[21.736s] -- Up-to-date: /home/mohammed/SmartCar/ros2_ws/install/octopus_interfaces/include/octopus_interfaces/octopus_interfaces/msg/rosidl_generator_cpp__visibility_control.hpp
[21.736s] -- Installing: /home/mohammed/SmartCar/ros2_ws/install/octopus_interfaces/include/octopus_interfaces/octopus_interfaces/msg/sensor_index.hpp
[21.737s] -- Up-to-date: /home/mohammed/SmartCar/ros2_ws/install/octopus_interfaces/include/octopus_interfaces/octopus_interfaces/msg/detail
[21.738s] -- Installing: /home/mohammed/SmartCar/ros2_ws/install/octopus_interfaces/include/octopus_interfaces/octopus_interfaces/msg/detail/object_distance__traits.hpp
[21.738s] -- Installing: /home/mohammed/SmartCar/ros2_ws/install/octopus_interfaces/include/octopus_interfaces/octopus_interfaces/msg/detail/object_distance__type_support.hpp
[21.744s] -- Installing: /home/mohammed/SmartCar/ros2_ws/install/octopus_interfaces/include/octopus_interfaces/octopus_interfaces/msg/detail/sensor_index__struct.hpp
[21.746s] -- Installing: /home/mohammed/SmartCar/ros2_ws/install/octopus_interfaces/include/octopus_interfaces/octopus_interfaces/msg/detail/sensor_index__builder.hpp
[21.746s] -- Installing: /home/mohammed/SmartCar/ros2_ws/install/octopus_interfaces/include/octopus_interfaces/octopus_interfaces/msg/detail/object_distance__struct.hpp
[21.747s] -- Installing: /home/mohammed/SmartCar/ros2_ws/install/octopus_interfaces/include/octopus_interfaces/octopus_interfaces/msg/detail/object_distance__builder.hpp
[21.748s] -- Installing: /home/mohammed/SmartCar/ros2_ws/install/octopus_interfaces/include/octopus_interfaces/octopus_interfaces/msg/detail/sensor_index__type_support.hpp
[21.748s] -- Installing: /home/mohammed/SmartCar/ros2_ws/install/octopus_interfaces/include/octopus_interfaces/octopus_interfaces/msg/detail/sensor_index__traits.hpp
[21.749s] -- Installing: /home/mohammed/SmartCar/ros2_ws/install/octopus_interfaces/include/octopus_interfaces/octopus_interfaces/msg/object_distance.hpp
[21.753s] -- Up-to-date: /home/mohammed/SmartCar/ros2_ws/install/octopus_interfaces/include/octopus_interfaces/octopus_interfaces
[21.754s] -- Up-to-date: /home/mohammed/SmartCar/ros2_ws/install/octopus_interfaces/include/octopus_interfaces/octopus_interfaces/msg
[21.757s] -- Up-to-date: /home/mohammed/SmartCar/ros2_ws/install/octopus_interfaces/include/octopus_interfaces/octopus_interfaces/msg/rosidl_typesupport_fastrtps_cpp__visibility_control.h
[21.758s] -- Up-to-date: /home/mohammed/SmartCar/ros2_ws/install/octopus_interfaces/include/octopus_interfaces/octopus_interfaces/msg/detail
[21.759s] -- Installing: /home/mohammed/SmartCar/ros2_ws/install/octopus_interfaces/include/octopus_interfaces/octopus_interfaces/msg/detail/object_distance__rosidl_typesupport_fastrtps_cpp.hpp
[21.765s] -- Installing: /home/mohammed/SmartCar/ros2_ws/install/octopus_interfaces/include/octopus_interfaces/octopus_interfaces/msg/detail/sensor_index__rosidl_typesupport_fastrtps_cpp.hpp
[21.766s] -- Up-to-date: /home/mohammed/SmartCar/ros2_ws/install/octopus_interfaces/include/octopus_interfaces/octopus_interfaces/msg/detail/dds_fastrtps
[21.770s] -- Installing: /home/mohammed/SmartCar/ros2_ws/install/octopus_interfaces/lib/liboctopus_interfaces__rosidl_typesupport_fastrtps_cpp.so
[21.772s] -- Set runtime path of "/home/mohammed/SmartCar/ros2_ws/install/octopus_interfaces/lib/liboctopus_interfaces__rosidl_typesupport_fastrtps_cpp.so" to ""
[21.772s] -- Up-to-date: /home/mohammed/SmartCar/ros2_ws/install/octopus_interfaces/include/octopus_interfaces/octopus_interfaces
[21.773s] -- Up-to-date: /home/mohammed/SmartCar/ros2_ws/install/octopus_interfaces/include/octopus_interfaces/octopus_interfaces/msg
[21.773s] -- Up-to-date: /home/mohammed/SmartCar/ros2_ws/install/octopus_interfaces/include/octopus_interfaces/octopus_interfaces/msg/detail
[21.774s] -- Installing: /home/mohammed/SmartCar/ros2_ws/install/octopus_interfaces/include/octopus_interfaces/octopus_interfaces/msg/detail/sensor_index__rosidl_typesupport_introspection_cpp.hpp
[21.775s] -- Installing: /home/mohammed/SmartCar/ros2_ws/install/octopus_interfaces/include/octopus_interfaces/octopus_interfaces/msg/detail/object_distance__type_support.cpp
[21.777s] -- Installing: /home/mohammed/SmartCar/ros2_ws/install/octopus_interfaces/include/octopus_interfaces/octopus_interfaces/msg/detail/sensor_index__type_support.cpp
[21.778s] -- Installing: /home/mohammed/SmartCar/ros2_ws/install/octopus_interfaces/include/octopus_interfaces/octopus_interfaces/msg/detail/object_distance__rosidl_typesupport_introspection_cpp.hpp
[21.778s] -- Installing: /home/mohammed/SmartCar/ros2_ws/install/octopus_interfaces/lib/liboctopus_interfaces__rosidl_typesupport_introspection_cpp.so
[21.785s] -- Set runtime path of "/home/mohammed/SmartCar/ros2_ws/install/octopus_interfaces/lib/liboctopus_interfaces__rosidl_typesupport_introspection_cpp.so" to ""
[21.787s] -- Installing: /home/mohammed/SmartCar/ros2_ws/install/octopus_interfaces/lib/liboctopus_interfaces__rosidl_typesupport_cpp.so
[21.788s] -- Set runtime path of "/home/mohammed/SmartCar/ros2_ws/install/octopus_interfaces/lib/liboctopus_interfaces__rosidl_typesupport_cpp.so" to ""
[21.789s] -- Up-to-date: /home/mohammed/SmartCar/ros2_ws/install/octopus_interfaces/share/octopus_interfaces/environment/pythonpath.sh
[21.790s] -- Installing: /home/mohammed/SmartCar/ros2_ws/install/octopus_interfaces/share/octopus_interfaces/environment/pythonpath.dsv
[21.792s] -- Up-to-date: /home/mohammed/SmartCar/ros2_ws/install/octopus_interfaces/local/lib/python3.10/dist-packages/octopus_interfaces-0.0.0-py3.10.egg-info
[21.792s] -- Installing: /home/mohammed/SmartCar/ros2_ws/install/octopus_interfaces/local/lib/python3.10/dist-packages/octopus_interfaces-0.0.0-py3.10.egg-info/PKG-INFO
[21.800s] -- Installing: /home/mohammed/SmartCar/ros2_ws/install/octopus_interfaces/local/lib/python3.10/dist-packages/octopus_interfaces-0.0.0-py3.10.egg-info/top_level.txt
[21.801s] -- Installing: /home/mohammed/SmartCar/ros2_ws/install/octopus_interfaces/local/lib/python3.10/dist-packages/octopus_interfaces-0.0.0-py3.10.egg-info/dependency_links.txt
[21.802s] -- Installing: /home/mohammed/SmartCar/ros2_ws/install/octopus_interfaces/local/lib/python3.10/dist-packages/octopus_interfaces-0.0.0-py3.10.egg-info/SOURCES.txt
[21.804s] -- Up-to-date: /home/mohammed/SmartCar/ros2_ws/install/octopus_interfaces/local/lib/python3.10/dist-packages/octopus_interfaces
[21.809s] -- Up-to-date: /home/mohammed/SmartCar/ros2_ws/install/octopus_interfaces/local/lib/python3.10/dist-packages/octopus_interfaces/msg
[21.810s] -- Installing: /home/mohammed/SmartCar/ros2_ws/install/octopus_interfaces/local/lib/python3.10/dist-packages/octopus_interfaces/msg/_object_distance.py
[21.811s] -- Installing: /home/mohammed/SmartCar/ros2_ws/install/octopus_interfaces/local/lib/python3.10/dist-packages/octopus_interfaces/msg/_sensor_index_s.c
[21.817s] -- Installing: /home/mohammed/SmartCar/ros2_ws/install/octopus_interfaces/local/lib/python3.10/dist-packages/octopus_interfaces/msg/__init__.py
[21.818s] -- Installing: /home/mohammed/SmartCar/ros2_ws/install/octopus_interfaces/local/lib/python3.10/dist-packages/octopus_interfaces/msg/_sensor_index.py
[21.819s] -- Installing: /home/mohammed/SmartCar/ros2_ws/install/octopus_interfaces/local/lib/python3.10/dist-packages/octopus_interfaces/msg/_object_distance_s.c
[21.821s] -- Installing: /home/mohammed/SmartCar/ros2_ws/install/octopus_interfaces/local/lib/python3.10/dist-packages/octopus_interfaces/liboctopus_interfaces__rosidl_generator_py.so
[21.823s] -- Installing: /home/mohammed/SmartCar/ros2_ws/install/octopus_interfaces/local/lib/python3.10/dist-packages/octopus_interfaces/_octopus_interfaces_s.ep.rosidl_typesupport_introspection_c.c
[21.825s] -- Installing: /home/mohammed/SmartCar/ros2_ws/install/octopus_interfaces/local/lib/python3.10/dist-packages/octopus_interfaces/octopus_interfaces_s__rosidl_typesupport_fastrtps_c.cpython-310-aarch64-linux-gnu.so
[21.827s] -- Installing: /home/mohammed/SmartCar/ros2_ws/install/octopus_interfaces/local/lib/python3.10/dist-packages/octopus_interfaces/__init__.py
[21.828s] -- Installing: /home/mohammed/SmartCar/ros2_ws/install/octopus_interfaces/local/lib/python3.10/dist-packages/octopus_interfaces/octopus_interfaces_s__rosidl_typesupport_introspection_c.cpython-310-aarch64-linux-gnu.so
[21.830s] -- Installing: /home/mohammed/SmartCar/ros2_ws/install/octopus_interfaces/local/lib/python3.10/dist-packages/octopus_interfaces/_octopus_interfaces_s.ep.rosidl_typesupport_c.c
[21.832s] -- Installing: /home/mohammed/SmartCar/ros2_ws/install/octopus_interfaces/local/lib/python3.10/dist-packages/octopus_interfaces/_octopus_interfaces_s.ep.rosidl_typesupport_fastrtps_c.c
[21.836s] -- Installing: /home/mohammed/SmartCar/ros2_ws/install/octopus_interfaces/local/lib/python3.10/dist-packages/octopus_interfaces/octopus_interfaces_s__rosidl_typesupport_c.cpython-310-aarch64-linux-gnu.so
[22.062s] Listing '/home/mohammed/SmartCar/ros2_ws/install/octopus_interfaces/local/lib/python3.10/dist-packages/octopus_interfaces'...
[22.064s] Compiling '/home/mohammed/SmartCar/ros2_ws/install/octopus_interfaces/local/lib/python3.10/dist-packages/octopus_interfaces/__init__.py'...
[22.065s] Listing '/home/mohammed/SmartCar/ros2_ws/install/octopus_interfaces/local/lib/python3.10/dist-packages/octopus_interfaces/msg'...
[22.067s] Compiling '/home/mohammed/SmartCar/ros2_ws/install/octopus_interfaces/local/lib/python3.10/dist-packages/octopus_interfaces/msg/__init__.py'...
[22.072s] Compiling '/home/mohammed/SmartCar/ros2_ws/install/octopus_interfaces/local/lib/python3.10/dist-packages/octopus_interfaces/msg/_object_distance.py'...
[22.074s] Compiling '/home/mohammed/SmartCar/ros2_ws/install/octopus_interfaces/local/lib/python3.10/dist-packages/octopus_interfaces/msg/_sensor_index.py'...
[22.102s] -- Installing: /home/mohammed/SmartCar/ros2_ws/install/octopus_interfaces/local/lib/python3.10/dist-packages/octopus_interfaces/octopus_interfaces_s__rosidl_typesupport_fastrtps_c.cpython-310-aarch64-linux-gnu.so
[22.105s] -- Set runtime path of "/home/mohammed/SmartCar/ros2_ws/install/octopus_interfaces/local/lib/python3.10/dist-packages/octopus_interfaces/octopus_interfaces_s__rosidl_typesupport_fastrtps_c.cpython-310-aarch64-linux-gnu.so" to ""
[22.108s] -- Installing: /home/mohammed/SmartCar/ros2_ws/install/octopus_interfaces/local/lib/python3.10/dist-packages/octopus_interfaces/octopus_interfaces_s__rosidl_typesupport_introspection_c.cpython-310-aarch64-linux-gnu.so
[22.111s] -- Set runtime path of "/home/mohammed/SmartCar/ros2_ws/install/octopus_interfaces/local/lib/python3.10/dist-packages/octopus_interfaces/octopus_interfaces_s__rosidl_typesupport_introspection_c.cpython-310-aarch64-linux-gnu.so" to ""
[22.122s] -- Installing: /home/mohammed/SmartCar/ros2_ws/install/octopus_interfaces/local/lib/python3.10/dist-packages/octopus_interfaces/octopus_interfaces_s__rosidl_typesupport_c.cpython-310-aarch64-linux-gnu.so
[22.128s] -- Set runtime path of "/home/mohammed/SmartCar/ros2_ws/install/octopus_interfaces/local/lib/python3.10/dist-packages/octopus_interfaces/octopus_interfaces_s__rosidl_typesupport_c.cpython-310-aarch64-linux-gnu.so" to ""
[22.129s] -- Installing: /home/mohammed/SmartCar/ros2_ws/install/octopus_interfaces/lib/liboctopus_interfaces__rosidl_generator_py.so
[22.132s] -- Set runtime path of "/home/mohammed/SmartCar/ros2_ws/install/octopus_interfaces/lib/liboctopus_interfaces__rosidl_generator_py.so" to ""
[22.133s] -- Up-to-date: /home/mohammed/SmartCar/ros2_ws/install/octopus_interfaces/share/octopus_interfaces/msg/SensorIndex.idl
[22.134s] -- Installing: /home/mohammed/SmartCar/ros2_ws/install/octopus_interfaces/share/octopus_interfaces/msg/ObjectDistance.idl
[22.135s] -- Up-to-date: /home/mohammed/SmartCar/ros2_ws/install/octopus_interfaces/share/octopus_interfaces/msg/SensorIndex.msg
[22.140s] -- Installing: /home/mohammed/SmartCar/ros2_ws/install/octopus_interfaces/share/octopus_interfaces/msg/ObjectDistance.msg
[22.140s] -- Up-to-date: /home/mohammed/SmartCar/ros2_ws/install/octopus_interfaces/share/ament_index/resource_index/package_run_dependencies/octopus_interfaces
[22.142s] -- Installing: /home/mohammed/SmartCar/ros2_ws/install/octopus_interfaces/share/ament_index/resource_index/parent_prefix_path/octopus_interfaces
[22.146s] -- Up-to-date: /home/mohammed/SmartCar/ros2_ws/install/octopus_interfaces/share/octopus_interfaces/environment/ament_prefix_path.sh
[22.146s] -- Installing: /home/mohammed/SmartCar/ros2_ws/install/octopus_interfaces/share/octopus_interfaces/environment/ament_prefix_path.dsv
[22.148s] -- Up-to-date: /home/mohammed/SmartCar/ros2_ws/install/octopus_interfaces/share/octopus_interfaces/environment/path.sh
[22.149s] -- Installing: /home/mohammed/SmartCar/ros2_ws/install/octopus_interfaces/share/octopus_interfaces/environment/path.dsv
[22.150s] -- Up-to-date: /home/mohammed/SmartCar/ros2_ws/install/octopus_interfaces/share/octopus_interfaces/local_setup.bash
[22.151s] -- Up-to-date: /home/mohammed/SmartCar/ros2_ws/install/octopus_interfaces/share/octopus_interfaces/local_setup.sh
[22.152s] -- Up-to-date: /home/mohammed/SmartCar/ros2_ws/install/octopus_interfaces/share/octopus_interfaces/local_setup.zsh
[22.152s] -- Installing: /home/mohammed/SmartCar/ros2_ws/install/octopus_interfaces/share/octopus_interfaces/local_setup.dsv
[22.153s] -- Installing: /home/mohammed/SmartCar/ros2_ws/install/octopus_interfaces/share/octopus_interfaces/package.dsv
[22.155s] -- Up-to-date: /home/mohammed/SmartCar/ros2_ws/install/octopus_interfaces/share/ament_index/resource_index/packages/octopus_interfaces
[22.157s] -- Up-to-date: /home/mohammed/SmartCar/ros2_ws/install/octopus_interfaces/share/octopus_interfaces/cmake/export_octopus_interfaces__rosidl_generator_cExport.cmake
[22.157s] -- Up-to-date: /home/mohammed/SmartCar/ros2_ws/install/octopus_interfaces/share/octopus_interfaces/cmake/export_octopus_interfaces__rosidl_generator_cExport-noconfig.cmake
[22.159s] -- Up-to-date: /home/mohammed/SmartCar/ros2_ws/install/octopus_interfaces/share/octopus_interfaces/cmake/export_octopus_interfaces__rosidl_typesupport_fastrtps_cExport.cmake
[22.160s] -- Up-to-date: /home/mohammed/SmartCar/ros2_ws/install/octopus_interfaces/share/octopus_interfaces/cmake/export_octopus_interfaces__rosidl_typesupport_fastrtps_cExport-noconfig.cmake
[22.162s] -- Up-to-date: /home/mohammed/SmartCar/ros2_ws/install/octopus_interfaces/share/octopus_interfaces/cmake/octopus_interfaces__rosidl_typesupport_introspection_cExport.cmake
[22.163s] -- Up-to-date: /home/mohammed/SmartCar/ros2_ws/install/octopus_interfaces/share/octopus_interfaces/cmake/octopus_interfaces__rosidl_typesupport_introspection_cExport-noconfig.cmake
[22.164s] -- Up-to-date: /home/mohammed/SmartCar/ros2_ws/install/octopus_interfaces/share/octopus_interfaces/cmake/octopus_interfaces__rosidl_typesupport_cExport.cmake
[22.165s] -- Up-to-date: /home/mohammed/SmartCar/ros2_ws/install/octopus_interfaces/share/octopus_interfaces/cmake/octopus_interfaces__rosidl_typesupport_cExport-noconfig.cmake
[22.166s] -- Up-to-date: /home/mohammed/SmartCar/ros2_ws/install/octopus_interfaces/share/octopus_interfaces/cmake/export_octopus_interfaces__rosidl_generator_cppExport.cmake
[22.168s] -- Up-to-date: /home/mohammed/SmartCar/ros2_ws/install/octopus_interfaces/share/octopus_interfaces/cmake/export_octopus_interfaces__rosidl_typesupport_fastrtps_cppExport.cmake
[22.169s] -- Up-to-date: /home/mohammed/SmartCar/ros2_ws/install/octopus_interfaces/share/octopus_interfaces/cmake/export_octopus_interfaces__rosidl_typesupport_fastrtps_cppExport-noconfig.cmake
[22.177s] -- Up-to-date: /home/mohammed/SmartCar/ros2_ws/install/octopus_interfaces/share/octopus_interfaces/cmake/octopus_interfaces__rosidl_typesupport_introspection_cppExport.cmake
[22.178s] -- Up-to-date: /home/mohammed/SmartCar/ros2_ws/install/octopus_interfaces/share/octopus_interfaces/cmake/octopus_interfaces__rosidl_typesupport_introspection_cppExport-noconfig.cmake
[22.179s] -- Up-to-date: /home/mohammed/SmartCar/ros2_ws/install/octopus_interfaces/share/octopus_interfaces/cmake/octopus_interfaces__rosidl_typesupport_cppExport.cmake
[22.180s] -- Up-to-date: /home/mohammed/SmartCar/ros2_ws/install/octopus_interfaces/share/octopus_interfaces/cmake/octopus_interfaces__rosidl_typesupport_cppExport-noconfig.cmake
[22.182s] -- Up-to-date: /home/mohammed/SmartCar/ros2_ws/install/octopus_interfaces/share/octopus_interfaces/cmake/export_octopus_interfaces__rosidl_generator_pyExport.cmake
[22.183s] -- Up-to-date: /home/mohammed/SmartCar/ros2_ws/install/octopus_interfaces/share/octopus_interfaces/cmake/export_octopus_interfaces__rosidl_generator_pyExport-noconfig.cmake
[22.184s] -- Installing: /home/mohammed/SmartCar/ros2_ws/install/octopus_interfaces/share/octopus_interfaces/cmake/rosidl_cmake-extras.cmake
[22.186s] -- Up-to-date: /home/mohammed/SmartCar/ros2_ws/install/octopus_interfaces/share/octopus_interfaces/cmake/ament_cmake_export_include_directories-extras.cmake
[22.186s] -- Up-to-date: /home/mohammed/SmartCar/ros2_ws/install/octopus_interfaces/share/octopus_interfaces/cmake/ament_cmake_export_libraries-extras.cmake
[22.188s] -- Up-to-date: /home/mohammed/SmartCar/ros2_ws/install/octopus_interfaces/share/octopus_interfaces/cmake/ament_cmake_export_targets-extras.cmake
[22.188s] -- Up-to-date: /home/mohammed/SmartCar/ros2_ws/install/octopus_interfaces/share/octopus_interfaces/cmake/rosidl_cmake_export_typesupport_targets-extras.cmake
[22.189s] -- Up-to-date: /home/mohammed/SmartCar/ros2_ws/install/octopus_interfaces/share/octopus_interfaces/cmake/ament_cmake_export_dependencies-extras.cmake
[22.190s] -- Up-to-date: /home/mohammed/SmartCar/ros2_ws/install/octopus_interfaces/share/octopus_interfaces/cmake/rosidl_cmake_export_typesupport_libraries-extras.cmake
[22.191s] -- Up-to-date: /home/mohammed/SmartCar/ros2_ws/install/octopus_interfaces/share/octopus_interfaces/cmake/octopus_interfacesConfig.cmake
[22.192s] -- Up-to-date: /home/mohammed/SmartCar/ros2_ws/install/octopus_interfaces/share/octopus_interfaces/cmake/octopus_interfacesConfig-version.cmake
[22.192s] -- Up-to-date: /home/mohammed/SmartCar/ros2_ws/install/octopus_interfaces/share/octopus_interfaces/package.xml
[22.200s] Invoked command in '/home/mohammed/SmartCar/ros2_ws/build/octopus_interfaces' returned '0': CMAKE_PREFIX_PATH=${CMAKE_PREFIX_PATH}:/home/mohammed/SmartCar/ros2_ws/install/SmartCar_pkg:/opt/ros/humble /usr/bin/cmake --install /home/mohammed/SmartCar/ros2_ws/build/octopus_interfaces
