[5.118s] Invoking command in '/home/mohammed/SmartCar/ros2_ws/src/SmartCar_pkg': CMAKE_PREFIX_PATH=/home/mohammed/SmartCar/ros2_ws/install/octopus_interfaces:/home/mohammed/SmartCar/ros2_ws/install/ydlidar_sdk:/home/mohammed/SmartCar/ros2_ws/install/ydlidar_ros2_driver PYTHONPATH=/home/mohammed/SmartCar/ros2_ws/build/SmartCar_pkg/prefix_override:/usr/lib/python3/dist-packages/colcon_core/task/python/colcon_distutils_commands:/home/mohammed/SmartCar/ros2_ws/install/SmartCar_pkg/lib/python3.10/site-packages:${PYTHONPATH} /usr/bin/python3 -W ignore:setup.py install is deprecated -W ignore:easy_install command is deprecated setup.py egg_info --egg-base ../../build/SmartCar_pkg build --build-base /home/mohammed/SmartCar/ros2_ws/build/SmartCar_pkg/build install --record /home/mohammed/SmartCar/ros2_ws/build/SmartCar_pkg/install.log --single-version-externally-managed install_data
[7.205s] running egg_info
[7.211s] writing ../../build/SmartCar_pkg/SmartCar_pkg.egg-info/PKG-INFO
[7.213s] writing dependency_links to ../../build/SmartCar_pkg/SmartCar_pkg.egg-info/dependency_links.txt
[7.214s] writing entry points to ../../build/SmartCar_pkg/SmartCar_pkg.egg-info/entry_points.txt
[7.217s] writing requirements to ../../build/SmartCar_pkg/SmartCar_pkg.egg-info/requires.txt
[7.218s] writing top-level names to ../../build/SmartCar_pkg/SmartCar_pkg.egg-info/top_level.txt
[7.229s] reading manifest file '../../build/SmartCar_pkg/SmartCar_pkg.egg-info/SOURCES.txt'
[7.235s] writing manifest file '../../build/SmartCar_pkg/SmartCar_pkg.egg-info/SOURCES.txt'
[7.238s] running build
[7.245s] running build_py
[7.245s] copying SmartCar_pkg/2_executor.py -> /home/mohammed/SmartCar/ros2_ws/build/SmartCar_pkg/build/lib/SmartCar_pkg
[7.246s] running install
[7.247s] running install_lib
[7.270s] copying /home/mohammed/SmartCar/ros2_ws/build/SmartCar_pkg/build/lib/SmartCar_pkg/2_executor.py -> /home/mohammed/SmartCar/ros2_ws/install/SmartCar_pkg/lib/python3.10/site-packages/SmartCar_pkg
[7.273s] byte-compiling /home/mohammed/SmartCar/ros2_ws/install/SmartCar_pkg/lib/python3.10/site-packages/SmartCar_pkg/2_executor.py to 2_executor.cpython-310.pyc
[7.298s] running install_data
[7.310s] running install_egg_info
[7.312s] removing '/home/mohammed/SmartCar/ros2_ws/install/SmartCar_pkg/lib/python3.10/site-packages/SmartCar_pkg-0.0.0-py3.10.egg-info' (and everything under it)
[7.313s] Copying ../../build/SmartCar_pkg/SmartCar_pkg.egg-info to /home/mohammed/SmartCar/ros2_ws/install/SmartCar_pkg/lib/python3.10/site-packages/SmartCar_pkg-0.0.0-py3.10.egg-info
[7.314s] running install_scripts
[7.408s] Installing GPS_sub_node script to /home/mohammed/SmartCar/ros2_ws/install/SmartCar_pkg/lib/SmartCar_pkg
[7.409s] Installing LIDAR_sub_node script to /home/mohammed/SmartCar/ros2_ws/install/SmartCar_pkg/lib/SmartCar_pkg
[7.411s] Installing MPU_pub_node script to /home/mohammed/SmartCar/ros2_ws/install/SmartCar_pkg/lib/SmartCar_pkg
[7.412s] Installing Pi_Ard_pub_node script to /home/mohammed/SmartCar/ros2_ws/install/SmartCar_pkg/lib/SmartCar_pkg
[7.413s] Installing Pi_Ard_sub_node script to /home/mohammed/SmartCar/ros2_ws/install/SmartCar_pkg/lib/SmartCar_pkg
[7.422s] Installing behavior_node script to /home/mohammed/SmartCar/ros2_ws/install/SmartCar_pkg/lib/SmartCar_pkg
[7.427s] Installing evaluator_node script to /home/mohammed/SmartCar/ros2_ws/install/SmartCar_pkg/lib/SmartCar_pkg
[7.444s] Installing executor_node script to /home/mohammed/SmartCar/ros2_ws/install/SmartCar_pkg/lib/SmartCar_pkg
[7.445s] Installing sensor_processing_node script to /home/mohammed/SmartCar/ros2_ws/install/SmartCar_pkg/lib/SmartCar_pkg
[7.446s] Installing supervisor_node script to /home/mohammed/SmartCar/ros2_ws/install/SmartCar_pkg/lib/SmartCar_pkg
[7.447s] writing list of installed files to '/home/mohammed/SmartCar/ros2_ws/build/SmartCar_pkg/install.log'
[7.626s] Invoked command in '/home/mohammed/SmartCar/ros2_ws/src/SmartCar_pkg' returned '0': CMAKE_PREFIX_PATH=/home/mohammed/SmartCar/ros2_ws/install/octopus_interfaces:/home/mohammed/SmartCar/ros2_ws/install/ydlidar_sdk:/home/mohammed/SmartCar/ros2_ws/install/ydlidar_ros2_driver PYTHONPATH=/home/mohammed/SmartCar/ros2_ws/build/SmartCar_pkg/prefix_override:/usr/lib/python3/dist-packages/colcon_core/task/python/colcon_distutils_commands:/home/mohammed/SmartCar/ros2_ws/install/SmartCar_pkg/lib/python3.10/site-packages:${PYTHONPATH} /usr/bin/python3 -W ignore:setup.py install is deprecated -W ignore:easy_install command is deprecated setup.py egg_info --egg-base ../../build/SmartCar_pkg build --build-base /home/mohammed/SmartCar/ros2_ws/build/SmartCar_pkg/build install --record /home/mohammed/SmartCar/ros2_ws/build/SmartCar_pkg/install.log --single-version-externally-managed install_data
