[0.742s] DEBUG:colcon:Command line arguments: ['/usr/bin/colcon', 'build', '--packages-select', 'SmartCar_pkg']
[0.743s] DEBUG:colcon:Parsed command line arguments: Namespace(log_base=None, log_level=None, verb_name='build', build_base='build', install_base='install', merge_install=False, symlink_install=False, test_result_base=None, continue_on_error=False, executor='parallel', parallel_workers=4, event_handlers=None, ignore_user_meta=False, metas=['./colcon.meta'], base_paths=['.'], packages_ignore=None, packages_ignore_regex=None, paths=None, packages_up_to=None, packages_up_to_regex=None, packages_above=None, packages_above_and_dependencies=None, packages_above_depth=None, packages_select_by_dep=None, packages_skip_by_dep=None, packages_skip_up_to=None, packages_select_build_failed=False, packages_skip_build_finished=False, packages_select_test_failures=False, packages_skip_test_passed=False, packages_select=['SmartCar_pkg'], packages_skip=None, packages_select_regex=None, packages_skip_regex=None, packages_start=None, packages_end=None, allow_overriding=[], cmake_args=None, cmake_target=None, cmake_target_skip_unavailable=False, cmake_clean_cache=False, cmake_clean_first=False, cmake_force_configure=False, ament_cmake_args=None, catkin_cmake_args=None, catkin_skip_building_tests=False, verb_parser=<colcon_defaults.argument_parser.defaults.DefaultArgumentsDecorator object at 0xffffaad67c40>, verb_extension=<colcon_core.verb.build.BuildVerb object at 0xffffaaf45030>, main=<bound method BuildVerb.main of <colcon_core.verb.build.BuildVerb object at 0xffffaaf45030>>)
[2.012s] Level 1:colcon.colcon_core.package_discovery:discover_packages(colcon_meta) check parameters
[2.014s] Level 1:colcon.colcon_core.package_discovery:discover_packages(recursive) check parameters
[2.014s] Level 1:colcon.colcon_core.package_discovery:discover_packages(ignore) check parameters
[2.015s] Level 1:colcon.colcon_core.package_discovery:discover_packages(path) check parameters
[2.015s] Level 1:colcon.colcon_core.package_discovery:discover_packages(colcon_meta) discover
[2.016s] Level 1:colcon.colcon_core.package_discovery:discover_packages(recursive) discover
[2.017s] INFO:colcon.colcon_core.package_discovery:Crawling recursively for packages in '/home/mohammed/SmartCar/ros2_ws'
[2.018s] Level 1:colcon.colcon_core.package_identification:_identify(.) by extensions ['ignore', 'ignore_ament_install']
[2.019s] Level 1:colcon.colcon_core.package_identification:_identify(.) by extension 'ignore'
[2.020s] Level 1:colcon.colcon_core.package_identification:_identify(.) by extension 'ignore_ament_install'
[2.021s] Level 1:colcon.colcon_core.package_identification:_identify(.) by extensions ['colcon_pkg']
[2.021s] Level 1:colcon.colcon_core.package_identification:_identify(.) by extension 'colcon_pkg'
[2.022s] Level 1:colcon.colcon_core.package_identification:_identify(.) by extensions ['colcon_meta']
[2.023s] Level 1:colcon.colcon_core.package_identification:_identify(.) by extension 'colcon_meta'
[2.023s] Level 1:colcon.colcon_core.package_identification:_identify(.) by extensions ['ros']
[2.024s] Level 1:colcon.colcon_core.package_identification:_identify(.) by extension 'ros'
[2.094s] Level 1:colcon.colcon_core.package_identification:_identify(.) by extensions ['cmake', 'python']
[2.094s] Level 1:colcon.colcon_core.package_identification:_identify(.) by extension 'cmake'
[2.095s] Level 1:colcon.colcon_core.package_identification:_identify(.) by extension 'python'
[2.095s] Level 1:colcon.colcon_core.package_identification:_identify(.) by extensions ['python_setup_py']
[2.096s] Level 1:colcon.colcon_core.package_identification:_identify(.) by extension 'python_setup_py'
[2.097s] Level 1:colcon.colcon_core.package_identification:_identify(build) by extensions ['ignore', 'ignore_ament_install']
[2.098s] Level 1:colcon.colcon_core.package_identification:_identify(build) by extension 'ignore'
[2.099s] Level 1:colcon.colcon_core.package_identification:_identify(build) ignored
[2.100s] Level 1:colcon.colcon_core.package_identification:_identify(install) by extensions ['ignore', 'ignore_ament_install']
[2.101s] Level 1:colcon.colcon_core.package_identification:_identify(install) by extension 'ignore'
[2.102s] Level 1:colcon.colcon_core.package_identification:_identify(install) ignored
[2.104s] Level 1:colcon.colcon_core.package_identification:_identify(log) by extensions ['ignore', 'ignore_ament_install']
[2.105s] Level 1:colcon.colcon_core.package_identification:_identify(log) by extension 'ignore'
[2.105s] Level 1:colcon.colcon_core.package_identification:_identify(log) ignored
[2.106s] Level 1:colcon.colcon_core.package_identification:_identify(src) by extensions ['ignore', 'ignore_ament_install']
[2.107s] Level 1:colcon.colcon_core.package_identification:_identify(src) by extension 'ignore'
[2.107s] Level 1:colcon.colcon_core.package_identification:_identify(src) by extension 'ignore_ament_install'
[2.108s] Level 1:colcon.colcon_core.package_identification:_identify(src) by extensions ['colcon_pkg']
[2.108s] Level 1:colcon.colcon_core.package_identification:_identify(src) by extension 'colcon_pkg'
[2.108s] Level 1:colcon.colcon_core.package_identification:_identify(src) by extensions ['colcon_meta']
[2.109s] Level 1:colcon.colcon_core.package_identification:_identify(src) by extension 'colcon_meta'
[2.109s] Level 1:colcon.colcon_core.package_identification:_identify(src) by extensions ['ros']
[2.109s] Level 1:colcon.colcon_core.package_identification:_identify(src) by extension 'ros'
[2.110s] Level 1:colcon.colcon_core.package_identification:_identify(src) by extensions ['cmake', 'python']
[2.110s] Level 1:colcon.colcon_core.package_identification:_identify(src) by extension 'cmake'
[2.111s] Level 1:colcon.colcon_core.package_identification:_identify(src) by extension 'python'
[2.111s] Level 1:colcon.colcon_core.package_identification:_identify(src) by extensions ['python_setup_py']
[2.111s] Level 1:colcon.colcon_core.package_identification:_identify(src) by extension 'python_setup_py'
[2.112s] Level 1:colcon.colcon_core.package_identification:_identify(src/SmartCar_pkg) by extensions ['ignore', 'ignore_ament_install']
[2.113s] Level 1:colcon.colcon_core.package_identification:_identify(src/SmartCar_pkg) by extension 'ignore'
[2.113s] Level 1:colcon.colcon_core.package_identification:_identify(src/SmartCar_pkg) by extension 'ignore_ament_install'
[2.114s] Level 1:colcon.colcon_core.package_identification:_identify(src/SmartCar_pkg) by extensions ['colcon_pkg']
[2.114s] Level 1:colcon.colcon_core.package_identification:_identify(src/SmartCar_pkg) by extension 'colcon_pkg'
[2.115s] Level 1:colcon.colcon_core.package_identification:_identify(src/SmartCar_pkg) by extensions ['colcon_meta']
[2.115s] Level 1:colcon.colcon_core.package_identification:_identify(src/SmartCar_pkg) by extension 'colcon_meta'
[2.115s] Level 1:colcon.colcon_core.package_identification:_identify(src/SmartCar_pkg) by extensions ['ros']
[2.116s] Level 1:colcon.colcon_core.package_identification:_identify(src/SmartCar_pkg) by extension 'ros'
[2.127s] DEBUG:colcon.colcon_core.package_identification:Package 'src/SmartCar_pkg' with type 'ros.ament_python' and name 'SmartCar_pkg'
[2.128s] Level 1:colcon.colcon_core.package_identification:_identify(src/YDLidar-SDK) by extensions ['ignore', 'ignore_ament_install']
[2.129s] Level 1:colcon.colcon_core.package_identification:_identify(src/YDLidar-SDK) by extension 'ignore'
[2.130s] Level 1:colcon.colcon_core.package_identification:_identify(src/YDLidar-SDK) by extension 'ignore_ament_install'
[2.130s] Level 1:colcon.colcon_core.package_identification:_identify(src/YDLidar-SDK) by extensions ['colcon_pkg']
[2.130s] Level 1:colcon.colcon_core.package_identification:_identify(src/YDLidar-SDK) by extension 'colcon_pkg'
[2.131s] Level 1:colcon.colcon_core.package_identification:_identify(src/YDLidar-SDK) by extensions ['colcon_meta']
[2.131s] Level 1:colcon.colcon_core.package_identification:_identify(src/YDLidar-SDK) by extension 'colcon_meta'
[2.132s] Level 1:colcon.colcon_core.package_identification:_identify(src/YDLidar-SDK) by extensions ['ros']
[2.132s] Level 1:colcon.colcon_core.package_identification:_identify(src/YDLidar-SDK) by extension 'ros'
[2.133s] Level 1:colcon.colcon_core.package_identification:_identify(src/YDLidar-SDK) by extensions ['cmake', 'python']
[2.133s] Level 1:colcon.colcon_core.package_identification:_identify(src/YDLidar-SDK) by extension 'cmake'
[2.262s] Level 1:colcon.colcon_core.package_identification:_identify(src/YDLidar-SDK) by extension 'python'
[2.263s] DEBUG:colcon.colcon_core.package_identification:Package 'src/YDLidar-SDK' with type 'cmake' and name 'ydlidar_sdk'
[2.264s] Level 1:colcon.colcon_core.package_identification:_identify(src/octopus_interfaces) by extensions ['ignore', 'ignore_ament_install']
[2.264s] Level 1:colcon.colcon_core.package_identification:_identify(src/octopus_interfaces) by extension 'ignore'
[2.265s] Level 1:colcon.colcon_core.package_identification:_identify(src/octopus_interfaces) by extension 'ignore_ament_install'
[2.265s] Level 1:colcon.colcon_core.package_identification:_identify(src/octopus_interfaces) by extensions ['colcon_pkg']
[2.266s] Level 1:colcon.colcon_core.package_identification:_identify(src/octopus_interfaces) by extension 'colcon_pkg'
[2.266s] Level 1:colcon.colcon_core.package_identification:_identify(src/octopus_interfaces) by extensions ['colcon_meta']
[2.266s] Level 1:colcon.colcon_core.package_identification:_identify(src/octopus_interfaces) by extension 'colcon_meta'
[2.267s] Level 1:colcon.colcon_core.package_identification:_identify(src/octopus_interfaces) by extensions ['ros']
[2.267s] Level 1:colcon.colcon_core.package_identification:_identify(src/octopus_interfaces) by extension 'ros'
[2.270s] DEBUG:colcon.colcon_core.package_identification:Package 'src/octopus_interfaces' with type 'ros.ament_cmake' and name 'octopus_interfaces'
[2.271s] Level 1:colcon.colcon_core.package_identification:_identify(src/ydlidar_ros2_driver) by extensions ['ignore', 'ignore_ament_install']
[2.272s] Level 1:colcon.colcon_core.package_identification:_identify(src/ydlidar_ros2_driver) by extension 'ignore'
[2.273s] Level 1:colcon.colcon_core.package_identification:_identify(src/ydlidar_ros2_driver) by extension 'ignore_ament_install'
[2.273s] Level 1:colcon.colcon_core.package_identification:_identify(src/ydlidar_ros2_driver) by extensions ['colcon_pkg']
[2.274s] Level 1:colcon.colcon_core.package_identification:_identify(src/ydlidar_ros2_driver) by extension 'colcon_pkg'
[2.274s] Level 1:colcon.colcon_core.package_identification:_identify(src/ydlidar_ros2_driver) by extensions ['colcon_meta']
[2.274s] Level 1:colcon.colcon_core.package_identification:_identify(src/ydlidar_ros2_driver) by extension 'colcon_meta'
[2.275s] Level 1:colcon.colcon_core.package_identification:_identify(src/ydlidar_ros2_driver) by extensions ['ros']
[2.275s] Level 1:colcon.colcon_core.package_identification:_identify(src/ydlidar_ros2_driver) by extension 'ros'
[2.279s] DEBUG:colcon.colcon_core.package_identification:Package 'src/ydlidar_ros2_driver' with type 'ros.ament_cmake' and name 'ydlidar_ros2_driver'
[2.279s] Level 1:colcon.colcon_core.package_discovery:discover_packages(recursive) using defaults
[2.279s] Level 1:colcon.colcon_core.package_discovery:discover_packages(ignore) discover
[2.280s] Level 1:colcon.colcon_core.package_discovery:discover_packages(ignore) using defaults
[2.280s] Level 1:colcon.colcon_core.package_discovery:discover_packages(path) discover
[2.280s] Level 1:colcon.colcon_core.package_discovery:discover_packages(path) using defaults
[2.382s] INFO:colcon.colcon_core.package_selection:Skipping not selected package 'octopus_interfaces' in 'src/octopus_interfaces'
[2.383s] INFO:colcon.colcon_core.package_selection:Skipping not selected package 'ydlidar_ros2_driver' in 'src/ydlidar_ros2_driver'
[2.383s] INFO:colcon.colcon_core.package_selection:Skipping not selected package 'ydlidar_sdk' in 'src/YDLidar-SDK'
[2.386s] Level 1:colcon.colcon_core.package_discovery:discover_packages(prefix_path) check parameters
[2.387s] Level 1:colcon.colcon_core.package_discovery:discover_packages(prefix_path) discover
[2.406s] DEBUG:colcon.colcon_installed_package_information.package_discovery:Found 4 installed packages in /home/mohammed/SmartCar/ros2_ws/install
[2.420s] DEBUG:colcon.colcon_installed_package_information.package_discovery:Found 274 installed packages in /opt/ros/humble
[2.494s] Level 1:colcon.colcon_core.package_discovery:discover_packages(prefix_path) using defaults
[2.790s] Level 5:colcon.colcon_core.verb:set package 'SmartCar_pkg' build argument 'cmake_args' from command line to 'None'
[2.790s] Level 5:colcon.colcon_core.verb:set package 'SmartCar_pkg' build argument 'cmake_target' from command line to 'None'
[2.790s] Level 5:colcon.colcon_core.verb:set package 'SmartCar_pkg' build argument 'cmake_target_skip_unavailable' from command line to 'False'
[2.791s] Level 5:colcon.colcon_core.verb:set package 'SmartCar_pkg' build argument 'cmake_clean_cache' from command line to 'False'
[2.791s] Level 5:colcon.colcon_core.verb:set package 'SmartCar_pkg' build argument 'cmake_clean_first' from command line to 'False'
[2.791s] Level 5:colcon.colcon_core.verb:set package 'SmartCar_pkg' build argument 'cmake_force_configure' from command line to 'False'
[2.792s] Level 5:colcon.colcon_core.verb:set package 'SmartCar_pkg' build argument 'ament_cmake_args' from command line to 'None'
[2.792s] Level 5:colcon.colcon_core.verb:set package 'SmartCar_pkg' build argument 'catkin_cmake_args' from command line to 'None'
[2.792s] Level 5:colcon.colcon_core.verb:set package 'SmartCar_pkg' build argument 'catkin_skip_building_tests' from command line to 'False'
[2.793s] DEBUG:colcon.colcon_core.verb:Building package 'SmartCar_pkg' with the following arguments: {'ament_cmake_args': None, 'build_base': '/home/mohammed/SmartCar/ros2_ws/build/SmartCar_pkg', 'catkin_cmake_args': None, 'catkin_skip_building_tests': False, 'cmake_args': None, 'cmake_clean_cache': False, 'cmake_clean_first': False, 'cmake_force_configure': False, 'cmake_target': None, 'cmake_target_skip_unavailable': False, 'install_base': '/home/mohammed/SmartCar/ros2_ws/install/SmartCar_pkg', 'merge_install': False, 'path': '/home/mohammed/SmartCar/ros2_ws/src/SmartCar_pkg', 'symlink_install': False, 'test_result_base': None}
[2.794s] INFO:colcon.colcon_core.executor:Executing jobs using 'parallel' executor
[2.798s] DEBUG:colcon.colcon_parallel_executor.executor.parallel:run_until_complete
[2.799s] INFO:colcon.colcon_ros.task.ament_python.build:Building ROS package in '/home/mohammed/SmartCar/ros2_ws/src/SmartCar_pkg' with build type 'ament_python'
[2.800s] Level 1:colcon.colcon_core.shell:create_environment_hook('SmartCar_pkg', 'ament_prefix_path')
[2.814s] INFO:colcon.colcon_core.plugin_system:Skipping extension 'colcon_core.shell.bat': Not used on non-Windows systems
[2.815s] INFO:colcon.colcon_core.shell:Creating environment hook '/home/mohammed/SmartCar/ros2_ws/install/SmartCar_pkg/share/SmartCar_pkg/hook/ament_prefix_path.ps1'
[2.819s] INFO:colcon.colcon_core.shell:Creating environment descriptor '/home/mohammed/SmartCar/ros2_ws/install/SmartCar_pkg/share/SmartCar_pkg/hook/ament_prefix_path.dsv'
[2.823s] INFO:colcon.colcon_core.shell:Creating environment hook '/home/mohammed/SmartCar/ros2_ws/install/SmartCar_pkg/share/SmartCar_pkg/hook/ament_prefix_path.sh'
[2.828s] INFO:colcon.colcon_core.shell:Skip shell extension 'powershell' for command environment: Not usable outside of PowerShell
[2.828s] DEBUG:colcon.colcon_core.shell:Skip shell extension 'dsv' for command environment
[4.859s] INFO:colcon.colcon_core.task.python.build:Building Python package in '/home/mohammed/SmartCar/ros2_ws/src/SmartCar_pkg'
[4.860s] INFO:colcon.colcon_core.shell:Skip shell extension 'powershell' for command environment: Not usable outside of PowerShell
[4.861s] DEBUG:colcon.colcon_core.shell:Skip shell extension 'dsv' for command environment
[7.286s] DEBUG:colcon.colcon_core.event_handler.log_command:Invoking command in '/home/mohammed/SmartCar/ros2_ws/src/SmartCar_pkg': CMAKE_PREFIX_PATH=/home/mohammed/SmartCar/ros2_ws/install/octopus_interfaces:/home/mohammed/SmartCar/ros2_ws/install/ydlidar_sdk:/home/mohammed/SmartCar/ros2_ws/install/ydlidar_ros2_driver PYTHONPATH=/home/mohammed/SmartCar/ros2_ws/build/SmartCar_pkg/prefix_override:/usr/lib/python3/dist-packages/colcon_core/task/python/colcon_distutils_commands:/home/mohammed/SmartCar/ros2_ws/install/SmartCar_pkg/lib/python3.10/site-packages:${PYTHONPATH} /usr/bin/python3 -W ignore:setup.py install is deprecated -W ignore:easy_install command is deprecated setup.py egg_info --egg-base ../../build/SmartCar_pkg build --build-base /home/mohammed/SmartCar/ros2_ws/build/SmartCar_pkg/build install --record /home/mohammed/SmartCar/ros2_ws/build/SmartCar_pkg/install.log --single-version-externally-managed install_data
[9.514s] DEBUG:colcon.colcon_core.event_handler.log_command:Invoked command in '/home/mohammed/SmartCar/ros2_ws/src/SmartCar_pkg' returned '0': CMAKE_PREFIX_PATH=/home/mohammed/SmartCar/ros2_ws/install/octopus_interfaces:/home/mohammed/SmartCar/ros2_ws/install/ydlidar_sdk:/home/mohammed/SmartCar/ros2_ws/install/ydlidar_ros2_driver PYTHONPATH=/home/mohammed/SmartCar/ros2_ws/build/SmartCar_pkg/prefix_override:/usr/lib/python3/dist-packages/colcon_core/task/python/colcon_distutils_commands:/home/mohammed/SmartCar/ros2_ws/install/SmartCar_pkg/lib/python3.10/site-packages:${PYTHONPATH} /usr/bin/python3 -W ignore:setup.py install is deprecated -W ignore:easy_install command is deprecated setup.py egg_info --egg-base ../../build/SmartCar_pkg build --build-base /home/mohammed/SmartCar/ros2_ws/build/SmartCar_pkg/build install --record /home/mohammed/SmartCar/ros2_ws/build/SmartCar_pkg/install.log --single-version-externally-managed install_data
[9.526s] Level 1:colcon.colcon_core.environment:checking '/home/mohammed/SmartCar/ros2_ws/install/SmartCar_pkg' for CMake module files
[9.530s] Level 1:colcon.colcon_core.environment:checking '/home/mohammed/SmartCar/ros2_ws/install/SmartCar_pkg' for CMake config files
[9.539s] Level 1:colcon.colcon_core.environment:checking '/home/mohammed/SmartCar/ros2_ws/install/SmartCar_pkg/lib'
[9.541s] Level 1:colcon.colcon_core.environment:checking '/home/mohammed/SmartCar/ros2_ws/install/SmartCar_pkg/bin'
[9.542s] Level 1:colcon.colcon_core.environment:checking '/home/mohammed/SmartCar/ros2_ws/install/SmartCar_pkg/lib/pkgconfig/SmartCar_pkg.pc'
[9.543s] Level 1:colcon.colcon_core.environment:checking '/home/mohammed/SmartCar/ros2_ws/install/SmartCar_pkg/lib/python3.10/site-packages'
[9.544s] Level 1:colcon.colcon_core.shell:create_environment_hook('SmartCar_pkg', 'pythonpath')
[9.545s] INFO:colcon.colcon_core.shell:Creating environment hook '/home/mohammed/SmartCar/ros2_ws/install/SmartCar_pkg/share/SmartCar_pkg/hook/pythonpath.ps1'
[9.548s] INFO:colcon.colcon_core.shell:Creating environment descriptor '/home/mohammed/SmartCar/ros2_ws/install/SmartCar_pkg/share/SmartCar_pkg/hook/pythonpath.dsv'
[9.551s] INFO:colcon.colcon_core.shell:Creating environment hook '/home/mohammed/SmartCar/ros2_ws/install/SmartCar_pkg/share/SmartCar_pkg/hook/pythonpath.sh'
[9.560s] Level 1:colcon.colcon_core.environment:checking '/home/mohammed/SmartCar/ros2_ws/install/SmartCar_pkg/bin'
[9.560s] Level 1:colcon.colcon_core.environment:create_environment_scripts_only(SmartCar_pkg)
[9.562s] INFO:colcon.colcon_core.shell:Creating package script '/home/mohammed/SmartCar/ros2_ws/install/SmartCar_pkg/share/SmartCar_pkg/package.ps1'
[9.567s] INFO:colcon.colcon_core.shell:Creating package descriptor '/home/mohammed/SmartCar/ros2_ws/install/SmartCar_pkg/share/SmartCar_pkg/package.dsv'
[9.572s] INFO:colcon.colcon_core.shell:Creating package script '/home/mohammed/SmartCar/ros2_ws/install/SmartCar_pkg/share/SmartCar_pkg/package.sh'
[9.577s] INFO:colcon.colcon_core.shell:Creating package script '/home/mohammed/SmartCar/ros2_ws/install/SmartCar_pkg/share/SmartCar_pkg/package.bash'
[9.583s] INFO:colcon.colcon_core.shell:Creating package script '/home/mohammed/SmartCar/ros2_ws/install/SmartCar_pkg/share/SmartCar_pkg/package.zsh'
[9.589s] Level 1:colcon.colcon_core.environment:create_file_with_runtime_dependencies(/home/mohammed/SmartCar/ros2_ws/install/SmartCar_pkg/share/colcon-core/packages/SmartCar_pkg)
[9.594s] DEBUG:colcon.colcon_parallel_executor.executor.parallel:closing loop
[9.595s] DEBUG:colcon.colcon_parallel_executor.executor.parallel:loop closed
[9.595s] DEBUG:colcon.colcon_parallel_executor.executor.parallel:run_until_complete finished with '0'
[9.596s] DEBUG:colcon.colcon_core.event_reactor:joining thread
[9.630s] INFO:colcon.colcon_core.plugin_system:Skipping extension 'colcon_notification.desktop_notification.terminal_notifier': Not used on non-Darwin systems
[9.631s] INFO:colcon.colcon_core.plugin_system:Skipping extension 'colcon_notification.desktop_notification.win32': Not used on non-Windows systems
[9.631s] INFO:colcon.colcon_notification.desktop_notification:Sending desktop notification using 'notify2'
[9.724s] DEBUG:colcon.colcon_core.event_reactor:joined thread
[9.725s] INFO:colcon.colcon_core.shell:Creating prefix script '/home/mohammed/SmartCar/ros2_ws/install/local_setup.ps1'
[9.730s] INFO:colcon.colcon_core.shell:Creating prefix util module '/home/mohammed/SmartCar/ros2_ws/install/_local_setup_util_ps1.py'
[9.737s] INFO:colcon.colcon_core.shell:Creating prefix chain script '/home/mohammed/SmartCar/ros2_ws/install/setup.ps1'
[9.743s] INFO:colcon.colcon_core.shell:Creating prefix script '/home/mohammed/SmartCar/ros2_ws/install/local_setup.sh'
[9.749s] INFO:colcon.colcon_core.shell:Creating prefix util module '/home/mohammed/SmartCar/ros2_ws/install/_local_setup_util_sh.py'
[9.755s] INFO:colcon.colcon_core.shell:Creating prefix chain script '/home/mohammed/SmartCar/ros2_ws/install/setup.sh'
[9.768s] INFO:colcon.colcon_core.shell:Creating prefix script '/home/mohammed/SmartCar/ros2_ws/install/local_setup.bash'
[9.774s] INFO:colcon.colcon_core.shell:Creating prefix chain script '/home/mohammed/SmartCar/ros2_ws/install/setup.bash'
[9.782s] INFO:colcon.colcon_core.shell:Creating prefix script '/home/mohammed/SmartCar/ros2_ws/install/local_setup.zsh'
[9.788s] INFO:colcon.colcon_core.shell:Creating prefix chain script '/home/mohammed/SmartCar/ros2_ws/install/setup.zsh'
