[0.053s] Invoking command in '/home/mohammed/SmartCar/ros2_ws/build/octopus_interfaces': CMAKE_PREFIX_PATH=${CMAKE_PREFIX_PATH}:/home/mohammed/SmartCar/ros2_ws/install/SmartCar_pkg:/opt/ros/humble /usr/bin/cmake --build /home/mohammed/SmartCar/ros2_ws/build/octopus_interfaces -- -j4 -l4
[0.165s] -- Found ament_cmake: 1.3.12 (/opt/ros/humble/share/ament_cmake/cmake)
[0.778s] -- Found rosidl_default_generators: 1.2.0 (/opt/ros/humble/share/rosidl_default_generators/cmake)
[0.786s] -- Using all available rosidl_typesupport_c: rosidl_typesupport_fastrtps_c;rosidl_typesupport_introspection_c
[0.797s] -- Found rosidl_adapter: 3.1.7 (/opt/ros/humble/share/rosidl_adapter/cmake)
[0.981s] -- Using all available rosidl_typesupport_cpp: rosidl_typesupport_fastrtps_cpp;rosidl_typesupport_introspection_cpp
[1.088s] -- Found ament_lint_auto: 0.12.14 (/opt/ros/humble/share/ament_lint_auto/cmake)
[2.313s] -- Found ament_cmake_ros: 0.10.0 (/opt/ros/humble/share/ament_cmake_ros/cmake)
[3.217s] -- Using all available rosidl_typesupport_c: rosidl_typesupport_fastrtps_c;rosidl_typesupport_introspection_c
[4.399s] -- Using all available rosidl_typesupport_cpp: rosidl_typesupport_fastrtps_cpp;rosidl_typesupport_introspection_cpp
[4.515s] -- Found python_cmake_module: 0.10.0 (/opt/ros/humble/share/python_cmake_module/cmake)
[4.627s] -- Using PYTHON_EXECUTABLE: /usr/bin/python3
[4.628s] -- Using PYTHON_INCLUDE_DIRS: /usr/include/python3.10
[4.629s] -- Using PYTHON_LIBRARIES: /usr/lib/aarch64-linux-gnu/libpython3.10.so
[4.696s] -- Added test 'lint_cmake' to check CMake code style
[4.708s] -- Added test 'xmllint' to check XML markup files
[4.729s] -- Configuring done
[4.932s] -- Generating done
[5.013s] -- Build files have been written to: /home/mohammed/SmartCar/ros2_ws/build/octopus_interfaces
[5.155s] [  2%] [34m[1mGenerating C code for ROS interfaces[0m
[5.221s] [  4%] [34m[1mGenerating C++ code for ROS interfaces[0m
[5.286s] [  4%] Built target ament_cmake_python_copy_octopus_interfaces
[7.087s] running egg_info
[7.092s] writing octopus_interfaces.egg-info/PKG-INFO
[7.101s] writing dependency_links to octopus_interfaces.egg-info/dependency_links.txt
[7.102s] writing top-level names to octopus_interfaces.egg-info/top_level.txt
[7.111s] reading manifest file 'octopus_interfaces.egg-info/SOURCES.txt'
[7.121s] writing manifest file 'octopus_interfaces.egg-info/SOURCES.txt'
[7.348s] [  4%] Built target ament_cmake_python_build_octopus_interfaces_egg
[7.570s] [35m[1mConsolidate compiler generated dependencies of target octopus_interfaces__rosidl_generator_c[0m
[7.676s] [  6%] [32mBuilding C object CMakeFiles/octopus_interfaces__rosidl_generator_c.dir/rosidl_generator_c/octopus_interfaces/msg/detail/sensor_index__functions.c.o[0m
[7.706s] [  8%] [32mBuilding C object CMakeFiles/octopus_interfaces__rosidl_generator_c.dir/rosidl_generator_c/octopus_interfaces/msg/detail/move_intent__functions.c.o[0m
[7.730s] [ 10%] [32mBuilding C object CMakeFiles/octopus_interfaces__rosidl_generator_c.dir/rosidl_generator_c/octopus_interfaces/msg/detail/object_distance__functions.c.o[0m
[7.734s] [ 10%] Built target octopus_interfaces__cpp
[7.849s] [ 12%] [34m[1mGenerating C++ type support dispatch for ROS interfaces[0m
[8.069s] [ 14%] [34m[1mGenerating C++ type support for eProsima Fast-RTPS[0m
[8.184s] [ 17%] [34m[1mGenerating C++ introspection for ROS interfaces[0m
[8.284s] [ 19%] [32m[1mLinking C shared library liboctopus_interfaces__rosidl_generator_c.so[0m
[8.711s] [ 19%] Built target octopus_interfaces__rosidl_generator_c
[8.797s] [ 21%] [34m[1mGenerating C type support for eProsima Fast-RTPS[0m
[10.593s] [35m[1mConsolidate compiler generated dependencies of target octopus_interfaces__rosidl_typesupport_cpp[0m
[10.783s] [ 23%] [32mBuilding CXX object CMakeFiles/octopus_interfaces__rosidl_typesupport_cpp.dir/rosidl_typesupport_cpp/octopus_interfaces/msg/sensor_index__type_support.cpp.o[0m
[11.054s] [35m[1mConsolidate compiler generated dependencies of target octopus_interfaces__rosidl_typesupport_fastrtps_cpp[0m
[11.056s] [35m[1mConsolidate compiler generated dependencies of target octopus_interfaces__rosidl_typesupport_introspection_cpp[0m
[11.200s] [ 25%] [32mBuilding CXX object CMakeFiles/octopus_interfaces__rosidl_typesupport_fastrtps_cpp.dir/rosidl_typesupport_fastrtps_cpp/octopus_interfaces/msg/detail/dds_fastrtps/sensor_index__type_support.cpp.o[0m
[11.231s] [ 27%] [32mBuilding CXX object CMakeFiles/octopus_interfaces__rosidl_typesupport_introspection_cpp.dir/rosidl_typesupport_introspection_cpp/octopus_interfaces/msg/detail/sensor_index__type_support.cpp.o[0m
[11.590s] [35m[1mConsolidate compiler generated dependencies of target octopus_interfaces__rosidl_typesupport_fastrtps_c[0m
[11.684s] [ 29%] [32mBuilding CXX object CMakeFiles/octopus_interfaces__rosidl_typesupport_fastrtps_c.dir/rosidl_typesupport_fastrtps_c/octopus_interfaces/msg/detail/sensor_index__type_support_c.cpp.o[0m
[14.224s] [ 31%] [32mBuilding CXX object CMakeFiles/octopus_interfaces__rosidl_typesupport_cpp.dir/rosidl_typesupport_cpp/octopus_interfaces/msg/object_distance__type_support.cpp.o[0m
[14.348s] [ 34%] [32mBuilding CXX object CMakeFiles/octopus_interfaces__rosidl_typesupport_introspection_cpp.dir/rosidl_typesupport_introspection_cpp/octopus_interfaces/msg/detail/object_distance__type_support.cpp.o[0m
[16.144s] [ 36%] [32mBuilding CXX object CMakeFiles/octopus_interfaces__rosidl_typesupport_fastrtps_cpp.dir/rosidl_typesupport_fastrtps_cpp/octopus_interfaces/msg/detail/dds_fastrtps/object_distance__type_support.cpp.o[0m
[16.303s] [ 38%] [32mBuilding CXX object CMakeFiles/octopus_interfaces__rosidl_typesupport_fastrtps_c.dir/rosidl_typesupport_fastrtps_c/octopus_interfaces/msg/detail/object_distance__type_support_c.cpp.o[0m
[17.465s] [ 40%] [32mBuilding CXX object CMakeFiles/octopus_interfaces__rosidl_typesupport_cpp.dir/rosidl_typesupport_cpp/octopus_interfaces/msg/move_intent__type_support.cpp.o[0m
[17.970s] [ 42%] [32mBuilding CXX object CMakeFiles/octopus_interfaces__rosidl_typesupport_introspection_cpp.dir/rosidl_typesupport_introspection_cpp/octopus_interfaces/msg/detail/move_intent__type_support.cpp.o[0m
[20.007s] [ 44%] [32mBuilding CXX object CMakeFiles/octopus_interfaces__rosidl_typesupport_fastrtps_c.dir/rosidl_typesupport_fastrtps_c/octopus_interfaces/msg/detail/move_intent__type_support_c.cpp.o[0m
[20.998s] [ 46%] [32m[1mLinking CXX shared library liboctopus_interfaces__rosidl_typesupport_cpp.so[0m
[21.344s] [ 46%] Built target octopus_interfaces__rosidl_typesupport_cpp
[21.416s] [ 48%] [34m[1mGenerating C introspection for ROS interfaces[0m
[21.635s] [ 51%] [32m[1mLinking CXX shared library liboctopus_interfaces__rosidl_typesupport_introspection_cpp.so[0m
[21.648s] [ 53%] [32mBuilding CXX object CMakeFiles/octopus_interfaces__rosidl_typesupport_fastrtps_cpp.dir/rosidl_typesupport_fastrtps_cpp/octopus_interfaces/msg/detail/dds_fastrtps/move_intent__type_support.cpp.o[0m
[22.461s] [ 53%] Built target octopus_interfaces__rosidl_typesupport_introspection_cpp
[22.540s] [ 55%] [34m[1mGenerating C type support dispatch for ROS interfaces[0m
[23.287s] [ 57%] [32m[1mLinking CXX shared library liboctopus_interfaces__rosidl_typesupport_fastrtps_c.so[0m
[23.831s] [ 57%] Built target octopus_interfaces__rosidl_typesupport_fastrtps_c
[24.042s] [35m[1mConsolidate compiler generated dependencies of target octopus_interfaces__rosidl_typesupport_introspection_c[0m
[24.109s] [ 59%] [32mBuilding C object CMakeFiles/octopus_interfaces__rosidl_typesupport_introspection_c.dir/rosidl_typesupport_introspection_c/octopus_interfaces/msg/detail/object_distance__type_support.c.o[0m
[24.111s] [ 61%] [32mBuilding C object CMakeFiles/octopus_interfaces__rosidl_typesupport_introspection_c.dir/rosidl_typesupport_introspection_c/octopus_interfaces/msg/detail/sensor_index__type_support.c.o[0m
[24.379s] [ 63%] [32mBuilding C object CMakeFiles/octopus_interfaces__rosidl_typesupport_introspection_c.dir/rosidl_typesupport_introspection_c/octopus_interfaces/msg/detail/move_intent__type_support.c.o[0m
[24.459s] [35m[1mConsolidate compiler generated dependencies of target octopus_interfaces__rosidl_typesupport_c[0m
[24.533s] [ 65%] [32mBuilding CXX object CMakeFiles/octopus_interfaces__rosidl_typesupport_c.dir/rosidl_typesupport_c/octopus_interfaces/msg/object_distance__type_support.cpp.o[0m
[24.539s] [ 68%] [32mBuilding CXX object CMakeFiles/octopus_interfaces__rosidl_typesupport_c.dir/rosidl_typesupport_c/octopus_interfaces/msg/sensor_index__type_support.cpp.o[0m
[24.661s] [ 70%] [32m[1mLinking C shared library liboctopus_interfaces__rosidl_typesupport_introspection_c.so[0m
[24.799s] [ 72%] [32mBuilding CXX object CMakeFiles/octopus_interfaces__rosidl_typesupport_c.dir/rosidl_typesupport_c/octopus_interfaces/msg/move_intent__type_support.cpp.o[0m
[24.877s] [ 72%] Built target octopus_interfaces__rosidl_typesupport_introspection_c
[24.925s] [ 74%] [32m[1mLinking CXX shared library liboctopus_interfaces__rosidl_typesupport_fastrtps_cpp.so[0m
[24.995s] [ 76%] [32m[1mLinking CXX shared library liboctopus_interfaces__rosidl_typesupport_c.so[0m
[25.210s] [ 76%] Built target octopus_interfaces__rosidl_typesupport_c
[25.272s] [ 76%] Built target octopus_interfaces__rosidl_typesupport_fastrtps_cpp
[25.367s] [ 76%] Built target octopus_interfaces
[25.471s] [ 78%] [34m[1mGenerating Python code for ROS interfaces[0m
[27.392s] [ 78%] Built target octopus_interfaces__py
[27.441s] [35m[1mConsolidate compiler generated dependencies of target octopus_interfaces__rosidl_generator_py[0m
[27.518s] [ 80%] [32mBuilding C object CMakeFiles/octopus_interfaces__rosidl_generator_py.dir/rosidl_generator_py/octopus_interfaces/msg/_sensor_index_s.c.o[0m
[27.522s] [ 82%] [32mBuilding C object CMakeFiles/octopus_interfaces__rosidl_generator_py.dir/rosidl_generator_py/octopus_interfaces/msg/_object_distance_s.c.o[0m
[27.528s] [ 85%] [32mBuilding C object CMakeFiles/octopus_interfaces__rosidl_generator_py.dir/rosidl_generator_py/octopus_interfaces/msg/_move_intent_s.c.o[0m
[28.233s] [ 87%] [32m[1mLinking C shared library rosidl_generator_py/octopus_interfaces/liboctopus_interfaces__rosidl_generator_py.so[0m
[28.447s] [ 87%] Built target octopus_interfaces__rosidl_generator_py
[28.506s] [35m[1mConsolidate compiler generated dependencies of target octopus_interfaces__rosidl_typesupport_fastrtps_c__pyext[0m
[28.509s] [35m[1mConsolidate compiler generated dependencies of target octopus_interfaces__rosidl_typesupport_introspection_c__pyext[0m
[28.542s] [35m[1mConsolidate compiler generated dependencies of target octopus_interfaces__rosidl_typesupport_c__pyext[0m
[28.606s] [ 89%] [32mBuilding C object CMakeFiles/octopus_interfaces__rosidl_typesupport_fastrtps_c__pyext.dir/rosidl_generator_py/octopus_interfaces/_octopus_interfaces_s.ep.rosidl_typesupport_fastrtps_c.c.o[0m
[28.622s] [ 91%] [32mBuilding C object CMakeFiles/octopus_interfaces__rosidl_typesupport_introspection_c__pyext.dir/rosidl_generator_py/octopus_interfaces/_octopus_interfaces_s.ep.rosidl_typesupport_introspection_c.c.o[0m
[28.630s] [ 93%] [32mBuilding C object CMakeFiles/octopus_interfaces__rosidl_typesupport_c__pyext.dir/rosidl_generator_py/octopus_interfaces/_octopus_interfaces_s.ep.rosidl_typesupport_c.c.o[0m
[29.274s] [ 95%] [32m[1mLinking C shared library rosidl_generator_py/octopus_interfaces/octopus_interfaces_s__rosidl_typesupport_c.cpython-310-aarch64-linux-gnu.so[0m
[29.424s] [ 97%] [32m[1mLinking C shared library rosidl_generator_py/octopus_interfaces/octopus_interfaces_s__rosidl_typesupport_fastrtps_c.cpython-310-aarch64-linux-gnu.so[0m
[29.433s] [100%] [32m[1mLinking C shared library rosidl_generator_py/octopus_interfaces/octopus_interfaces_s__rosidl_typesupport_introspection_c.cpython-310-aarch64-linux-gnu.so[0m
[29.704s] [100%] Built target octopus_interfaces__rosidl_typesupport_c__pyext
[29.744s] [100%] Built target octopus_interfaces__rosidl_typesupport_fastrtps_c__pyext
[29.840s] [100%] Built target octopus_interfaces__rosidl_typesupport_introspection_c__pyext
[29.916s] Invoked command in '/home/mohammed/SmartCar/ros2_ws/build/octopus_interfaces' returned '0': CMAKE_PREFIX_PATH=${CMAKE_PREFIX_PATH}:/home/mohammed/SmartCar/ros2_ws/install/SmartCar_pkg:/opt/ros/humble /usr/bin/cmake --build /home/mohammed/SmartCar/ros2_ws/build/octopus_interfaces -- -j4 -l4
[29.970s] Invoking command in '/home/mohammed/SmartCar/ros2_ws/build/octopus_interfaces': CMAKE_PREFIX_PATH=${CMAKE_PREFIX_PATH}:/home/mohammed/SmartCar/ros2_ws/install/SmartCar_pkg:/opt/ros/humble /usr/bin/cmake --install /home/mohammed/SmartCar/ros2_ws/build/octopus_interfaces
[30.014s] -- Install configuration: ""
[30.017s] -- Installing: /home/mohammed/SmartCar/ros2_ws/install/octopus_interfaces/share/ament_index/resource_index/rosidl_interfaces/octopus_interfaces
[30.022s] -- Up-to-date: /home/mohammed/SmartCar/ros2_ws/install/octopus_interfaces/include/octopus_interfaces/octopus_interfaces
[30.025s] -- Up-to-date: /home/mohammed/SmartCar/ros2_ws/install/octopus_interfaces/include/octopus_interfaces/octopus_interfaces/msg
[30.029s] -- Installing: /home/mohammed/SmartCar/ros2_ws/install/octopus_interfaces/include/octopus_interfaces/octopus_interfaces/msg/object_distance.h
[30.032s] -- Up-to-date: /home/mohammed/SmartCar/ros2_ws/install/octopus_interfaces/include/octopus_interfaces/octopus_interfaces/msg/rosidl_generator_c__visibility_control.h
[30.034s] -- Installing: /home/mohammed/SmartCar/ros2_ws/install/octopus_interfaces/include/octopus_interfaces/octopus_interfaces/msg/sensor_index.h
[30.038s] -- Installing: /home/mohammed/SmartCar/ros2_ws/install/octopus_interfaces/include/octopus_interfaces/octopus_interfaces/msg/move_intent.h
[30.041s] -- Up-to-date: /home/mohammed/SmartCar/ros2_ws/install/octopus_interfaces/include/octopus_interfaces/octopus_interfaces/msg/detail
[30.043s] -- Installing: /home/mohammed/SmartCar/ros2_ws/install/octopus_interfaces/include/octopus_interfaces/octopus_interfaces/msg/detail/object_distance__struct.h
[30.047s] -- Installing: /home/mohammed/SmartCar/ros2_ws/install/octopus_interfaces/include/octopus_interfaces/octopus_interfaces/msg/detail/sensor_index__functions.h
[30.051s] -- Installing: /home/mohammed/SmartCar/ros2_ws/install/octopus_interfaces/include/octopus_interfaces/octopus_interfaces/msg/detail/move_intent__type_support.h
[30.054s] -- Installing: /home/mohammed/SmartCar/ros2_ws/install/octopus_interfaces/include/octopus_interfaces/octopus_interfaces/msg/detail/move_intent__functions.c
[30.057s] -- Installing: /home/mohammed/SmartCar/ros2_ws/install/octopus_interfaces/include/octopus_interfaces/octopus_interfaces/msg/detail/object_distance__functions.h
[30.061s] -- Installing: /home/mohammed/SmartCar/ros2_ws/install/octopus_interfaces/include/octopus_interfaces/octopus_interfaces/msg/detail/sensor_index__functions.c
[30.064s] -- Installing: /home/mohammed/SmartCar/ros2_ws/install/octopus_interfaces/include/octopus_interfaces/octopus_interfaces/msg/detail/move_intent__struct.h
[30.068s] -- Installing: /home/mohammed/SmartCar/ros2_ws/install/octopus_interfaces/include/octopus_interfaces/octopus_interfaces/msg/detail/move_intent__functions.h
[30.071s] -- Installing: /home/mohammed/SmartCar/ros2_ws/install/octopus_interfaces/include/octopus_interfaces/octopus_interfaces/msg/detail/object_distance__functions.c
[30.075s] -- Installing: /home/mohammed/SmartCar/ros2_ws/install/octopus_interfaces/include/octopus_interfaces/octopus_interfaces/msg/detail/sensor_index__type_support.h
[30.079s] -- Installing: /home/mohammed/SmartCar/ros2_ws/install/octopus_interfaces/include/octopus_interfaces/octopus_interfaces/msg/detail/object_distance__type_support.h
[30.083s] -- Installing: /home/mohammed/SmartCar/ros2_ws/install/octopus_interfaces/include/octopus_interfaces/octopus_interfaces/msg/detail/sensor_index__struct.h
[30.087s] -- Up-to-date: /home/mohammed/SmartCar/ros2_ws/install/octopus_interfaces/share/octopus_interfaces/environment/library_path.sh
[30.089s] -- Installing: /home/mohammed/SmartCar/ros2_ws/install/octopus_interfaces/share/octopus_interfaces/environment/library_path.dsv
[30.094s] -- Installing: /home/mohammed/SmartCar/ros2_ws/install/octopus_interfaces/lib/liboctopus_interfaces__rosidl_generator_c.so
[30.099s] -- Set runtime path of "/home/mohammed/SmartCar/ros2_ws/install/octopus_interfaces/lib/liboctopus_interfaces__rosidl_generator_c.so" to ""
[30.102s] -- Up-to-date: /home/mohammed/SmartCar/ros2_ws/install/octopus_interfaces/include/octopus_interfaces/octopus_interfaces
[30.104s] -- Up-to-date: /home/mohammed/SmartCar/ros2_ws/install/octopus_interfaces/include/octopus_interfaces/octopus_interfaces/msg
[30.106s] -- Up-to-date: /home/mohammed/SmartCar/ros2_ws/install/octopus_interfaces/include/octopus_interfaces/octopus_interfaces/msg/detail
[30.108s] -- Installing: /home/mohammed/SmartCar/ros2_ws/install/octopus_interfaces/include/octopus_interfaces/octopus_interfaces/msg/detail/sensor_index__rosidl_typesupport_fastrtps_c.h
[30.112s] -- Installing: /home/mohammed/SmartCar/ros2_ws/install/octopus_interfaces/include/octopus_interfaces/octopus_interfaces/msg/detail/object_distance__rosidl_typesupport_fastrtps_c.h
[30.117s] -- Installing: /home/mohammed/SmartCar/ros2_ws/install/octopus_interfaces/include/octopus_interfaces/octopus_interfaces/msg/detail/move_intent__rosidl_typesupport_fastrtps_c.h
[30.120s] -- Up-to-date: /home/mohammed/SmartCar/ros2_ws/install/octopus_interfaces/include/octopus_interfaces/octopus_interfaces/msg/rosidl_typesupport_fastrtps_c__visibility_control.h
[30.123s] -- Installing: /home/mohammed/SmartCar/ros2_ws/install/octopus_interfaces/lib/liboctopus_interfaces__rosidl_typesupport_fastrtps_c.so
[30.129s] -- Set runtime path of "/home/mohammed/SmartCar/ros2_ws/install/octopus_interfaces/lib/liboctopus_interfaces__rosidl_typesupport_fastrtps_c.so" to ""
[30.130s] -- Up-to-date: /home/mohammed/SmartCar/ros2_ws/install/octopus_interfaces/include/octopus_interfaces/octopus_interfaces
[30.132s] -- Up-to-date: /home/mohammed/SmartCar/ros2_ws/install/octopus_interfaces/include/octopus_interfaces/octopus_interfaces/msg
[30.134s] -- Up-to-date: /home/mohammed/SmartCar/ros2_ws/install/octopus_interfaces/include/octopus_interfaces/octopus_interfaces/msg/detail
[30.137s] -- Installing: /home/mohammed/SmartCar/ros2_ws/install/octopus_interfaces/include/octopus_interfaces/octopus_interfaces/msg/detail/sensor_index__rosidl_typesupport_introspection_c.h
[30.141s] -- Installing: /home/mohammed/SmartCar/ros2_ws/install/octopus_interfaces/include/octopus_interfaces/octopus_interfaces/msg/detail/object_distance__rosidl_typesupport_introspection_c.h
[30.144s] -- Installing: /home/mohammed/SmartCar/ros2_ws/install/octopus_interfaces/include/octopus_interfaces/octopus_interfaces/msg/detail/sensor_index__type_support.c
[30.149s] -- Installing: /home/mohammed/SmartCar/ros2_ws/install/octopus_interfaces/include/octopus_interfaces/octopus_interfaces/msg/detail/move_intent__rosidl_typesupport_introspection_c.h
[30.153s] -- Installing: /home/mohammed/SmartCar/ros2_ws/install/octopus_interfaces/include/octopus_interfaces/octopus_interfaces/msg/detail/object_distance__type_support.c
[30.156s] -- Installing: /home/mohammed/SmartCar/ros2_ws/install/octopus_interfaces/include/octopus_interfaces/octopus_interfaces/msg/detail/move_intent__type_support.c
[30.160s] -- Up-to-date: /home/mohammed/SmartCar/ros2_ws/install/octopus_interfaces/include/octopus_interfaces/octopus_interfaces/msg/rosidl_typesupport_introspection_c__visibility_control.h
[30.163s] -- Installing: /home/mohammed/SmartCar/ros2_ws/install/octopus_interfaces/lib/liboctopus_interfaces__rosidl_typesupport_introspection_c.so
[30.169s] -- Set runtime path of "/home/mohammed/SmartCar/ros2_ws/install/octopus_interfaces/lib/liboctopus_interfaces__rosidl_typesupport_introspection_c.so" to ""
[30.172s] -- Installing: /home/mohammed/SmartCar/ros2_ws/install/octopus_interfaces/lib/liboctopus_interfaces__rosidl_typesupport_c.so
[30.178s] -- Set runtime path of "/home/mohammed/SmartCar/ros2_ws/install/octopus_interfaces/lib/liboctopus_interfaces__rosidl_typesupport_c.so" to ""
[30.181s] -- Up-to-date: /home/mohammed/SmartCar/ros2_ws/install/octopus_interfaces/include/octopus_interfaces/octopus_interfaces
[30.183s] -- Up-to-date: /home/mohammed/SmartCar/ros2_ws/install/octopus_interfaces/include/octopus_interfaces/octopus_interfaces/msg
[30.187s] -- Up-to-date: /home/mohammed/SmartCar/ros2_ws/install/octopus_interfaces/include/octopus_interfaces/octopus_interfaces/msg/rosidl_generator_cpp__visibility_control.hpp
[30.189s] -- Installing: /home/mohammed/SmartCar/ros2_ws/install/octopus_interfaces/include/octopus_interfaces/octopus_interfaces/msg/sensor_index.hpp
[30.194s] -- Installing: /home/mohammed/SmartCar/ros2_ws/install/octopus_interfaces/include/octopus_interfaces/octopus_interfaces/msg/move_intent.hpp
[30.197s] -- Up-to-date: /home/mohammed/SmartCar/ros2_ws/install/octopus_interfaces/include/octopus_interfaces/octopus_interfaces/msg/detail
[30.200s] -- Installing: /home/mohammed/SmartCar/ros2_ws/install/octopus_interfaces/include/octopus_interfaces/octopus_interfaces/msg/detail/object_distance__traits.hpp
[30.204s] -- Installing: /home/mohammed/SmartCar/ros2_ws/install/octopus_interfaces/include/octopus_interfaces/octopus_interfaces/msg/detail/object_distance__type_support.hpp
[30.211s] -- Installing: /home/mohammed/SmartCar/ros2_ws/install/octopus_interfaces/include/octopus_interfaces/octopus_interfaces/msg/detail/sensor_index__struct.hpp
[30.215s] -- Installing: /home/mohammed/SmartCar/ros2_ws/install/octopus_interfaces/include/octopus_interfaces/octopus_interfaces/msg/detail/move_intent__builder.hpp
[30.216s] -- Installing: /home/mohammed/SmartCar/ros2_ws/install/octopus_interfaces/include/octopus_interfaces/octopus_interfaces/msg/detail/sensor_index__builder.hpp
[30.220s] -- Installing: /home/mohammed/SmartCar/ros2_ws/install/octopus_interfaces/include/octopus_interfaces/octopus_interfaces/msg/detail/object_distance__struct.hpp
[30.223s] -- Installing: /home/mohammed/SmartCar/ros2_ws/install/octopus_interfaces/include/octopus_interfaces/octopus_interfaces/msg/detail/move_intent__type_support.hpp
[30.227s] -- Installing: /home/mohammed/SmartCar/ros2_ws/install/octopus_interfaces/include/octopus_interfaces/octopus_interfaces/msg/detail/object_distance__builder.hpp
[30.228s] -- Installing: /home/mohammed/SmartCar/ros2_ws/install/octopus_interfaces/include/octopus_interfaces/octopus_interfaces/msg/detail/move_intent__struct.hpp
[30.229s] -- Installing: /home/mohammed/SmartCar/ros2_ws/install/octopus_interfaces/include/octopus_interfaces/octopus_interfaces/msg/detail/sensor_index__type_support.hpp
[30.231s] -- Installing: /home/mohammed/SmartCar/ros2_ws/install/octopus_interfaces/include/octopus_interfaces/octopus_interfaces/msg/detail/move_intent__traits.hpp
[30.233s] -- Installing: /home/mohammed/SmartCar/ros2_ws/install/octopus_interfaces/include/octopus_interfaces/octopus_interfaces/msg/detail/sensor_index__traits.hpp
[30.235s] -- Installing: /home/mohammed/SmartCar/ros2_ws/install/octopus_interfaces/include/octopus_interfaces/octopus_interfaces/msg/object_distance.hpp
[30.238s] -- Up-to-date: /home/mohammed/SmartCar/ros2_ws/install/octopus_interfaces/include/octopus_interfaces/octopus_interfaces
[30.239s] -- Up-to-date: /home/mohammed/SmartCar/ros2_ws/install/octopus_interfaces/include/octopus_interfaces/octopus_interfaces/msg
[30.239s] -- Up-to-date: /home/mohammed/SmartCar/ros2_ws/install/octopus_interfaces/include/octopus_interfaces/octopus_interfaces/msg/rosidl_typesupport_fastrtps_cpp__visibility_control.h
[30.244s] -- Up-to-date: /home/mohammed/SmartCar/ros2_ws/install/octopus_interfaces/include/octopus_interfaces/octopus_interfaces/msg/detail
[30.245s] -- Installing: /home/mohammed/SmartCar/ros2_ws/install/octopus_interfaces/include/octopus_interfaces/octopus_interfaces/msg/detail/object_distance__rosidl_typesupport_fastrtps_cpp.hpp
[30.247s] -- Installing: /home/mohammed/SmartCar/ros2_ws/install/octopus_interfaces/include/octopus_interfaces/octopus_interfaces/msg/detail/sensor_index__rosidl_typesupport_fastrtps_cpp.hpp
[30.253s] -- Up-to-date: /home/mohammed/SmartCar/ros2_ws/install/octopus_interfaces/include/octopus_interfaces/octopus_interfaces/msg/detail/dds_fastrtps
[30.253s] -- Installing: /home/mohammed/SmartCar/ros2_ws/install/octopus_interfaces/include/octopus_interfaces/octopus_interfaces/msg/detail/move_intent__rosidl_typesupport_fastrtps_cpp.hpp
[30.257s] -- Installing: /home/mohammed/SmartCar/ros2_ws/install/octopus_interfaces/lib/liboctopus_interfaces__rosidl_typesupport_fastrtps_cpp.so
[30.265s] -- Set runtime path of "/home/mohammed/SmartCar/ros2_ws/install/octopus_interfaces/lib/liboctopus_interfaces__rosidl_typesupport_fastrtps_cpp.so" to ""
[30.267s] -- Up-to-date: /home/mohammed/SmartCar/ros2_ws/install/octopus_interfaces/include/octopus_interfaces/octopus_interfaces
[30.268s] -- Up-to-date: /home/mohammed/SmartCar/ros2_ws/install/octopus_interfaces/include/octopus_interfaces/octopus_interfaces/msg
[30.275s] -- Up-to-date: /home/mohammed/SmartCar/ros2_ws/install/octopus_interfaces/include/octopus_interfaces/octopus_interfaces/msg/detail
[30.277s] -- Installing: /home/mohammed/SmartCar/ros2_ws/install/octopus_interfaces/include/octopus_interfaces/octopus_interfaces/msg/detail/sensor_index__rosidl_typesupport_introspection_cpp.hpp
[30.278s] -- Installing: /home/mohammed/SmartCar/ros2_ws/install/octopus_interfaces/include/octopus_interfaces/octopus_interfaces/msg/detail/object_distance__type_support.cpp
[30.283s] -- Installing: /home/mohammed/SmartCar/ros2_ws/install/octopus_interfaces/include/octopus_interfaces/octopus_interfaces/msg/detail/move_intent__rosidl_typesupport_introspection_cpp.hpp
[30.284s] -- Installing: /home/mohammed/SmartCar/ros2_ws/install/octopus_interfaces/include/octopus_interfaces/octopus_interfaces/msg/detail/sensor_index__type_support.cpp
[30.285s] -- Installing: /home/mohammed/SmartCar/ros2_ws/install/octopus_interfaces/include/octopus_interfaces/octopus_interfaces/msg/detail/object_distance__rosidl_typesupport_introspection_cpp.hpp
[30.286s] -- Installing: /home/mohammed/SmartCar/ros2_ws/install/octopus_interfaces/include/octopus_interfaces/octopus_interfaces/msg/detail/move_intent__type_support.cpp
[30.288s] -- Installing: /home/mohammed/SmartCar/ros2_ws/install/octopus_interfaces/lib/liboctopus_interfaces__rosidl_typesupport_introspection_cpp.so
[30.293s] -- Set runtime path of "/home/mohammed/SmartCar/ros2_ws/install/octopus_interfaces/lib/liboctopus_interfaces__rosidl_typesupport_introspection_cpp.so" to ""
[30.296s] -- Installing: /home/mohammed/SmartCar/ros2_ws/install/octopus_interfaces/lib/liboctopus_interfaces__rosidl_typesupport_cpp.so
[30.300s] -- Set runtime path of "/home/mohammed/SmartCar/ros2_ws/install/octopus_interfaces/lib/liboctopus_interfaces__rosidl_typesupport_cpp.so" to ""
[30.301s] -- Up-to-date: /home/mohammed/SmartCar/ros2_ws/install/octopus_interfaces/share/octopus_interfaces/environment/pythonpath.sh
[30.302s] -- Installing: /home/mohammed/SmartCar/ros2_ws/install/octopus_interfaces/share/octopus_interfaces/environment/pythonpath.dsv
[30.304s] -- Up-to-date: /home/mohammed/SmartCar/ros2_ws/install/octopus_interfaces/local/lib/python3.10/dist-packages/octopus_interfaces-0.0.0-py3.10.egg-info
[30.305s] -- Installing: /home/mohammed/SmartCar/ros2_ws/install/octopus_interfaces/local/lib/python3.10/dist-packages/octopus_interfaces-0.0.0-py3.10.egg-info/PKG-INFO
[30.310s] -- Installing: /home/mohammed/SmartCar/ros2_ws/install/octopus_interfaces/local/lib/python3.10/dist-packages/octopus_interfaces-0.0.0-py3.10.egg-info/top_level.txt
[30.312s] -- Installing: /home/mohammed/SmartCar/ros2_ws/install/octopus_interfaces/local/lib/python3.10/dist-packages/octopus_interfaces-0.0.0-py3.10.egg-info/dependency_links.txt
[30.317s] -- Installing: /home/mohammed/SmartCar/ros2_ws/install/octopus_interfaces/local/lib/python3.10/dist-packages/octopus_interfaces-0.0.0-py3.10.egg-info/SOURCES.txt
[30.320s] -- Up-to-date: /home/mohammed/SmartCar/ros2_ws/install/octopus_interfaces/local/lib/python3.10/dist-packages/octopus_interfaces
[30.321s] -- Up-to-date: /home/mohammed/SmartCar/ros2_ws/install/octopus_interfaces/local/lib/python3.10/dist-packages/octopus_interfaces/msg
[30.322s] -- Installing: /home/mohammed/SmartCar/ros2_ws/install/octopus_interfaces/local/lib/python3.10/dist-packages/octopus_interfaces/msg/_object_distance.py
[30.324s] -- Installing: /home/mohammed/SmartCar/ros2_ws/install/octopus_interfaces/local/lib/python3.10/dist-packages/octopus_interfaces/msg/_move_intent.py
[30.333s] -- Installing: /home/mohammed/SmartCar/ros2_ws/install/octopus_interfaces/local/lib/python3.10/dist-packages/octopus_interfaces/msg/_sensor_index_s.c
[30.334s] -- Installing: /home/mohammed/SmartCar/ros2_ws/install/octopus_interfaces/local/lib/python3.10/dist-packages/octopus_interfaces/msg/__init__.py
[30.335s] -- Installing: /home/mohammed/SmartCar/ros2_ws/install/octopus_interfaces/local/lib/python3.10/dist-packages/octopus_interfaces/msg/_sensor_index.py
[30.337s] -- Installing: /home/mohammed/SmartCar/ros2_ws/install/octopus_interfaces/local/lib/python3.10/dist-packages/octopus_interfaces/msg/_move_intent_s.c
[30.338s] -- Installing: /home/mohammed/SmartCar/ros2_ws/install/octopus_interfaces/local/lib/python3.10/dist-packages/octopus_interfaces/msg/_object_distance_s.c
[30.343s] -- Installing: /home/mohammed/SmartCar/ros2_ws/install/octopus_interfaces/local/lib/python3.10/dist-packages/octopus_interfaces/liboctopus_interfaces__rosidl_generator_py.so
[30.344s] -- Installing: /home/mohammed/SmartCar/ros2_ws/install/octopus_interfaces/local/lib/python3.10/dist-packages/octopus_interfaces/_octopus_interfaces_s.ep.rosidl_typesupport_introspection_c.c
[30.348s] -- Installing: /home/mohammed/SmartCar/ros2_ws/install/octopus_interfaces/local/lib/python3.10/dist-packages/octopus_interfaces/octopus_interfaces_s__rosidl_typesupport_fastrtps_c.cpython-310-aarch64-linux-gnu.so
[30.351s] -- Installing: /home/mohammed/SmartCar/ros2_ws/install/octopus_interfaces/local/lib/python3.10/dist-packages/octopus_interfaces/__init__.py
[30.360s] -- Installing: /home/mohammed/SmartCar/ros2_ws/install/octopus_interfaces/local/lib/python3.10/dist-packages/octopus_interfaces/octopus_interfaces_s__rosidl_typesupport_introspection_c.cpython-310-aarch64-linux-gnu.so
[30.361s] -- Installing: /home/mohammed/SmartCar/ros2_ws/install/octopus_interfaces/local/lib/python3.10/dist-packages/octopus_interfaces/_octopus_interfaces_s.ep.rosidl_typesupport_c.c
[30.362s] -- Installing: /home/mohammed/SmartCar/ros2_ws/install/octopus_interfaces/local/lib/python3.10/dist-packages/octopus_interfaces/_octopus_interfaces_s.ep.rosidl_typesupport_fastrtps_c.c
[30.377s] -- Installing: /home/mohammed/SmartCar/ros2_ws/install/octopus_interfaces/local/lib/python3.10/dist-packages/octopus_interfaces/octopus_interfaces_s__rosidl_typesupport_c.cpython-310-aarch64-linux-gnu.so
[30.688s] Listing '/home/mohammed/SmartCar/ros2_ws/install/octopus_interfaces/local/lib/python3.10/dist-packages/octopus_interfaces'...
[30.690s] Compiling '/home/mohammed/SmartCar/ros2_ws/install/octopus_interfaces/local/lib/python3.10/dist-packages/octopus_interfaces/__init__.py'...
[30.693s] Listing '/home/mohammed/SmartCar/ros2_ws/install/octopus_interfaces/local/lib/python3.10/dist-packages/octopus_interfaces/msg'...
[30.695s] Compiling '/home/mohammed/SmartCar/ros2_ws/install/octopus_interfaces/local/lib/python3.10/dist-packages/octopus_interfaces/msg/__init__.py'...
[30.698s] Compiling '/home/mohammed/SmartCar/ros2_ws/install/octopus_interfaces/local/lib/python3.10/dist-packages/octopus_interfaces/msg/_move_intent.py'...
[30.701s] Compiling '/home/mohammed/SmartCar/ros2_ws/install/octopus_interfaces/local/lib/python3.10/dist-packages/octopus_interfaces/msg/_object_distance.py'...
[30.702s] Compiling '/home/mohammed/SmartCar/ros2_ws/install/octopus_interfaces/local/lib/python3.10/dist-packages/octopus_interfaces/msg/_sensor_index.py'...
[30.738s] -- Installing: /home/mohammed/SmartCar/ros2_ws/install/octopus_interfaces/local/lib/python3.10/dist-packages/octopus_interfaces/octopus_interfaces_s__rosidl_typesupport_fastrtps_c.cpython-310-aarch64-linux-gnu.so
[30.744s] -- Set runtime path of "/home/mohammed/SmartCar/ros2_ws/install/octopus_interfaces/local/lib/python3.10/dist-packages/octopus_interfaces/octopus_interfaces_s__rosidl_typesupport_fastrtps_c.cpython-310-aarch64-linux-gnu.so" to ""
[30.745s] -- Installing: /home/mohammed/SmartCar/ros2_ws/install/octopus_interfaces/local/lib/python3.10/dist-packages/octopus_interfaces/octopus_interfaces_s__rosidl_typesupport_introspection_c.cpython-310-aarch64-linux-gnu.so
[30.750s] -- Set runtime path of "/home/mohammed/SmartCar/ros2_ws/install/octopus_interfaces/local/lib/python3.10/dist-packages/octopus_interfaces/octopus_interfaces_s__rosidl_typesupport_introspection_c.cpython-310-aarch64-linux-gnu.so" to ""
[30.757s] -- Installing: /home/mohammed/SmartCar/ros2_ws/install/octopus_interfaces/local/lib/python3.10/dist-packages/octopus_interfaces/octopus_interfaces_s__rosidl_typesupport_c.cpython-310-aarch64-linux-gnu.so
[30.763s] -- Set runtime path of "/home/mohammed/SmartCar/ros2_ws/install/octopus_interfaces/local/lib/python3.10/dist-packages/octopus_interfaces/octopus_interfaces_s__rosidl_typesupport_c.cpython-310-aarch64-linux-gnu.so" to ""
[30.767s] -- Installing: /home/mohammed/SmartCar/ros2_ws/install/octopus_interfaces/lib/liboctopus_interfaces__rosidl_generator_py.so
[30.774s] -- Set runtime path of "/home/mohammed/SmartCar/ros2_ws/install/octopus_interfaces/lib/liboctopus_interfaces__rosidl_generator_py.so" to ""
[30.777s] -- Up-to-date: /home/mohammed/SmartCar/ros2_ws/install/octopus_interfaces/share/octopus_interfaces/msg/SensorIndex.idl
[30.780s] -- Up-to-date: /home/mohammed/SmartCar/ros2_ws/install/octopus_interfaces/share/octopus_interfaces/msg/ObjectDistance.idl
[30.782s] -- Installing: /home/mohammed/SmartCar/ros2_ws/install/octopus_interfaces/share/octopus_interfaces/msg/MoveIntent.idl
[30.785s] -- Up-to-date: /home/mohammed/SmartCar/ros2_ws/install/octopus_interfaces/share/octopus_interfaces/msg/SensorIndex.msg
[30.785s] -- Up-to-date: /home/mohammed/SmartCar/ros2_ws/install/octopus_interfaces/share/octopus_interfaces/msg/ObjectDistance.msg
[30.786s] -- Installing: /home/mohammed/SmartCar/ros2_ws/install/octopus_interfaces/share/octopus_interfaces/msg/MoveIntent.msg
[30.788s] -- Up-to-date: /home/mohammed/SmartCar/ros2_ws/install/octopus_interfaces/share/ament_index/resource_index/package_run_dependencies/octopus_interfaces
[30.789s] -- Up-to-date: /home/mohammed/SmartCar/ros2_ws/install/octopus_interfaces/share/ament_index/resource_index/parent_prefix_path/octopus_interfaces
[30.790s] -- Up-to-date: /home/mohammed/SmartCar/ros2_ws/install/octopus_interfaces/share/octopus_interfaces/environment/ament_prefix_path.sh
[30.794s] -- Installing: /home/mohammed/SmartCar/ros2_ws/install/octopus_interfaces/share/octopus_interfaces/environment/ament_prefix_path.dsv
[30.796s] -- Up-to-date: /home/mohammed/SmartCar/ros2_ws/install/octopus_interfaces/share/octopus_interfaces/environment/path.sh
[30.797s] -- Installing: /home/mohammed/SmartCar/ros2_ws/install/octopus_interfaces/share/octopus_interfaces/environment/path.dsv
[30.800s] -- Up-to-date: /home/mohammed/SmartCar/ros2_ws/install/octopus_interfaces/share/octopus_interfaces/local_setup.bash
[30.801s] -- Up-to-date: /home/mohammed/SmartCar/ros2_ws/install/octopus_interfaces/share/octopus_interfaces/local_setup.sh
[30.803s] -- Up-to-date: /home/mohammed/SmartCar/ros2_ws/install/octopus_interfaces/share/octopus_interfaces/local_setup.zsh
[30.808s] -- Installing: /home/mohammed/SmartCar/ros2_ws/install/octopus_interfaces/share/octopus_interfaces/local_setup.dsv
[30.811s] -- Installing: /home/mohammed/SmartCar/ros2_ws/install/octopus_interfaces/share/octopus_interfaces/package.dsv
[30.812s] -- Up-to-date: /home/mohammed/SmartCar/ros2_ws/install/octopus_interfaces/share/ament_index/resource_index/packages/octopus_interfaces
[30.813s] -- Up-to-date: /home/mohammed/SmartCar/ros2_ws/install/octopus_interfaces/share/octopus_interfaces/cmake/export_octopus_interfaces__rosidl_generator_cExport.cmake
[30.815s] -- Up-to-date: /home/mohammed/SmartCar/ros2_ws/install/octopus_interfaces/share/octopus_interfaces/cmake/export_octopus_interfaces__rosidl_generator_cExport-noconfig.cmake
[30.817s] -- Up-to-date: /home/mohammed/SmartCar/ros2_ws/install/octopus_interfaces/share/octopus_interfaces/cmake/export_octopus_interfaces__rosidl_typesupport_fastrtps_cExport.cmake
[30.820s] -- Up-to-date: /home/mohammed/SmartCar/ros2_ws/install/octopus_interfaces/share/octopus_interfaces/cmake/export_octopus_interfaces__rosidl_typesupport_fastrtps_cExport-noconfig.cmake
[30.821s] -- Up-to-date: /home/mohammed/SmartCar/ros2_ws/install/octopus_interfaces/share/octopus_interfaces/cmake/octopus_interfaces__rosidl_typesupport_introspection_cExport.cmake
[30.822s] -- Up-to-date: /home/mohammed/SmartCar/ros2_ws/install/octopus_interfaces/share/octopus_interfaces/cmake/octopus_interfaces__rosidl_typesupport_introspection_cExport-noconfig.cmake
[30.824s] -- Up-to-date: /home/mohammed/SmartCar/ros2_ws/install/octopus_interfaces/share/octopus_interfaces/cmake/octopus_interfaces__rosidl_typesupport_cExport.cmake
[30.829s] -- Up-to-date: /home/mohammed/SmartCar/ros2_ws/install/octopus_interfaces/share/octopus_interfaces/cmake/octopus_interfaces__rosidl_typesupport_cExport-noconfig.cmake
[30.830s] -- Up-to-date: /home/mohammed/SmartCar/ros2_ws/install/octopus_interfaces/share/octopus_interfaces/cmake/export_octopus_interfaces__rosidl_generator_cppExport.cmake
[30.831s] -- Up-to-date: /home/mohammed/SmartCar/ros2_ws/install/octopus_interfaces/share/octopus_interfaces/cmake/export_octopus_interfaces__rosidl_typesupport_fastrtps_cppExport.cmake
[30.834s] -- Up-to-date: /home/mohammed/SmartCar/ros2_ws/install/octopus_interfaces/share/octopus_interfaces/cmake/export_octopus_interfaces__rosidl_typesupport_fastrtps_cppExport-noconfig.cmake
[30.837s] -- Up-to-date: /home/mohammed/SmartCar/ros2_ws/install/octopus_interfaces/share/octopus_interfaces/cmake/octopus_interfaces__rosidl_typesupport_introspection_cppExport.cmake
[30.839s] -- Up-to-date: /home/mohammed/SmartCar/ros2_ws/install/octopus_interfaces/share/octopus_interfaces/cmake/octopus_interfaces__rosidl_typesupport_introspection_cppExport-noconfig.cmake
[30.841s] -- Up-to-date: /home/mohammed/SmartCar/ros2_ws/install/octopus_interfaces/share/octopus_interfaces/cmake/octopus_interfaces__rosidl_typesupport_cppExport.cmake
[30.842s] -- Up-to-date: /home/mohammed/SmartCar/ros2_ws/install/octopus_interfaces/share/octopus_interfaces/cmake/octopus_interfaces__rosidl_typesupport_cppExport-noconfig.cmake
[30.844s] -- Up-to-date: /home/mohammed/SmartCar/ros2_ws/install/octopus_interfaces/share/octopus_interfaces/cmake/export_octopus_interfaces__rosidl_generator_pyExport.cmake
[30.845s] -- Up-to-date: /home/mohammed/SmartCar/ros2_ws/install/octopus_interfaces/share/octopus_interfaces/cmake/export_octopus_interfaces__rosidl_generator_pyExport-noconfig.cmake
[30.846s] -- Installing: /home/mohammed/SmartCar/ros2_ws/install/octopus_interfaces/share/octopus_interfaces/cmake/rosidl_cmake-extras.cmake
[30.848s] -- Up-to-date: /home/mohammed/SmartCar/ros2_ws/install/octopus_interfaces/share/octopus_interfaces/cmake/ament_cmake_export_include_directories-extras.cmake
[30.850s] -- Up-to-date: /home/mohammed/SmartCar/ros2_ws/install/octopus_interfaces/share/octopus_interfaces/cmake/ament_cmake_export_libraries-extras.cmake
[30.850s] -- Up-to-date: /home/mohammed/SmartCar/ros2_ws/install/octopus_interfaces/share/octopus_interfaces/cmake/ament_cmake_export_targets-extras.cmake
[30.852s] -- Up-to-date: /home/mohammed/SmartCar/ros2_ws/install/octopus_interfaces/share/octopus_interfaces/cmake/rosidl_cmake_export_typesupport_targets-extras.cmake
[30.853s] -- Up-to-date: /home/mohammed/SmartCar/ros2_ws/install/octopus_interfaces/share/octopus_interfaces/cmake/ament_cmake_export_dependencies-extras.cmake
[30.854s] -- Up-to-date: /home/mohammed/SmartCar/ros2_ws/install/octopus_interfaces/share/octopus_interfaces/cmake/rosidl_cmake_export_typesupport_libraries-extras.cmake
[30.863s] -- Up-to-date: /home/mohammed/SmartCar/ros2_ws/install/octopus_interfaces/share/octopus_interfaces/cmake/octopus_interfacesConfig.cmake
[30.864s] -- Up-to-date: /home/mohammed/SmartCar/ros2_ws/install/octopus_interfaces/share/octopus_interfaces/cmake/octopus_interfacesConfig-version.cmake
[30.868s] -- Up-to-date: /home/mohammed/SmartCar/ros2_ws/install/octopus_interfaces/share/octopus_interfaces/package.xml
[30.869s] Invoked command in '/home/mohammed/SmartCar/ros2_ws/build/octopus_interfaces' returned '0': CMAKE_PREFIX_PATH=${CMAKE_PREFIX_PATH}:/home/mohammed/SmartCar/ros2_ws/install/SmartCar_pkg:/opt/ros/humble /usr/bin/cmake --install /home/mohammed/SmartCar/ros2_ws/build/octopus_interfaces
