[1.107s] DEBUG:colcon:Command line arguments: ['/usr/bin/colcon', 'build', '--packages-select', 'SmartCar_pkg']
[1.107s] DEBUG:colcon:Parsed command line arguments: Namespace(log_base=None, log_level=None, verb_name='build', build_base='build', install_base='install', merge_install=False, symlink_install=False, test_result_base=None, continue_on_error=False, executor='parallel', parallel_workers=4, event_handlers=None, ignore_user_meta=False, metas=['./colcon.meta'], base_paths=['.'], packages_ignore=None, packages_ignore_regex=None, paths=None, packages_up_to=None, packages_up_to_regex=None, packages_above=None, packages_above_and_dependencies=None, packages_above_depth=None, packages_select_by_dep=None, packages_skip_by_dep=None, packages_skip_up_to=None, packages_select_build_failed=False, packages_skip_build_finished=False, packages_select_test_failures=False, packages_skip_test_passed=False, packages_select=['SmartCar_pkg'], packages_skip=None, packages_select_regex=None, packages_skip_regex=None, packages_start=None, packages_end=None, allow_overriding=[], cmake_args=None, cmake_target=None, cmake_target_skip_unavailable=False, cmake_clean_cache=False, cmake_clean_first=False, cmake_force_configure=False, ament_cmake_args=None, catkin_cmake_args=None, catkin_skip_building_tests=False, verb_parser=<colcon_defaults.argument_parser.defaults.DefaultArgumentsDecorator object at 0xffff9aa17520>, verb_extension=<colcon_core.verb.build.BuildVerb object at 0xffff9ac00910>, main=<bound method BuildVerb.main of <colcon_core.verb.build.BuildVerb object at 0xffff9ac00910>>)
[2.797s] Level 1:colcon.colcon_core.package_discovery:discover_packages(colcon_meta) check parameters
[2.798s] Level 1:colcon.colcon_core.package_discovery:discover_packages(recursive) check parameters
[2.798s] Level 1:colcon.colcon_core.package_discovery:discover_packages(ignore) check parameters
[2.798s] Level 1:colcon.colcon_core.package_discovery:discover_packages(path) check parameters
[2.798s] Level 1:colcon.colcon_core.package_discovery:discover_packages(colcon_meta) discover
[2.799s] Level 1:colcon.colcon_core.package_discovery:discover_packages(recursive) discover
[2.799s] INFO:colcon.colcon_core.package_discovery:Crawling recursively for packages in '/home/mohammed/SmartCar/ros2_ws'
[2.800s] Level 1:colcon.colcon_core.package_identification:_identify(.) by extensions ['ignore', 'ignore_ament_install']
[2.800s] Level 1:colcon.colcon_core.package_identification:_identify(.) by extension 'ignore'
[2.801s] Level 1:colcon.colcon_core.package_identification:_identify(.) by extension 'ignore_ament_install'
[2.801s] Level 1:colcon.colcon_core.package_identification:_identify(.) by extensions ['colcon_pkg']
[2.801s] Level 1:colcon.colcon_core.package_identification:_identify(.) by extension 'colcon_pkg'
[2.802s] Level 1:colcon.colcon_core.package_identification:_identify(.) by extensions ['colcon_meta']
[2.802s] Level 1:colcon.colcon_core.package_identification:_identify(.) by extension 'colcon_meta'
[2.802s] Level 1:colcon.colcon_core.package_identification:_identify(.) by extensions ['ros']
[2.803s] Level 1:colcon.colcon_core.package_identification:_identify(.) by extension 'ros'
[2.876s] Level 1:colcon.colcon_core.package_identification:_identify(.) by extensions ['cmake', 'python']
[2.876s] Level 1:colcon.colcon_core.package_identification:_identify(.) by extension 'cmake'
[2.877s] Level 1:colcon.colcon_core.package_identification:_identify(.) by extension 'python'
[2.877s] Level 1:colcon.colcon_core.package_identification:_identify(.) by extensions ['python_setup_py']
[2.878s] Level 1:colcon.colcon_core.package_identification:_identify(.) by extension 'python_setup_py'
[2.878s] Level 1:colcon.colcon_core.package_identification:_identify(build) by extensions ['ignore', 'ignore_ament_install']
[2.880s] Level 1:colcon.colcon_core.package_identification:_identify(build) by extension 'ignore'
[2.880s] Level 1:colcon.colcon_core.package_identification:_identify(build) ignored
[2.881s] Level 1:colcon.colcon_core.package_identification:_identify(install) by extensions ['ignore', 'ignore_ament_install']
[2.882s] Level 1:colcon.colcon_core.package_identification:_identify(install) by extension 'ignore'
[2.882s] Level 1:colcon.colcon_core.package_identification:_identify(install) ignored
[2.883s] Level 1:colcon.colcon_core.package_identification:_identify(log) by extensions ['ignore', 'ignore_ament_install']
[2.884s] Level 1:colcon.colcon_core.package_identification:_identify(log) by extension 'ignore'
[2.884s] Level 1:colcon.colcon_core.package_identification:_identify(log) ignored
[2.885s] Level 1:colcon.colcon_core.package_identification:_identify(src) by extensions ['ignore', 'ignore_ament_install']
[2.886s] Level 1:colcon.colcon_core.package_identification:_identify(src) by extension 'ignore'
[2.886s] Level 1:colcon.colcon_core.package_identification:_identify(src) by extension 'ignore_ament_install'
[2.887s] Level 1:colcon.colcon_core.package_identification:_identify(src) by extensions ['colcon_pkg']
[2.887s] Level 1:colcon.colcon_core.package_identification:_identify(src) by extension 'colcon_pkg'
[2.888s] Level 1:colcon.colcon_core.package_identification:_identify(src) by extensions ['colcon_meta']
[2.888s] Level 1:colcon.colcon_core.package_identification:_identify(src) by extension 'colcon_meta'
[2.889s] Level 1:colcon.colcon_core.package_identification:_identify(src) by extensions ['ros']
[2.889s] Level 1:colcon.colcon_core.package_identification:_identify(src) by extension 'ros'
[2.890s] Level 1:colcon.colcon_core.package_identification:_identify(src) by extensions ['cmake', 'python']
[2.890s] Level 1:colcon.colcon_core.package_identification:_identify(src) by extension 'cmake'
[2.891s] Level 1:colcon.colcon_core.package_identification:_identify(src) by extension 'python'
[2.891s] Level 1:colcon.colcon_core.package_identification:_identify(src) by extensions ['python_setup_py']
[2.891s] Level 1:colcon.colcon_core.package_identification:_identify(src) by extension 'python_setup_py'
[2.892s] Level 1:colcon.colcon_core.package_identification:_identify(src/SmartCar_pkg) by extensions ['ignore', 'ignore_ament_install']
[2.893s] Level 1:colcon.colcon_core.package_identification:_identify(src/SmartCar_pkg) by extension 'ignore'
[2.894s] Level 1:colcon.colcon_core.package_identification:_identify(src/SmartCar_pkg) by extension 'ignore_ament_install'
[2.894s] Level 1:colcon.colcon_core.package_identification:_identify(src/SmartCar_pkg) by extensions ['colcon_pkg']
[2.895s] Level 1:colcon.colcon_core.package_identification:_identify(src/SmartCar_pkg) by extension 'colcon_pkg'
[2.895s] Level 1:colcon.colcon_core.package_identification:_identify(src/SmartCar_pkg) by extensions ['colcon_meta']
[2.896s] Level 1:colcon.colcon_core.package_identification:_identify(src/SmartCar_pkg) by extension 'colcon_meta'
[2.896s] Level 1:colcon.colcon_core.package_identification:_identify(src/SmartCar_pkg) by extensions ['ros']
[2.897s] Level 1:colcon.colcon_core.package_identification:_identify(src/SmartCar_pkg) by extension 'ros'
[2.912s] DEBUG:colcon.colcon_core.package_identification:Package 'src/SmartCar_pkg' with type 'ros.ament_python' and name 'SmartCar_pkg'
[2.913s] Level 1:colcon.colcon_core.package_identification:_identify(src/YDLidar-SDK) by extensions ['ignore', 'ignore_ament_install']
[2.913s] Level 1:colcon.colcon_core.package_identification:_identify(src/YDLidar-SDK) by extension 'ignore'
[2.914s] Level 1:colcon.colcon_core.package_identification:_identify(src/YDLidar-SDK) by extension 'ignore_ament_install'
[2.914s] Level 1:colcon.colcon_core.package_identification:_identify(src/YDLidar-SDK) by extensions ['colcon_pkg']
[2.914s] Level 1:colcon.colcon_core.package_identification:_identify(src/YDLidar-SDK) by extension 'colcon_pkg'
[2.915s] Level 1:colcon.colcon_core.package_identification:_identify(src/YDLidar-SDK) by extensions ['colcon_meta']
[2.915s] Level 1:colcon.colcon_core.package_identification:_identify(src/YDLidar-SDK) by extension 'colcon_meta'
[2.915s] Level 1:colcon.colcon_core.package_identification:_identify(src/YDLidar-SDK) by extensions ['ros']
[2.915s] Level 1:colcon.colcon_core.package_identification:_identify(src/YDLidar-SDK) by extension 'ros'
[2.916s] Level 1:colcon.colcon_core.package_identification:_identify(src/YDLidar-SDK) by extensions ['cmake', 'python']
[2.916s] Level 1:colcon.colcon_core.package_identification:_identify(src/YDLidar-SDK) by extension 'cmake'
[3.103s] Level 1:colcon.colcon_core.package_identification:_identify(src/YDLidar-SDK) by extension 'python'
[3.104s] DEBUG:colcon.colcon_core.package_identification:Package 'src/YDLidar-SDK' with type 'cmake' and name 'ydlidar_sdk'
[3.105s] Level 1:colcon.colcon_core.package_identification:_identify(src/ydlidar_ros2_driver) by extensions ['ignore', 'ignore_ament_install']
[3.106s] Level 1:colcon.colcon_core.package_identification:_identify(src/ydlidar_ros2_driver) by extension 'ignore'
[3.106s] Level 1:colcon.colcon_core.package_identification:_identify(src/ydlidar_ros2_driver) by extension 'ignore_ament_install'
[3.106s] Level 1:colcon.colcon_core.package_identification:_identify(src/ydlidar_ros2_driver) by extensions ['colcon_pkg']
[3.107s] Level 1:colcon.colcon_core.package_identification:_identify(src/ydlidar_ros2_driver) by extension 'colcon_pkg'
[3.107s] Level 1:colcon.colcon_core.package_identification:_identify(src/ydlidar_ros2_driver) by extensions ['colcon_meta']
[3.107s] Level 1:colcon.colcon_core.package_identification:_identify(src/ydlidar_ros2_driver) by extension 'colcon_meta'
[3.107s] Level 1:colcon.colcon_core.package_identification:_identify(src/ydlidar_ros2_driver) by extensions ['ros']
[3.108s] Level 1:colcon.colcon_core.package_identification:_identify(src/ydlidar_ros2_driver) by extension 'ros'
[3.112s] DEBUG:colcon.colcon_core.package_identification:Package 'src/ydlidar_ros2_driver' with type 'ros.ament_cmake' and name 'ydlidar_ros2_driver'
[3.112s] Level 1:colcon.colcon_core.package_discovery:discover_packages(recursive) using defaults
[3.112s] Level 1:colcon.colcon_core.package_discovery:discover_packages(ignore) discover
[3.113s] Level 1:colcon.colcon_core.package_discovery:discover_packages(ignore) using defaults
[3.113s] Level 1:colcon.colcon_core.package_discovery:discover_packages(path) discover
[3.113s] Level 1:colcon.colcon_core.package_discovery:discover_packages(path) using defaults
[3.237s] INFO:colcon.colcon_core.package_selection:Skipping not selected package 'ydlidar_ros2_driver' in 'src/ydlidar_ros2_driver'
[3.237s] INFO:colcon.colcon_core.package_selection:Skipping not selected package 'ydlidar_sdk' in 'src/YDLidar-SDK'
[3.240s] Level 1:colcon.colcon_core.package_discovery:discover_packages(prefix_path) check parameters
[3.241s] Level 1:colcon.colcon_core.package_discovery:discover_packages(prefix_path) discover
[3.260s] DEBUG:colcon.colcon_installed_package_information.package_discovery:Found 274 installed packages in /opt/ros/humble
[3.314s] Level 1:colcon.colcon_core.package_discovery:discover_packages(prefix_path) using defaults
[3.542s] Level 5:colcon.colcon_core.verb:set package 'SmartCar_pkg' build argument 'cmake_args' from command line to 'None'
[3.542s] Level 5:colcon.colcon_core.verb:set package 'SmartCar_pkg' build argument 'cmake_target' from command line to 'None'
[3.542s] Level 5:colcon.colcon_core.verb:set package 'SmartCar_pkg' build argument 'cmake_target_skip_unavailable' from command line to 'False'
[3.543s] Level 5:colcon.colcon_core.verb:set package 'SmartCar_pkg' build argument 'cmake_clean_cache' from command line to 'False'
[3.543s] Level 5:colcon.colcon_core.verb:set package 'SmartCar_pkg' build argument 'cmake_clean_first' from command line to 'False'
[3.543s] Level 5:colcon.colcon_core.verb:set package 'SmartCar_pkg' build argument 'cmake_force_configure' from command line to 'False'
[3.543s] Level 5:colcon.colcon_core.verb:set package 'SmartCar_pkg' build argument 'ament_cmake_args' from command line to 'None'
[3.543s] Level 5:colcon.colcon_core.verb:set package 'SmartCar_pkg' build argument 'catkin_cmake_args' from command line to 'None'
[3.544s] Level 5:colcon.colcon_core.verb:set package 'SmartCar_pkg' build argument 'catkin_skip_building_tests' from command line to 'False'
[3.544s] DEBUG:colcon.colcon_core.verb:Building package 'SmartCar_pkg' with the following arguments: {'ament_cmake_args': None, 'build_base': '/home/mohammed/SmartCar/ros2_ws/build/SmartCar_pkg', 'catkin_cmake_args': None, 'catkin_skip_building_tests': False, 'cmake_args': None, 'cmake_clean_cache': False, 'cmake_clean_first': False, 'cmake_force_configure': False, 'cmake_target': None, 'cmake_target_skip_unavailable': False, 'install_base': '/home/mohammed/SmartCar/ros2_ws/install/SmartCar_pkg', 'merge_install': False, 'path': '/home/mohammed/SmartCar/ros2_ws/src/SmartCar_pkg', 'symlink_install': False, 'test_result_base': None}
[3.545s] INFO:colcon.colcon_core.executor:Executing jobs using 'parallel' executor
[3.549s] DEBUG:colcon.colcon_parallel_executor.executor.parallel:run_until_complete
[3.550s] INFO:colcon.colcon_ros.task.ament_python.build:Building ROS package in '/home/mohammed/SmartCar/ros2_ws/src/SmartCar_pkg' with build type 'ament_python'
[3.551s] Level 1:colcon.colcon_core.shell:create_environment_hook('SmartCar_pkg', 'ament_prefix_path')
[3.570s] INFO:colcon.colcon_core.plugin_system:Skipping extension 'colcon_core.shell.bat': Not used on non-Windows systems
[3.571s] INFO:colcon.colcon_core.shell:Creating environment hook '/home/mohammed/SmartCar/ros2_ws/install/SmartCar_pkg/share/SmartCar_pkg/hook/ament_prefix_path.ps1'
[3.576s] INFO:colcon.colcon_core.shell:Creating environment descriptor '/home/mohammed/SmartCar/ros2_ws/install/SmartCar_pkg/share/SmartCar_pkg/hook/ament_prefix_path.dsv'
[3.580s] INFO:colcon.colcon_core.shell:Creating environment hook '/home/mohammed/SmartCar/ros2_ws/install/SmartCar_pkg/share/SmartCar_pkg/hook/ament_prefix_path.sh'
[3.585s] INFO:colcon.colcon_core.shell:Skip shell extension 'powershell' for command environment: Not usable outside of PowerShell
[3.585s] DEBUG:colcon.colcon_core.shell:Skip shell extension 'dsv' for command environment
[4.881s] INFO:colcon.colcon_core.task.python.build:Building Python package in '/home/mohammed/SmartCar/ros2_ws/src/SmartCar_pkg'
[4.882s] INFO:colcon.colcon_core.shell:Skip shell extension 'powershell' for command environment: Not usable outside of PowerShell
[4.882s] DEBUG:colcon.colcon_core.shell:Skip shell extension 'dsv' for command environment
[6.638s] DEBUG:colcon.colcon_core.event_handler.log_command:Invoking command in '/home/mohammed/SmartCar/ros2_ws/src/SmartCar_pkg': PYTHONPATH=/home/mohammed/SmartCar/ros2_ws/build/SmartCar_pkg/prefix_override:/usr/lib/python3/dist-packages/colcon_core/task/python/colcon_distutils_commands:/home/mohammed/SmartCar/ros2_ws/install/SmartCar_pkg/lib/python3.10/site-packages:${PYTHONPATH} /usr/bin/python3 -W ignore:setup.py install is deprecated -W ignore:easy_install command is deprecated setup.py egg_info --egg-base ../../build/SmartCar_pkg build --build-base /home/mohammed/SmartCar/ros2_ws/build/SmartCar_pkg/build install --record /home/mohammed/SmartCar/ros2_ws/build/SmartCar_pkg/install.log --single-version-externally-managed install_data
[7.991s] DEBUG:colcon.colcon_core.event_handler.log_command:Invoked command in '/home/mohammed/SmartCar/ros2_ws/src/SmartCar_pkg' returned '0': PYTHONPATH=/home/mohammed/SmartCar/ros2_ws/build/SmartCar_pkg/prefix_override:/usr/lib/python3/dist-packages/colcon_core/task/python/colcon_distutils_commands:/home/mohammed/SmartCar/ros2_ws/install/SmartCar_pkg/lib/python3.10/site-packages:${PYTHONPATH} /usr/bin/python3 -W ignore:setup.py install is deprecated -W ignore:easy_install command is deprecated setup.py egg_info --egg-base ../../build/SmartCar_pkg build --build-base /home/mohammed/SmartCar/ros2_ws/build/SmartCar_pkg/build install --record /home/mohammed/SmartCar/ros2_ws/build/SmartCar_pkg/install.log --single-version-externally-managed install_data
[8.012s] Level 1:colcon.colcon_core.environment:checking '/home/mohammed/SmartCar/ros2_ws/install/SmartCar_pkg' for CMake module files
[8.015s] Level 1:colcon.colcon_core.environment:checking '/home/mohammed/SmartCar/ros2_ws/install/SmartCar_pkg' for CMake config files
[8.021s] Level 1:colcon.colcon_core.environment:checking '/home/mohammed/SmartCar/ros2_ws/install/SmartCar_pkg/lib'
[8.022s] Level 1:colcon.colcon_core.environment:checking '/home/mohammed/SmartCar/ros2_ws/install/SmartCar_pkg/bin'
[8.022s] Level 1:colcon.colcon_core.environment:checking '/home/mohammed/SmartCar/ros2_ws/install/SmartCar_pkg/lib/pkgconfig/SmartCar_pkg.pc'
[8.023s] Level 1:colcon.colcon_core.environment:checking '/home/mohammed/SmartCar/ros2_ws/install/SmartCar_pkg/lib/python3.10/site-packages'
[8.023s] Level 1:colcon.colcon_core.shell:create_environment_hook('SmartCar_pkg', 'pythonpath')
[8.024s] INFO:colcon.colcon_core.shell:Creating environment hook '/home/mohammed/SmartCar/ros2_ws/install/SmartCar_pkg/share/SmartCar_pkg/hook/pythonpath.ps1'
[8.027s] INFO:colcon.colcon_core.shell:Creating environment descriptor '/home/mohammed/SmartCar/ros2_ws/install/SmartCar_pkg/share/SmartCar_pkg/hook/pythonpath.dsv'
[8.028s] INFO:colcon.colcon_core.shell:Creating environment hook '/home/mohammed/SmartCar/ros2_ws/install/SmartCar_pkg/share/SmartCar_pkg/hook/pythonpath.sh'
[8.032s] Level 1:colcon.colcon_core.environment:checking '/home/mohammed/SmartCar/ros2_ws/install/SmartCar_pkg/bin'
[8.032s] Level 1:colcon.colcon_core.environment:create_environment_scripts_only(SmartCar_pkg)
[8.033s] INFO:colcon.colcon_core.shell:Creating package script '/home/mohammed/SmartCar/ros2_ws/install/SmartCar_pkg/share/SmartCar_pkg/package.ps1'
[8.038s] INFO:colcon.colcon_core.shell:Creating package descriptor '/home/mohammed/SmartCar/ros2_ws/install/SmartCar_pkg/share/SmartCar_pkg/package.dsv'
[8.041s] INFO:colcon.colcon_core.shell:Creating package script '/home/mohammed/SmartCar/ros2_ws/install/SmartCar_pkg/share/SmartCar_pkg/package.sh'
[8.046s] INFO:colcon.colcon_core.shell:Creating package script '/home/mohammed/SmartCar/ros2_ws/install/SmartCar_pkg/share/SmartCar_pkg/package.bash'
[8.051s] INFO:colcon.colcon_core.shell:Creating package script '/home/mohammed/SmartCar/ros2_ws/install/SmartCar_pkg/share/SmartCar_pkg/package.zsh'
[8.056s] Level 1:colcon.colcon_core.environment:create_file_with_runtime_dependencies(/home/mohammed/SmartCar/ros2_ws/install/SmartCar_pkg/share/colcon-core/packages/SmartCar_pkg)
[8.058s] DEBUG:colcon.colcon_parallel_executor.executor.parallel:closing loop
[8.060s] DEBUG:colcon.colcon_parallel_executor.executor.parallel:loop closed
[8.061s] DEBUG:colcon.colcon_parallel_executor.executor.parallel:run_until_complete finished with '0'
[8.061s] DEBUG:colcon.colcon_core.event_reactor:joining thread
[8.093s] INFO:colcon.colcon_core.plugin_system:Skipping extension 'colcon_notification.desktop_notification.terminal_notifier': Not used on non-Darwin systems
[8.094s] INFO:colcon.colcon_core.plugin_system:Skipping extension 'colcon_notification.desktop_notification.win32': Not used on non-Windows systems
[8.094s] INFO:colcon.colcon_notification.desktop_notification:Sending desktop notification using 'notify2'
[8.139s] DEBUG:colcon.colcon_core.event_reactor:joined thread
[8.140s] INFO:colcon.colcon_core.shell:Creating prefix script '/home/mohammed/SmartCar/ros2_ws/install/local_setup.ps1'
[8.145s] INFO:colcon.colcon_core.shell:Creating prefix util module '/home/mohammed/SmartCar/ros2_ws/install/_local_setup_util_ps1.py'
[8.151s] INFO:colcon.colcon_core.shell:Creating prefix chain script '/home/mohammed/SmartCar/ros2_ws/install/setup.ps1'
[8.156s] INFO:colcon.colcon_core.shell:Creating prefix script '/home/mohammed/SmartCar/ros2_ws/install/local_setup.sh'
[8.160s] INFO:colcon.colcon_core.shell:Creating prefix util module '/home/mohammed/SmartCar/ros2_ws/install/_local_setup_util_sh.py'
[8.163s] INFO:colcon.colcon_core.shell:Creating prefix chain script '/home/mohammed/SmartCar/ros2_ws/install/setup.sh'
[8.168s] INFO:colcon.colcon_core.shell:Creating prefix script '/home/mohammed/SmartCar/ros2_ws/install/local_setup.bash'
[8.172s] INFO:colcon.colcon_core.shell:Creating prefix chain script '/home/mohammed/SmartCar/ros2_ws/install/setup.bash'
[8.177s] INFO:colcon.colcon_core.shell:Creating prefix script '/home/mohammed/SmartCar/ros2_ws/install/local_setup.zsh'
[8.181s] INFO:colcon.colcon_core.shell:Creating prefix chain script '/home/mohammed/SmartCar/ros2_ws/install/setup.zsh'
