[0.890s] DEBUG:colcon:Command line arguments: ['/usr/bin/colcon', 'build', '--packages-select', 'SmartCar_pkg']
[0.891s] DEBUG:colcon:Parsed command line arguments: Namespace(log_base=None, log_level=None, verb_name='build', build_base='build', install_base='install', merge_install=False, symlink_install=False, test_result_base=None, continue_on_error=False, executor='parallel', parallel_workers=4, event_handlers=None, ignore_user_meta=False, metas=['./colcon.meta'], base_paths=['.'], packages_ignore=None, packages_ignore_regex=None, paths=None, packages_up_to=None, packages_up_to_regex=None, packages_above=None, packages_above_and_dependencies=None, packages_above_depth=None, packages_select_by_dep=None, packages_skip_by_dep=None, packages_skip_up_to=None, packages_select_build_failed=False, packages_skip_build_finished=False, packages_select_test_failures=False, packages_skip_test_passed=False, packages_select=['SmartCar_pkg'], packages_skip=None, packages_select_regex=None, packages_skip_regex=None, packages_start=None, packages_end=None, allow_overriding=[], cmake_args=None, cmake_target=None, cmake_target_skip_unavailable=False, cmake_clean_cache=False, cmake_clean_first=False, cmake_force_configure=False, ament_cmake_args=None, catkin_cmake_args=None, catkin_skip_building_tests=False, verb_parser=<colcon_defaults.argument_parser.defaults.DefaultArgumentsDecorator object at 0xffffaf597c40>, verb_extension=<colcon_core.verb.build.BuildVerb object at 0xffffaf775030>, main=<bound method BuildVerb.main of <colcon_core.verb.build.BuildVerb object at 0xffffaf775030>>)
[2.525s] Level 1:colcon.colcon_core.package_discovery:discover_packages(colcon_meta) check parameters
[2.526s] Level 1:colcon.colcon_core.package_discovery:discover_packages(recursive) check parameters
[2.526s] Level 1:colcon.colcon_core.package_discovery:discover_packages(ignore) check parameters
[2.527s] Level 1:colcon.colcon_core.package_discovery:discover_packages(path) check parameters
[2.527s] Level 1:colcon.colcon_core.package_discovery:discover_packages(colcon_meta) discover
[2.528s] Level 1:colcon.colcon_core.package_discovery:discover_packages(recursive) discover
[2.529s] INFO:colcon.colcon_core.package_discovery:Crawling recursively for packages in '/home/mohammed/SmartCar/ros2_ws'
[2.530s] Level 1:colcon.colcon_core.package_identification:_identify(.) by extensions ['ignore', 'ignore_ament_install']
[2.531s] Level 1:colcon.colcon_core.package_identification:_identify(.) by extension 'ignore'
[2.532s] Level 1:colcon.colcon_core.package_identification:_identify(.) by extension 'ignore_ament_install'
[2.533s] Level 1:colcon.colcon_core.package_identification:_identify(.) by extensions ['colcon_pkg']
[2.533s] Level 1:colcon.colcon_core.package_identification:_identify(.) by extension 'colcon_pkg'
[2.535s] Level 1:colcon.colcon_core.package_identification:_identify(.) by extensions ['colcon_meta']
[2.535s] Level 1:colcon.colcon_core.package_identification:_identify(.) by extension 'colcon_meta'
[2.536s] Level 1:colcon.colcon_core.package_identification:_identify(.) by extensions ['ros']
[2.537s] Level 1:colcon.colcon_core.package_identification:_identify(.) by extension 'ros'
[2.614s] Level 1:colcon.colcon_core.package_identification:_identify(.) by extensions ['cmake', 'python']
[2.614s] Level 1:colcon.colcon_core.package_identification:_identify(.) by extension 'cmake'
[2.615s] Level 1:colcon.colcon_core.package_identification:_identify(.) by extension 'python'
[2.617s] Level 1:colcon.colcon_core.package_identification:_identify(.) by extensions ['python_setup_py']
[2.617s] Level 1:colcon.colcon_core.package_identification:_identify(.) by extension 'python_setup_py'
[2.619s] Level 1:colcon.colcon_core.package_identification:_identify(build) by extensions ['ignore', 'ignore_ament_install']
[2.621s] Level 1:colcon.colcon_core.package_identification:_identify(build) by extension 'ignore'
[2.623s] Level 1:colcon.colcon_core.package_identification:_identify(build) ignored
[2.624s] Level 1:colcon.colcon_core.package_identification:_identify(install) by extensions ['ignore', 'ignore_ament_install']
[2.625s] Level 1:colcon.colcon_core.package_identification:_identify(install) by extension 'ignore'
[2.626s] Level 1:colcon.colcon_core.package_identification:_identify(install) ignored
[2.630s] Level 1:colcon.colcon_core.package_identification:_identify(log) by extensions ['ignore', 'ignore_ament_install']
[2.631s] Level 1:colcon.colcon_core.package_identification:_identify(log) by extension 'ignore'
[2.631s] Level 1:colcon.colcon_core.package_identification:_identify(log) ignored
[2.633s] Level 1:colcon.colcon_core.package_identification:_identify(src) by extensions ['ignore', 'ignore_ament_install']
[2.634s] Level 1:colcon.colcon_core.package_identification:_identify(src) by extension 'ignore'
[2.635s] Level 1:colcon.colcon_core.package_identification:_identify(src) by extension 'ignore_ament_install'
[2.637s] Level 1:colcon.colcon_core.package_identification:_identify(src) by extensions ['colcon_pkg']
[2.637s] Level 1:colcon.colcon_core.package_identification:_identify(src) by extension 'colcon_pkg'
[2.638s] Level 1:colcon.colcon_core.package_identification:_identify(src) by extensions ['colcon_meta']
[2.639s] Level 1:colcon.colcon_core.package_identification:_identify(src) by extension 'colcon_meta'
[2.639s] Level 1:colcon.colcon_core.package_identification:_identify(src) by extensions ['ros']
[2.640s] Level 1:colcon.colcon_core.package_identification:_identify(src) by extension 'ros'
[2.641s] Level 1:colcon.colcon_core.package_identification:_identify(src) by extensions ['cmake', 'python']
[2.642s] Level 1:colcon.colcon_core.package_identification:_identify(src) by extension 'cmake'
[2.643s] Level 1:colcon.colcon_core.package_identification:_identify(src) by extension 'python'
[2.644s] Level 1:colcon.colcon_core.package_identification:_identify(src) by extensions ['python_setup_py']
[2.645s] Level 1:colcon.colcon_core.package_identification:_identify(src) by extension 'python_setup_py'
[2.646s] Level 1:colcon.colcon_core.package_identification:_identify(src/SmartCar_pkg) by extensions ['ignore', 'ignore_ament_install']
[2.648s] Level 1:colcon.colcon_core.package_identification:_identify(src/SmartCar_pkg) by extension 'ignore'
[2.649s] Level 1:colcon.colcon_core.package_identification:_identify(src/SmartCar_pkg) by extension 'ignore_ament_install'
[2.650s] Level 1:colcon.colcon_core.package_identification:_identify(src/SmartCar_pkg) by extensions ['colcon_pkg']
[2.651s] Level 1:colcon.colcon_core.package_identification:_identify(src/SmartCar_pkg) by extension 'colcon_pkg'
[2.652s] Level 1:colcon.colcon_core.package_identification:_identify(src/SmartCar_pkg) by extensions ['colcon_meta']
[2.652s] Level 1:colcon.colcon_core.package_identification:_identify(src/SmartCar_pkg) by extension 'colcon_meta'
[2.653s] Level 1:colcon.colcon_core.package_identification:_identify(src/SmartCar_pkg) by extensions ['ros']
[2.654s] Level 1:colcon.colcon_core.package_identification:_identify(src/SmartCar_pkg) by extension 'ros'
[2.669s] DEBUG:colcon.colcon_core.package_identification:Package 'src/SmartCar_pkg' with type 'ros.ament_python' and name 'SmartCar_pkg'
[2.671s] Level 1:colcon.colcon_core.package_identification:_identify(src/YDLidar-SDK) by extensions ['ignore', 'ignore_ament_install']
[2.671s] Level 1:colcon.colcon_core.package_identification:_identify(src/YDLidar-SDK) by extension 'ignore'
[2.672s] Level 1:colcon.colcon_core.package_identification:_identify(src/YDLidar-SDK) by extension 'ignore_ament_install'
[2.673s] Level 1:colcon.colcon_core.package_identification:_identify(src/YDLidar-SDK) by extensions ['colcon_pkg']
[2.674s] Level 1:colcon.colcon_core.package_identification:_identify(src/YDLidar-SDK) by extension 'colcon_pkg'
[2.675s] Level 1:colcon.colcon_core.package_identification:_identify(src/YDLidar-SDK) by extensions ['colcon_meta']
[2.676s] Level 1:colcon.colcon_core.package_identification:_identify(src/YDLidar-SDK) by extension 'colcon_meta'
[2.677s] Level 1:colcon.colcon_core.package_identification:_identify(src/YDLidar-SDK) by extensions ['ros']
[2.677s] Level 1:colcon.colcon_core.package_identification:_identify(src/YDLidar-SDK) by extension 'ros'
[2.679s] Level 1:colcon.colcon_core.package_identification:_identify(src/YDLidar-SDK) by extensions ['cmake', 'python']
[2.679s] Level 1:colcon.colcon_core.package_identification:_identify(src/YDLidar-SDK) by extension 'cmake'
[2.831s] Level 1:colcon.colcon_core.package_identification:_identify(src/YDLidar-SDK) by extension 'python'
[2.833s] DEBUG:colcon.colcon_core.package_identification:Package 'src/YDLidar-SDK' with type 'cmake' and name 'ydlidar_sdk'
[2.835s] Level 1:colcon.colcon_core.package_identification:_identify(src/octopus_interfaces) by extensions ['ignore', 'ignore_ament_install']
[2.836s] Level 1:colcon.colcon_core.package_identification:_identify(src/octopus_interfaces) by extension 'ignore'
[2.837s] Level 1:colcon.colcon_core.package_identification:_identify(src/octopus_interfaces) by extension 'ignore_ament_install'
[2.838s] Level 1:colcon.colcon_core.package_identification:_identify(src/octopus_interfaces) by extensions ['colcon_pkg']
[2.838s] Level 1:colcon.colcon_core.package_identification:_identify(src/octopus_interfaces) by extension 'colcon_pkg'
[2.839s] Level 1:colcon.colcon_core.package_identification:_identify(src/octopus_interfaces) by extensions ['colcon_meta']
[2.840s] Level 1:colcon.colcon_core.package_identification:_identify(src/octopus_interfaces) by extension 'colcon_meta'
[2.841s] Level 1:colcon.colcon_core.package_identification:_identify(src/octopus_interfaces) by extensions ['ros']
[2.841s] Level 1:colcon.colcon_core.package_identification:_identify(src/octopus_interfaces) by extension 'ros'
[2.846s] DEBUG:colcon.colcon_core.package_identification:Package 'src/octopus_interfaces' with type 'ros.ament_cmake' and name 'octopus_interfaces'
[2.847s] Level 1:colcon.colcon_core.package_identification:_identify(src/ydlidar_ros2_driver) by extensions ['ignore', 'ignore_ament_install']
[2.849s] Level 1:colcon.colcon_core.package_identification:_identify(src/ydlidar_ros2_driver) by extension 'ignore'
[2.849s] Level 1:colcon.colcon_core.package_identification:_identify(src/ydlidar_ros2_driver) by extension 'ignore_ament_install'
[2.850s] Level 1:colcon.colcon_core.package_identification:_identify(src/ydlidar_ros2_driver) by extensions ['colcon_pkg']
[2.850s] Level 1:colcon.colcon_core.package_identification:_identify(src/ydlidar_ros2_driver) by extension 'colcon_pkg'
[2.850s] Level 1:colcon.colcon_core.package_identification:_identify(src/ydlidar_ros2_driver) by extensions ['colcon_meta']
[2.851s] Level 1:colcon.colcon_core.package_identification:_identify(src/ydlidar_ros2_driver) by extension 'colcon_meta'
[2.851s] Level 1:colcon.colcon_core.package_identification:_identify(src/ydlidar_ros2_driver) by extensions ['ros']
[2.852s] Level 1:colcon.colcon_core.package_identification:_identify(src/ydlidar_ros2_driver) by extension 'ros'
[2.855s] DEBUG:colcon.colcon_core.package_identification:Package 'src/ydlidar_ros2_driver' with type 'ros.ament_cmake' and name 'ydlidar_ros2_driver'
[2.856s] Level 1:colcon.colcon_core.package_discovery:discover_packages(recursive) using defaults
[2.856s] Level 1:colcon.colcon_core.package_discovery:discover_packages(ignore) discover
[2.856s] Level 1:colcon.colcon_core.package_discovery:discover_packages(ignore) using defaults
[2.857s] Level 1:colcon.colcon_core.package_discovery:discover_packages(path) discover
[2.858s] Level 1:colcon.colcon_core.package_discovery:discover_packages(path) using defaults
[3.011s] INFO:colcon.colcon_core.package_selection:Skipping not selected package 'octopus_interfaces' in 'src/octopus_interfaces'
[3.012s] INFO:colcon.colcon_core.package_selection:Skipping not selected package 'ydlidar_ros2_driver' in 'src/ydlidar_ros2_driver'
[3.012s] INFO:colcon.colcon_core.package_selection:Skipping not selected package 'ydlidar_sdk' in 'src/YDLidar-SDK'
[3.016s] Level 1:colcon.colcon_core.package_discovery:discover_packages(prefix_path) check parameters
[3.016s] Level 1:colcon.colcon_core.package_discovery:discover_packages(prefix_path) discover
[3.031s] DEBUG:colcon.colcon_installed_package_information.package_discovery:Found 4 installed packages in /home/mohammed/SmartCar/ros2_ws/install
[3.042s] DEBUG:colcon.colcon_installed_package_information.package_discovery:Found 274 installed packages in /opt/ros/humble
[3.121s] Level 1:colcon.colcon_core.package_discovery:discover_packages(prefix_path) using defaults
[3.456s] Level 5:colcon.colcon_core.verb:set package 'SmartCar_pkg' build argument 'cmake_args' from command line to 'None'
[3.456s] Level 5:colcon.colcon_core.verb:set package 'SmartCar_pkg' build argument 'cmake_target' from command line to 'None'
[3.456s] Level 5:colcon.colcon_core.verb:set package 'SmartCar_pkg' build argument 'cmake_target_skip_unavailable' from command line to 'False'
[3.457s] Level 5:colcon.colcon_core.verb:set package 'SmartCar_pkg' build argument 'cmake_clean_cache' from command line to 'False'
[3.457s] Level 5:colcon.colcon_core.verb:set package 'SmartCar_pkg' build argument 'cmake_clean_first' from command line to 'False'
[3.457s] Level 5:colcon.colcon_core.verb:set package 'SmartCar_pkg' build argument 'cmake_force_configure' from command line to 'False'
[3.457s] Level 5:colcon.colcon_core.verb:set package 'SmartCar_pkg' build argument 'ament_cmake_args' from command line to 'None'
[3.457s] Level 5:colcon.colcon_core.verb:set package 'SmartCar_pkg' build argument 'catkin_cmake_args' from command line to 'None'
[3.458s] Level 5:colcon.colcon_core.verb:set package 'SmartCar_pkg' build argument 'catkin_skip_building_tests' from command line to 'False'
[3.458s] DEBUG:colcon.colcon_core.verb:Building package 'SmartCar_pkg' with the following arguments: {'ament_cmake_args': None, 'build_base': '/home/mohammed/SmartCar/ros2_ws/build/SmartCar_pkg', 'catkin_cmake_args': None, 'catkin_skip_building_tests': False, 'cmake_args': None, 'cmake_clean_cache': False, 'cmake_clean_first': False, 'cmake_force_configure': False, 'cmake_target': None, 'cmake_target_skip_unavailable': False, 'install_base': '/home/mohammed/SmartCar/ros2_ws/install/SmartCar_pkg', 'merge_install': False, 'path': '/home/mohammed/SmartCar/ros2_ws/src/SmartCar_pkg', 'symlink_install': False, 'test_result_base': None}
[3.459s] INFO:colcon.colcon_core.executor:Executing jobs using 'parallel' executor
[3.464s] DEBUG:colcon.colcon_parallel_executor.executor.parallel:run_until_complete
[3.465s] INFO:colcon.colcon_ros.task.ament_python.build:Building ROS package in '/home/mohammed/SmartCar/ros2_ws/src/SmartCar_pkg' with build type 'ament_python'
[3.466s] Level 1:colcon.colcon_core.shell:create_environment_hook('SmartCar_pkg', 'ament_prefix_path')
[3.485s] INFO:colcon.colcon_core.plugin_system:Skipping extension 'colcon_core.shell.bat': Not used on non-Windows systems
[3.486s] INFO:colcon.colcon_core.shell:Creating environment hook '/home/mohammed/SmartCar/ros2_ws/install/SmartCar_pkg/share/SmartCar_pkg/hook/ament_prefix_path.ps1'
[3.490s] INFO:colcon.colcon_core.shell:Creating environment descriptor '/home/mohammed/SmartCar/ros2_ws/install/SmartCar_pkg/share/SmartCar_pkg/hook/ament_prefix_path.dsv'
[3.494s] INFO:colcon.colcon_core.shell:Creating environment hook '/home/mohammed/SmartCar/ros2_ws/install/SmartCar_pkg/share/SmartCar_pkg/hook/ament_prefix_path.sh'
[3.499s] INFO:colcon.colcon_core.shell:Skip shell extension 'powershell' for command environment: Not usable outside of PowerShell
[3.499s] DEBUG:colcon.colcon_core.shell:Skip shell extension 'dsv' for command environment
[5.850s] INFO:colcon.colcon_core.task.python.build:Building Python package in '/home/mohammed/SmartCar/ros2_ws/src/SmartCar_pkg'
[5.852s] INFO:colcon.colcon_core.shell:Skip shell extension 'powershell' for command environment: Not usable outside of PowerShell
[5.852s] DEBUG:colcon.colcon_core.shell:Skip shell extension 'dsv' for command environment
[8.734s] DEBUG:colcon.colcon_core.event_handler.log_command:Invoking command in '/home/mohammed/SmartCar/ros2_ws/src/SmartCar_pkg': CMAKE_PREFIX_PATH=/home/mohammed/SmartCar/ros2_ws/install/octopus_interfaces:/home/mohammed/SmartCar/ros2_ws/install/ydlidar_sdk:/home/mohammed/SmartCar/ros2_ws/install/ydlidar_ros2_driver PYTHONPATH=/home/mohammed/SmartCar/ros2_ws/build/SmartCar_pkg/prefix_override:/usr/lib/python3/dist-packages/colcon_core/task/python/colcon_distutils_commands:/home/mohammed/SmartCar/ros2_ws/install/SmartCar_pkg/lib/python3.10/site-packages:${PYTHONPATH} /usr/bin/python3 -W ignore:setup.py install is deprecated -W ignore:easy_install command is deprecated setup.py egg_info --egg-base ../../build/SmartCar_pkg build --build-base /home/mohammed/SmartCar/ros2_ws/build/SmartCar_pkg/build install --record /home/mohammed/SmartCar/ros2_ws/build/SmartCar_pkg/install.log --single-version-externally-managed install_data
[11.538s] DEBUG:colcon.colcon_core.event_handler.log_command:Invoked command in '/home/mohammed/SmartCar/ros2_ws/src/SmartCar_pkg' returned '0': CMAKE_PREFIX_PATH=/home/mohammed/SmartCar/ros2_ws/install/octopus_interfaces:/home/mohammed/SmartCar/ros2_ws/install/ydlidar_sdk:/home/mohammed/SmartCar/ros2_ws/install/ydlidar_ros2_driver PYTHONPATH=/home/mohammed/SmartCar/ros2_ws/build/SmartCar_pkg/prefix_override:/usr/lib/python3/dist-packages/colcon_core/task/python/colcon_distutils_commands:/home/mohammed/SmartCar/ros2_ws/install/SmartCar_pkg/lib/python3.10/site-packages:${PYTHONPATH} /usr/bin/python3 -W ignore:setup.py install is deprecated -W ignore:easy_install command is deprecated setup.py egg_info --egg-base ../../build/SmartCar_pkg build --build-base /home/mohammed/SmartCar/ros2_ws/build/SmartCar_pkg/build install --record /home/mohammed/SmartCar/ros2_ws/build/SmartCar_pkg/install.log --single-version-externally-managed install_data
[11.541s] Level 1:colcon.colcon_core.environment:checking '/home/mohammed/SmartCar/ros2_ws/install/SmartCar_pkg' for CMake module files
[11.555s] Level 1:colcon.colcon_core.environment:checking '/home/mohammed/SmartCar/ros2_ws/install/SmartCar_pkg' for CMake config files
[11.575s] Level 1:colcon.colcon_core.environment:checking '/home/mohammed/SmartCar/ros2_ws/install/SmartCar_pkg/lib'
[11.577s] Level 1:colcon.colcon_core.environment:checking '/home/mohammed/SmartCar/ros2_ws/install/SmartCar_pkg/bin'
[11.577s] Level 1:colcon.colcon_core.environment:checking '/home/mohammed/SmartCar/ros2_ws/install/SmartCar_pkg/lib/pkgconfig/SmartCar_pkg.pc'
[11.589s] Level 1:colcon.colcon_core.environment:checking '/home/mohammed/SmartCar/ros2_ws/install/SmartCar_pkg/lib/python3.10/site-packages'
[11.590s] Level 1:colcon.colcon_core.shell:create_environment_hook('SmartCar_pkg', 'pythonpath')
[11.591s] INFO:colcon.colcon_core.shell:Creating environment hook '/home/mohammed/SmartCar/ros2_ws/install/SmartCar_pkg/share/SmartCar_pkg/hook/pythonpath.ps1'
[11.602s] INFO:colcon.colcon_core.shell:Creating environment descriptor '/home/mohammed/SmartCar/ros2_ws/install/SmartCar_pkg/share/SmartCar_pkg/hook/pythonpath.dsv'
[11.616s] INFO:colcon.colcon_core.shell:Creating environment hook '/home/mohammed/SmartCar/ros2_ws/install/SmartCar_pkg/share/SmartCar_pkg/hook/pythonpath.sh'
[11.624s] Level 1:colcon.colcon_core.environment:checking '/home/mohammed/SmartCar/ros2_ws/install/SmartCar_pkg/bin'
[11.625s] Level 1:colcon.colcon_core.environment:create_environment_scripts_only(SmartCar_pkg)
[11.627s] INFO:colcon.colcon_core.shell:Creating package script '/home/mohammed/SmartCar/ros2_ws/install/SmartCar_pkg/share/SmartCar_pkg/package.ps1'
[11.642s] INFO:colcon.colcon_core.shell:Creating package descriptor '/home/mohammed/SmartCar/ros2_ws/install/SmartCar_pkg/share/SmartCar_pkg/package.dsv'
[11.652s] INFO:colcon.colcon_core.shell:Creating package script '/home/mohammed/SmartCar/ros2_ws/install/SmartCar_pkg/share/SmartCar_pkg/package.sh'
[11.663s] INFO:colcon.colcon_core.shell:Creating package script '/home/mohammed/SmartCar/ros2_ws/install/SmartCar_pkg/share/SmartCar_pkg/package.bash'
[11.673s] INFO:colcon.colcon_core.shell:Creating package script '/home/mohammed/SmartCar/ros2_ws/install/SmartCar_pkg/share/SmartCar_pkg/package.zsh'
[11.680s] Level 1:colcon.colcon_core.environment:create_file_with_runtime_dependencies(/home/mohammed/SmartCar/ros2_ws/install/SmartCar_pkg/share/colcon-core/packages/SmartCar_pkg)
[11.691s] DEBUG:colcon.colcon_parallel_executor.executor.parallel:closing loop
[11.695s] DEBUG:colcon.colcon_parallel_executor.executor.parallel:loop closed
[11.695s] DEBUG:colcon.colcon_parallel_executor.executor.parallel:run_until_complete finished with '0'
[11.696s] DEBUG:colcon.colcon_core.event_reactor:joining thread
[11.766s] INFO:colcon.colcon_core.plugin_system:Skipping extension 'colcon_notification.desktop_notification.terminal_notifier': Not used on non-Darwin systems
[11.766s] INFO:colcon.colcon_core.plugin_system:Skipping extension 'colcon_notification.desktop_notification.win32': Not used on non-Windows systems
[11.767s] INFO:colcon.colcon_notification.desktop_notification:Sending desktop notification using 'notify2'
[11.918s] DEBUG:colcon.colcon_core.event_reactor:joined thread
[11.919s] INFO:colcon.colcon_core.shell:Creating prefix script '/home/mohammed/SmartCar/ros2_ws/install/local_setup.ps1'
[11.930s] INFO:colcon.colcon_core.shell:Creating prefix util module '/home/mohammed/SmartCar/ros2_ws/install/_local_setup_util_ps1.py'
[11.961s] INFO:colcon.colcon_core.shell:Creating prefix chain script '/home/mohammed/SmartCar/ros2_ws/install/setup.ps1'
[11.975s] INFO:colcon.colcon_core.shell:Creating prefix script '/home/mohammed/SmartCar/ros2_ws/install/local_setup.sh'
[11.990s] INFO:colcon.colcon_core.shell:Creating prefix util module '/home/mohammed/SmartCar/ros2_ws/install/_local_setup_util_sh.py'
[12.005s] INFO:colcon.colcon_core.shell:Creating prefix chain script '/home/mohammed/SmartCar/ros2_ws/install/setup.sh'
[12.019s] INFO:colcon.colcon_core.shell:Creating prefix script '/home/mohammed/SmartCar/ros2_ws/install/local_setup.bash'
[12.025s] INFO:colcon.colcon_core.shell:Creating prefix chain script '/home/mohammed/SmartCar/ros2_ws/install/setup.bash'
[12.034s] INFO:colcon.colcon_core.shell:Creating prefix script '/home/mohammed/SmartCar/ros2_ws/install/local_setup.zsh'
[12.041s] INFO:colcon.colcon_core.shell:Creating prefix chain script '/home/mohammed/SmartCar/ros2_ws/install/setup.zsh'
