[0.051s] Invoking command in '/home/mohammed/SmartCar/ros2_ws/build/octopus_interfaces': CMAKE_PREFIX_PATH=/opt/ros/humble /usr/bin/cmake --build /home/mohammed/SmartCar/ros2_ws/build/octopus_interfaces -- -j4 -l4
[0.349s] [35m[1mConsolidate compiler generated dependencies of target octopus_interfaces__rosidl_generator_c[0m
[0.397s] [  2%] Built target octopus_interfaces__cpp
[0.472s] [ 12%] Built target octopus_interfaces__rosidl_generator_c
[0.502s] [ 12%] Built target ament_cmake_python_copy_octopus_interfaces
[0.521s] [35m[1mConsolidate compiler generated dependencies of target octopus_interfaces__rosidl_typesupport_cpp[0m
[0.530s] [35m[1mConsolidate compiler generated dependencies of target octopus_interfaces__rosidl_typesupport_fastrtps_cpp[0m
[0.558s] [35m[1mConsolidate compiler generated dependencies of target octopus_interfaces__rosidl_typesupport_introspection_cpp[0m
[0.583s] [35m[1mConsolidate compiler generated dependencies of target octopus_interfaces__rosidl_typesupport_fastrtps_c[0m
[0.631s] [ 23%] Built target octopus_interfaces__rosidl_typesupport_cpp
[0.653s] [ 34%] Built target octopus_interfaces__rosidl_typesupport_fastrtps_cpp
[0.668s] [ 44%] Built target octopus_interfaces__rosidl_typesupport_introspection_cpp
[0.679s] [ 55%] Built target octopus_interfaces__rosidl_typesupport_fastrtps_c
[0.713s] [35m[1mConsolidate compiler generated dependencies of target octopus_interfaces__rosidl_typesupport_introspection_c[0m
[0.745s] [35m[1mConsolidate compiler generated dependencies of target octopus_interfaces__rosidl_typesupport_c[0m
[0.796s] [ 65%] Built target octopus_interfaces__rosidl_typesupport_introspection_c
[0.818s] [ 76%] Built target octopus_interfaces__rosidl_typesupport_c
[0.916s] [ 76%] Built target octopus_interfaces
[1.035s] [ 78%] Built target octopus_interfaces__py
[1.137s] [35m[1mConsolidate compiler generated dependencies of target octopus_interfaces__rosidl_generator_py[0m
[1.261s] [ 87%] Built target octopus_interfaces__rosidl_generator_py
[1.360s] [35m[1mConsolidate compiler generated dependencies of target octopus_interfaces__rosidl_typesupport_fastrtps_c__pyext[0m
[1.362s] [35m[1mConsolidate compiler generated dependencies of target octopus_interfaces__rosidl_typesupport_c__pyext[0m
[1.368s] [35m[1mConsolidate compiler generated dependencies of target octopus_interfaces__rosidl_typesupport_introspection_c__pyext[0m
[1.473s] [ 91%] Built target octopus_interfaces__rosidl_typesupport_fastrtps_c__pyext
[1.486s] [ 95%] Built target octopus_interfaces__rosidl_typesupport_c__pyext
[1.501s] [100%] Built target octopus_interfaces__rosidl_typesupport_introspection_c__pyext
[2.149s] running egg_info
[2.153s] writing octopus_interfaces.egg-info/PKG-INFO
[2.154s] writing dependency_links to octopus_interfaces.egg-info/dependency_links.txt
[2.155s] writing top-level names to octopus_interfaces.egg-info/top_level.txt
[2.166s] reading manifest file 'octopus_interfaces.egg-info/SOURCES.txt'
[2.169s] writing manifest file 'octopus_interfaces.egg-info/SOURCES.txt'
[2.304s] [100%] Built target ament_cmake_python_build_octopus_interfaces_egg
[2.353s] Invoked command in '/home/mohammed/SmartCar/ros2_ws/build/octopus_interfaces' returned '0': CMAKE_PREFIX_PATH=/opt/ros/humble /usr/bin/cmake --build /home/mohammed/SmartCar/ros2_ws/build/octopus_interfaces -- -j4 -l4
[2.403s] Invoking command in '/home/mohammed/SmartCar/ros2_ws/build/octopus_interfaces': CMAKE_PREFIX_PATH=/opt/ros/humble /usr/bin/cmake --install /home/mohammed/SmartCar/ros2_ws/build/octopus_interfaces
[2.433s] -- Install configuration: ""
[2.435s] -- Up-to-date: /home/mohammed/SmartCar/ros2_ws/install/octopus_interfaces/share/ament_index/resource_index/rosidl_interfaces/octopus_interfaces
[2.437s] -- Up-to-date: /home/mohammed/SmartCar/ros2_ws/install/octopus_interfaces/include/octopus_interfaces/octopus_interfaces
[2.437s] -- Up-to-date: /home/mohammed/SmartCar/ros2_ws/install/octopus_interfaces/include/octopus_interfaces/octopus_interfaces/msg
[2.438s] -- Up-to-date: /home/mohammed/SmartCar/ros2_ws/install/octopus_interfaces/include/octopus_interfaces/octopus_interfaces/msg/object_distance.h
[2.438s] -- Up-to-date: /home/mohammed/SmartCar/ros2_ws/install/octopus_interfaces/include/octopus_interfaces/octopus_interfaces/msg/rosidl_generator_c__visibility_control.h
[2.439s] -- Up-to-date: /home/mohammed/SmartCar/ros2_ws/install/octopus_interfaces/include/octopus_interfaces/octopus_interfaces/msg/sensor_index.h
[2.440s] -- Up-to-date: /home/mohammed/SmartCar/ros2_ws/install/octopus_interfaces/include/octopus_interfaces/octopus_interfaces/msg/move_intent.h
[2.441s] -- Up-to-date: /home/mohammed/SmartCar/ros2_ws/install/octopus_interfaces/include/octopus_interfaces/octopus_interfaces/msg/detail
[2.442s] -- Up-to-date: /home/mohammed/SmartCar/ros2_ws/install/octopus_interfaces/include/octopus_interfaces/octopus_interfaces/msg/detail/object_distance__struct.h
[2.444s] -- Up-to-date: /home/mohammed/SmartCar/ros2_ws/install/octopus_interfaces/include/octopus_interfaces/octopus_interfaces/msg/detail/sensor_index__functions.h
[2.445s] -- Up-to-date: /home/mohammed/SmartCar/ros2_ws/install/octopus_interfaces/include/octopus_interfaces/octopus_interfaces/msg/detail/move_intent__type_support.h
[2.445s] -- Up-to-date: /home/mohammed/SmartCar/ros2_ws/install/octopus_interfaces/include/octopus_interfaces/octopus_interfaces/msg/detail/move_intent__functions.c
[2.446s] -- Up-to-date: /home/mohammed/SmartCar/ros2_ws/install/octopus_interfaces/include/octopus_interfaces/octopus_interfaces/msg/detail/object_distance__functions.h
[2.447s] -- Up-to-date: /home/mohammed/SmartCar/ros2_ws/install/octopus_interfaces/include/octopus_interfaces/octopus_interfaces/msg/detail/sensor_index__functions.c
[2.447s] -- Up-to-date: /home/mohammed/SmartCar/ros2_ws/install/octopus_interfaces/include/octopus_interfaces/octopus_interfaces/msg/detail/move_intent__struct.h
[2.448s] -- Up-to-date: /home/mohammed/SmartCar/ros2_ws/install/octopus_interfaces/include/octopus_interfaces/octopus_interfaces/msg/detail/move_intent__functions.h
[2.448s] -- Up-to-date: /home/mohammed/SmartCar/ros2_ws/install/octopus_interfaces/include/octopus_interfaces/octopus_interfaces/msg/detail/object_distance__functions.c
[2.449s] -- Up-to-date: /home/mohammed/SmartCar/ros2_ws/install/octopus_interfaces/include/octopus_interfaces/octopus_interfaces/msg/detail/sensor_index__type_support.h
[2.449s] -- Up-to-date: /home/mohammed/SmartCar/ros2_ws/install/octopus_interfaces/include/octopus_interfaces/octopus_interfaces/msg/detail/object_distance__type_support.h
[2.449s] -- Up-to-date: /home/mohammed/SmartCar/ros2_ws/install/octopus_interfaces/include/octopus_interfaces/octopus_interfaces/msg/detail/sensor_index__struct.h
[2.450s] -- Up-to-date: /home/mohammed/SmartCar/ros2_ws/install/octopus_interfaces/share/octopus_interfaces/environment/library_path.sh
[2.450s] -- Up-to-date: /home/mohammed/SmartCar/ros2_ws/install/octopus_interfaces/share/octopus_interfaces/environment/library_path.dsv
[2.451s] -- Up-to-date: /home/mohammed/SmartCar/ros2_ws/install/octopus_interfaces/lib/liboctopus_interfaces__rosidl_generator_c.so
[2.451s] -- Up-to-date: /home/mohammed/SmartCar/ros2_ws/install/octopus_interfaces/include/octopus_interfaces/octopus_interfaces
[2.451s] -- Up-to-date: /home/mohammed/SmartCar/ros2_ws/install/octopus_interfaces/include/octopus_interfaces/octopus_interfaces/msg
[2.452s] -- Up-to-date: /home/mohammed/SmartCar/ros2_ws/install/octopus_interfaces/include/octopus_interfaces/octopus_interfaces/msg/detail
[2.452s] -- Up-to-date: /home/mohammed/SmartCar/ros2_ws/install/octopus_interfaces/include/octopus_interfaces/octopus_interfaces/msg/detail/sensor_index__rosidl_typesupport_fastrtps_c.h
[2.453s] -- Up-to-date: /home/mohammed/SmartCar/ros2_ws/install/octopus_interfaces/include/octopus_interfaces/octopus_interfaces/msg/detail/object_distance__rosidl_typesupport_fastrtps_c.h
[2.453s] -- Up-to-date: /home/mohammed/SmartCar/ros2_ws/install/octopus_interfaces/include/octopus_interfaces/octopus_interfaces/msg/detail/move_intent__rosidl_typesupport_fastrtps_c.h
[2.454s] -- Up-to-date: /home/mohammed/SmartCar/ros2_ws/install/octopus_interfaces/include/octopus_interfaces/octopus_interfaces/msg/rosidl_typesupport_fastrtps_c__visibility_control.h
[2.455s] -- Up-to-date: /home/mohammed/SmartCar/ros2_ws/install/octopus_interfaces/lib/liboctopus_interfaces__rosidl_typesupport_fastrtps_c.so
[2.457s] -- Up-to-date: /home/mohammed/SmartCar/ros2_ws/install/octopus_interfaces/include/octopus_interfaces/octopus_interfaces
[2.457s] -- Up-to-date: /home/mohammed/SmartCar/ros2_ws/install/octopus_interfaces/include/octopus_interfaces/octopus_interfaces/msg
[2.458s] -- Up-to-date: /home/mohammed/SmartCar/ros2_ws/install/octopus_interfaces/include/octopus_interfaces/octopus_interfaces/msg/detail
[2.458s] -- Up-to-date: /home/mohammed/SmartCar/ros2_ws/install/octopus_interfaces/include/octopus_interfaces/octopus_interfaces/msg/detail/sensor_index__rosidl_typesupport_introspection_c.h
[2.459s] -- Up-to-date: /home/mohammed/SmartCar/ros2_ws/install/octopus_interfaces/include/octopus_interfaces/octopus_interfaces/msg/detail/object_distance__rosidl_typesupport_introspection_c.h
[2.459s] -- Up-to-date: /home/mohammed/SmartCar/ros2_ws/install/octopus_interfaces/include/octopus_interfaces/octopus_interfaces/msg/detail/sensor_index__type_support.c
[2.460s] -- Up-to-date: /home/mohammed/SmartCar/ros2_ws/install/octopus_interfaces/include/octopus_interfaces/octopus_interfaces/msg/detail/move_intent__rosidl_typesupport_introspection_c.h
[2.461s] -- Up-to-date: /home/mohammed/SmartCar/ros2_ws/install/octopus_interfaces/include/octopus_interfaces/octopus_interfaces/msg/detail/object_distance__type_support.c
[2.461s] -- Up-to-date: /home/mohammed/SmartCar/ros2_ws/install/octopus_interfaces/include/octopus_interfaces/octopus_interfaces/msg/detail/move_intent__type_support.c
[2.462s] -- Up-to-date: /home/mohammed/SmartCar/ros2_ws/install/octopus_interfaces/include/octopus_interfaces/octopus_interfaces/msg/rosidl_typesupport_introspection_c__visibility_control.h
[2.462s] -- Up-to-date: /home/mohammed/SmartCar/ros2_ws/install/octopus_interfaces/lib/liboctopus_interfaces__rosidl_typesupport_introspection_c.so
[2.464s] -- Up-to-date: /home/mohammed/SmartCar/ros2_ws/install/octopus_interfaces/lib/liboctopus_interfaces__rosidl_typesupport_c.so
[2.465s] -- Up-to-date: /home/mohammed/SmartCar/ros2_ws/install/octopus_interfaces/include/octopus_interfaces/octopus_interfaces
[2.466s] -- Up-to-date: /home/mohammed/SmartCar/ros2_ws/install/octopus_interfaces/include/octopus_interfaces/octopus_interfaces/msg
[2.466s] -- Up-to-date: /home/mohammed/SmartCar/ros2_ws/install/octopus_interfaces/include/octopus_interfaces/octopus_interfaces/msg/rosidl_generator_cpp__visibility_control.hpp
[2.467s] -- Up-to-date: /home/mohammed/SmartCar/ros2_ws/install/octopus_interfaces/include/octopus_interfaces/octopus_interfaces/msg/sensor_index.hpp
[2.467s] -- Up-to-date: /home/mohammed/SmartCar/ros2_ws/install/octopus_interfaces/include/octopus_interfaces/octopus_interfaces/msg/move_intent.hpp
[2.468s] -- Up-to-date: /home/mohammed/SmartCar/ros2_ws/install/octopus_interfaces/include/octopus_interfaces/octopus_interfaces/msg/detail
[2.468s] -- Up-to-date: /home/mohammed/SmartCar/ros2_ws/install/octopus_interfaces/include/octopus_interfaces/octopus_interfaces/msg/detail/object_distance__traits.hpp
[2.469s] -- Up-to-date: /home/mohammed/SmartCar/ros2_ws/install/octopus_interfaces/include/octopus_interfaces/octopus_interfaces/msg/detail/object_distance__type_support.hpp
[2.470s] -- Up-to-date: /home/mohammed/SmartCar/ros2_ws/install/octopus_interfaces/include/octopus_interfaces/octopus_interfaces/msg/detail/sensor_index__struct.hpp
[2.471s] -- Up-to-date: /home/mohammed/SmartCar/ros2_ws/install/octopus_interfaces/include/octopus_interfaces/octopus_interfaces/msg/detail/move_intent__builder.hpp
[2.471s] -- Up-to-date: /home/mohammed/SmartCar/ros2_ws/install/octopus_interfaces/include/octopus_interfaces/octopus_interfaces/msg/detail/sensor_index__builder.hpp
[2.472s] -- Up-to-date: /home/mohammed/SmartCar/ros2_ws/install/octopus_interfaces/include/octopus_interfaces/octopus_interfaces/msg/detail/object_distance__struct.hpp
[2.472s] -- Up-to-date: /home/mohammed/SmartCar/ros2_ws/install/octopus_interfaces/include/octopus_interfaces/octopus_interfaces/msg/detail/move_intent__type_support.hpp
[2.473s] -- Up-to-date: /home/mohammed/SmartCar/ros2_ws/install/octopus_interfaces/include/octopus_interfaces/octopus_interfaces/msg/detail/object_distance__builder.hpp
[2.473s] -- Up-to-date: /home/mohammed/SmartCar/ros2_ws/install/octopus_interfaces/include/octopus_interfaces/octopus_interfaces/msg/detail/move_intent__struct.hpp
[2.474s] -- Up-to-date: /home/mohammed/SmartCar/ros2_ws/install/octopus_interfaces/include/octopus_interfaces/octopus_interfaces/msg/detail/sensor_index__type_support.hpp
[2.474s] -- Up-to-date: /home/mohammed/SmartCar/ros2_ws/install/octopus_interfaces/include/octopus_interfaces/octopus_interfaces/msg/detail/move_intent__traits.hpp
[2.474s] -- Up-to-date: /home/mohammed/SmartCar/ros2_ws/install/octopus_interfaces/include/octopus_interfaces/octopus_interfaces/msg/detail/sensor_index__traits.hpp
[2.475s] -- Up-to-date: /home/mohammed/SmartCar/ros2_ws/install/octopus_interfaces/include/octopus_interfaces/octopus_interfaces/msg/object_distance.hpp
[2.475s] -- Up-to-date: /home/mohammed/SmartCar/ros2_ws/install/octopus_interfaces/include/octopus_interfaces/octopus_interfaces
[2.476s] -- Up-to-date: /home/mohammed/SmartCar/ros2_ws/install/octopus_interfaces/include/octopus_interfaces/octopus_interfaces/msg
[2.476s] -- Up-to-date: /home/mohammed/SmartCar/ros2_ws/install/octopus_interfaces/include/octopus_interfaces/octopus_interfaces/msg/rosidl_typesupport_fastrtps_cpp__visibility_control.h
[2.477s] -- Up-to-date: /home/mohammed/SmartCar/ros2_ws/install/octopus_interfaces/include/octopus_interfaces/octopus_interfaces/msg/detail
[2.477s] -- Up-to-date: /home/mohammed/SmartCar/ros2_ws/install/octopus_interfaces/include/octopus_interfaces/octopus_interfaces/msg/detail/object_distance__rosidl_typesupport_fastrtps_cpp.hpp
[2.478s] -- Up-to-date: /home/mohammed/SmartCar/ros2_ws/install/octopus_interfaces/include/octopus_interfaces/octopus_interfaces/msg/detail/sensor_index__rosidl_typesupport_fastrtps_cpp.hpp
[2.478s] -- Up-to-date: /home/mohammed/SmartCar/ros2_ws/install/octopus_interfaces/include/octopus_interfaces/octopus_interfaces/msg/detail/dds_fastrtps
[2.478s] -- Up-to-date: /home/mohammed/SmartCar/ros2_ws/install/octopus_interfaces/include/octopus_interfaces/octopus_interfaces/msg/detail/move_intent__rosidl_typesupport_fastrtps_cpp.hpp
[2.480s] -- Up-to-date: /home/mohammed/SmartCar/ros2_ws/install/octopus_interfaces/lib/liboctopus_interfaces__rosidl_typesupport_fastrtps_cpp.so
[2.481s] -- Up-to-date: /home/mohammed/SmartCar/ros2_ws/install/octopus_interfaces/include/octopus_interfaces/octopus_interfaces
[2.482s] -- Up-to-date: /home/mohammed/SmartCar/ros2_ws/install/octopus_interfaces/include/octopus_interfaces/octopus_interfaces/msg
[2.482s] -- Up-to-date: /home/mohammed/SmartCar/ros2_ws/install/octopus_interfaces/include/octopus_interfaces/octopus_interfaces/msg/detail
[2.483s] -- Up-to-date: /home/mohammed/SmartCar/ros2_ws/install/octopus_interfaces/include/octopus_interfaces/octopus_interfaces/msg/detail/sensor_index__rosidl_typesupport_introspection_cpp.hpp
[2.483s] -- Up-to-date: /home/mohammed/SmartCar/ros2_ws/install/octopus_interfaces/include/octopus_interfaces/octopus_interfaces/msg/detail/object_distance__type_support.cpp
[2.484s] -- Up-to-date: /home/mohammed/SmartCar/ros2_ws/install/octopus_interfaces/include/octopus_interfaces/octopus_interfaces/msg/detail/move_intent__rosidl_typesupport_introspection_cpp.hpp
[2.485s] -- Up-to-date: /home/mohammed/SmartCar/ros2_ws/install/octopus_interfaces/include/octopus_interfaces/octopus_interfaces/msg/detail/sensor_index__type_support.cpp
[2.485s] -- Up-to-date: /home/mohammed/SmartCar/ros2_ws/install/octopus_interfaces/include/octopus_interfaces/octopus_interfaces/msg/detail/object_distance__rosidl_typesupport_introspection_cpp.hpp
[2.485s] -- Up-to-date: /home/mohammed/SmartCar/ros2_ws/install/octopus_interfaces/include/octopus_interfaces/octopus_interfaces/msg/detail/move_intent__type_support.cpp
[2.488s] -- Up-to-date: /home/mohammed/SmartCar/ros2_ws/install/octopus_interfaces/lib/liboctopus_interfaces__rosidl_typesupport_introspection_cpp.so
[2.492s] -- Up-to-date: /home/mohammed/SmartCar/ros2_ws/install/octopus_interfaces/lib/liboctopus_interfaces__rosidl_typesupport_cpp.so
[2.494s] -- Up-to-date: /home/mohammed/SmartCar/ros2_ws/install/octopus_interfaces/share/octopus_interfaces/environment/pythonpath.sh
[2.495s] -- Up-to-date: /home/mohammed/SmartCar/ros2_ws/install/octopus_interfaces/share/octopus_interfaces/environment/pythonpath.dsv
[2.496s] -- Up-to-date: /home/mohammed/SmartCar/ros2_ws/install/octopus_interfaces/local/lib/python3.10/dist-packages/octopus_interfaces-0.0.0-py3.10.egg-info
[2.496s] -- Installing: /home/mohammed/SmartCar/ros2_ws/install/octopus_interfaces/local/lib/python3.10/dist-packages/octopus_interfaces-0.0.0-py3.10.egg-info/PKG-INFO
[2.497s] -- Installing: /home/mohammed/SmartCar/ros2_ws/install/octopus_interfaces/local/lib/python3.10/dist-packages/octopus_interfaces-0.0.0-py3.10.egg-info/top_level.txt
[2.499s] -- Installing: /home/mohammed/SmartCar/ros2_ws/install/octopus_interfaces/local/lib/python3.10/dist-packages/octopus_interfaces-0.0.0-py3.10.egg-info/dependency_links.txt
[2.501s] -- Installing: /home/mohammed/SmartCar/ros2_ws/install/octopus_interfaces/local/lib/python3.10/dist-packages/octopus_interfaces-0.0.0-py3.10.egg-info/SOURCES.txt
[2.502s] -- Up-to-date: /home/mohammed/SmartCar/ros2_ws/install/octopus_interfaces/local/lib/python3.10/dist-packages/octopus_interfaces
[2.503s] -- Up-to-date: /home/mohammed/SmartCar/ros2_ws/install/octopus_interfaces/local/lib/python3.10/dist-packages/octopus_interfaces/msg
[2.504s] -- Up-to-date: /home/mohammed/SmartCar/ros2_ws/install/octopus_interfaces/local/lib/python3.10/dist-packages/octopus_interfaces/msg/_object_distance.py
[2.504s] -- Up-to-date: /home/mohammed/SmartCar/ros2_ws/install/octopus_interfaces/local/lib/python3.10/dist-packages/octopus_interfaces/msg/_move_intent.py
[2.505s] -- Up-to-date: /home/mohammed/SmartCar/ros2_ws/install/octopus_interfaces/local/lib/python3.10/dist-packages/octopus_interfaces/msg/_sensor_index_s.c
[2.505s] -- Up-to-date: /home/mohammed/SmartCar/ros2_ws/install/octopus_interfaces/local/lib/python3.10/dist-packages/octopus_interfaces/msg/__init__.py
[2.506s] -- Up-to-date: /home/mohammed/SmartCar/ros2_ws/install/octopus_interfaces/local/lib/python3.10/dist-packages/octopus_interfaces/msg/_sensor_index.py
[2.506s] -- Up-to-date: /home/mohammed/SmartCar/ros2_ws/install/octopus_interfaces/local/lib/python3.10/dist-packages/octopus_interfaces/msg/_move_intent_s.c
[2.507s] -- Up-to-date: /home/mohammed/SmartCar/ros2_ws/install/octopus_interfaces/local/lib/python3.10/dist-packages/octopus_interfaces/msg/_object_distance_s.c
[2.507s] -- Up-to-date: /home/mohammed/SmartCar/ros2_ws/install/octopus_interfaces/local/lib/python3.10/dist-packages/octopus_interfaces/liboctopus_interfaces__rosidl_generator_py.so
[2.508s] -- Up-to-date: /home/mohammed/SmartCar/ros2_ws/install/octopus_interfaces/local/lib/python3.10/dist-packages/octopus_interfaces/_octopus_interfaces_s.ep.rosidl_typesupport_introspection_c.c
[2.508s] -- Up-to-date: /home/mohammed/SmartCar/ros2_ws/install/octopus_interfaces/local/lib/python3.10/dist-packages/octopus_interfaces/octopus_interfaces_s__rosidl_typesupport_fastrtps_c.cpython-310-aarch64-linux-gnu.so
[2.509s] -- Up-to-date: /home/mohammed/SmartCar/ros2_ws/install/octopus_interfaces/local/lib/python3.10/dist-packages/octopus_interfaces/__init__.py
[2.509s] -- Up-to-date: /home/mohammed/SmartCar/ros2_ws/install/octopus_interfaces/local/lib/python3.10/dist-packages/octopus_interfaces/octopus_interfaces_s__rosidl_typesupport_introspection_c.cpython-310-aarch64-linux-gnu.so
[2.510s] -- Up-to-date: /home/mohammed/SmartCar/ros2_ws/install/octopus_interfaces/local/lib/python3.10/dist-packages/octopus_interfaces/_octopus_interfaces_s.ep.rosidl_typesupport_c.c
[2.510s] -- Up-to-date: /home/mohammed/SmartCar/ros2_ws/install/octopus_interfaces/local/lib/python3.10/dist-packages/octopus_interfaces/_octopus_interfaces_s.ep.rosidl_typesupport_fastrtps_c.c
[2.511s] -- Up-to-date: /home/mohammed/SmartCar/ros2_ws/install/octopus_interfaces/local/lib/python3.10/dist-packages/octopus_interfaces/octopus_interfaces_s__rosidl_typesupport_c.cpython-310-aarch64-linux-gnu.so
[2.679s] Listing '/home/mohammed/SmartCar/ros2_ws/install/octopus_interfaces/local/lib/python3.10/dist-packages/octopus_interfaces'...
[2.681s] Listing '/home/mohammed/SmartCar/ros2_ws/install/octopus_interfaces/local/lib/python3.10/dist-packages/octopus_interfaces/msg'...
[2.713s] -- Up-to-date: /home/mohammed/SmartCar/ros2_ws/install/octopus_interfaces/local/lib/python3.10/dist-packages/octopus_interfaces/octopus_interfaces_s__rosidl_typesupport_fastrtps_c.cpython-310-aarch64-linux-gnu.so
[2.719s] -- Up-to-date: /home/mohammed/SmartCar/ros2_ws/install/octopus_interfaces/local/lib/python3.10/dist-packages/octopus_interfaces/octopus_interfaces_s__rosidl_typesupport_introspection_c.cpython-310-aarch64-linux-gnu.so
[2.722s] -- Up-to-date: /home/mohammed/SmartCar/ros2_ws/install/octopus_interfaces/local/lib/python3.10/dist-packages/octopus_interfaces/octopus_interfaces_s__rosidl_typesupport_c.cpython-310-aarch64-linux-gnu.so
[2.723s] -- Up-to-date: /home/mohammed/SmartCar/ros2_ws/install/octopus_interfaces/lib/liboctopus_interfaces__rosidl_generator_py.so
[2.726s] -- Up-to-date: /home/mohammed/SmartCar/ros2_ws/install/octopus_interfaces/share/octopus_interfaces/msg/SensorIndex.idl
[2.729s] -- Up-to-date: /home/mohammed/SmartCar/ros2_ws/install/octopus_interfaces/share/octopus_interfaces/msg/ObjectDistance.idl
[2.736s] -- Up-to-date: /home/mohammed/SmartCar/ros2_ws/install/octopus_interfaces/share/octopus_interfaces/msg/MoveIntent.idl
[2.737s] -- Up-to-date: /home/mohammed/SmartCar/ros2_ws/install/octopus_interfaces/share/octopus_interfaces/msg/SensorIndex.msg
[2.738s] -- Up-to-date: /home/mohammed/SmartCar/ros2_ws/install/octopus_interfaces/share/octopus_interfaces/msg/ObjectDistance.msg
[2.739s] -- Up-to-date: /home/mohammed/SmartCar/ros2_ws/install/octopus_interfaces/share/octopus_interfaces/msg/MoveIntent.msg
[2.741s] -- Up-to-date: /home/mohammed/SmartCar/ros2_ws/install/octopus_interfaces/share/ament_index/resource_index/package_run_dependencies/octopus_interfaces
[2.742s] -- Up-to-date: /home/mohammed/SmartCar/ros2_ws/install/octopus_interfaces/share/ament_index/resource_index/parent_prefix_path/octopus_interfaces
[2.744s] -- Up-to-date: /home/mohammed/SmartCar/ros2_ws/install/octopus_interfaces/share/octopus_interfaces/environment/ament_prefix_path.sh
[2.744s] -- Up-to-date: /home/mohammed/SmartCar/ros2_ws/install/octopus_interfaces/share/octopus_interfaces/environment/ament_prefix_path.dsv
[2.748s] -- Up-to-date: /home/mohammed/SmartCar/ros2_ws/install/octopus_interfaces/share/octopus_interfaces/environment/path.sh
[2.749s] -- Up-to-date: /home/mohammed/SmartCar/ros2_ws/install/octopus_interfaces/share/octopus_interfaces/environment/path.dsv
[2.750s] -- Up-to-date: /home/mohammed/SmartCar/ros2_ws/install/octopus_interfaces/share/octopus_interfaces/local_setup.bash
[2.751s] -- Up-to-date: /home/mohammed/SmartCar/ros2_ws/install/octopus_interfaces/share/octopus_interfaces/local_setup.sh
[2.752s] -- Up-to-date: /home/mohammed/SmartCar/ros2_ws/install/octopus_interfaces/share/octopus_interfaces/local_setup.zsh
[2.752s] -- Up-to-date: /home/mohammed/SmartCar/ros2_ws/install/octopus_interfaces/share/octopus_interfaces/local_setup.dsv
[2.753s] -- Installing: /home/mohammed/SmartCar/ros2_ws/install/octopus_interfaces/share/octopus_interfaces/package.dsv
[2.754s] -- Up-to-date: /home/mohammed/SmartCar/ros2_ws/install/octopus_interfaces/share/ament_index/resource_index/packages/octopus_interfaces
[2.755s] -- Up-to-date: /home/mohammed/SmartCar/ros2_ws/install/octopus_interfaces/share/octopus_interfaces/cmake/export_octopus_interfaces__rosidl_generator_cExport.cmake
[2.764s] -- Up-to-date: /home/mohammed/SmartCar/ros2_ws/install/octopus_interfaces/share/octopus_interfaces/cmake/export_octopus_interfaces__rosidl_generator_cExport-noconfig.cmake
[2.768s] -- Up-to-date: /home/mohammed/SmartCar/ros2_ws/install/octopus_interfaces/share/octopus_interfaces/cmake/export_octopus_interfaces__rosidl_typesupport_fastrtps_cExport.cmake
[2.769s] -- Up-to-date: /home/mohammed/SmartCar/ros2_ws/install/octopus_interfaces/share/octopus_interfaces/cmake/export_octopus_interfaces__rosidl_typesupport_fastrtps_cExport-noconfig.cmake
[2.770s] -- Up-to-date: /home/mohammed/SmartCar/ros2_ws/install/octopus_interfaces/share/octopus_interfaces/cmake/octopus_interfaces__rosidl_typesupport_introspection_cExport.cmake
[2.771s] -- Up-to-date: /home/mohammed/SmartCar/ros2_ws/install/octopus_interfaces/share/octopus_interfaces/cmake/octopus_interfaces__rosidl_typesupport_introspection_cExport-noconfig.cmake
[2.771s] -- Up-to-date: /home/mohammed/SmartCar/ros2_ws/install/octopus_interfaces/share/octopus_interfaces/cmake/octopus_interfaces__rosidl_typesupport_cExport.cmake
[2.782s] -- Up-to-date: /home/mohammed/SmartCar/ros2_ws/install/octopus_interfaces/share/octopus_interfaces/cmake/octopus_interfaces__rosidl_typesupport_cExport-noconfig.cmake
[2.783s] -- Up-to-date: /home/mohammed/SmartCar/ros2_ws/install/octopus_interfaces/share/octopus_interfaces/cmake/export_octopus_interfaces__rosidl_generator_cppExport.cmake
[2.784s] -- Up-to-date: /home/mohammed/SmartCar/ros2_ws/install/octopus_interfaces/share/octopus_interfaces/cmake/export_octopus_interfaces__rosidl_typesupport_fastrtps_cppExport.cmake
[2.785s] -- Up-to-date: /home/mohammed/SmartCar/ros2_ws/install/octopus_interfaces/share/octopus_interfaces/cmake/export_octopus_interfaces__rosidl_typesupport_fastrtps_cppExport-noconfig.cmake
[2.785s] -- Up-to-date: /home/mohammed/SmartCar/ros2_ws/install/octopus_interfaces/share/octopus_interfaces/cmake/octopus_interfaces__rosidl_typesupport_introspection_cppExport.cmake
[2.786s] -- Up-to-date: /home/mohammed/SmartCar/ros2_ws/install/octopus_interfaces/share/octopus_interfaces/cmake/octopus_interfaces__rosidl_typesupport_introspection_cppExport-noconfig.cmake
[2.787s] -- Up-to-date: /home/mohammed/SmartCar/ros2_ws/install/octopus_interfaces/share/octopus_interfaces/cmake/octopus_interfaces__rosidl_typesupport_cppExport.cmake
[2.788s] -- Up-to-date: /home/mohammed/SmartCar/ros2_ws/install/octopus_interfaces/share/octopus_interfaces/cmake/octopus_interfaces__rosidl_typesupport_cppExport-noconfig.cmake
[2.792s] -- Up-to-date: /home/mohammed/SmartCar/ros2_ws/install/octopus_interfaces/share/octopus_interfaces/cmake/export_octopus_interfaces__rosidl_generator_pyExport.cmake
[2.793s] -- Up-to-date: /home/mohammed/SmartCar/ros2_ws/install/octopus_interfaces/share/octopus_interfaces/cmake/export_octopus_interfaces__rosidl_generator_pyExport-noconfig.cmake
[2.794s] -- Up-to-date: /home/mohammed/SmartCar/ros2_ws/install/octopus_interfaces/share/octopus_interfaces/cmake/rosidl_cmake-extras.cmake
[2.796s] -- Up-to-date: /home/mohammed/SmartCar/ros2_ws/install/octopus_interfaces/share/octopus_interfaces/cmake/ament_cmake_export_include_directories-extras.cmake
[2.796s] -- Up-to-date: /home/mohammed/SmartCar/ros2_ws/install/octopus_interfaces/share/octopus_interfaces/cmake/ament_cmake_export_libraries-extras.cmake
[2.798s] -- Up-to-date: /home/mohammed/SmartCar/ros2_ws/install/octopus_interfaces/share/octopus_interfaces/cmake/ament_cmake_export_targets-extras.cmake
[2.799s] -- Up-to-date: /home/mohammed/SmartCar/ros2_ws/install/octopus_interfaces/share/octopus_interfaces/cmake/rosidl_cmake_export_typesupport_targets-extras.cmake
[2.799s] -- Up-to-date: /home/mohammed/SmartCar/ros2_ws/install/octopus_interfaces/share/octopus_interfaces/cmake/ament_cmake_export_dependencies-extras.cmake
[2.800s] -- Up-to-date: /home/mohammed/SmartCar/ros2_ws/install/octopus_interfaces/share/octopus_interfaces/cmake/rosidl_cmake_export_typesupport_libraries-extras.cmake
[2.801s] -- Up-to-date: /home/mohammed/SmartCar/ros2_ws/install/octopus_interfaces/share/octopus_interfaces/cmake/octopus_interfacesConfig.cmake
[2.801s] -- Up-to-date: /home/mohammed/SmartCar/ros2_ws/install/octopus_interfaces/share/octopus_interfaces/cmake/octopus_interfacesConfig-version.cmake
[2.802s] -- Up-to-date: /home/mohammed/SmartCar/ros2_ws/install/octopus_interfaces/share/octopus_interfaces/package.xml
[2.838s] Invoked command in '/home/mohammed/SmartCar/ros2_ws/build/octopus_interfaces' returned '0': CMAKE_PREFIX_PATH=/opt/ros/humble /usr/bin/cmake --install /home/mohammed/SmartCar/ros2_ws/build/octopus_interfaces
