[0.051s] Invoking command in '/home/mohammed/SmartCar/ros2_ws/build/octopus_interfaces': CMAKE_PREFIX_PATH=/opt/ros/humble /usr/bin/cmake /home/mohammed/SmartCar/ros2_ws/src/octopus_interfaces -DCMAKE_INSTALL_PREFIX=/home/mohammed/SmartCar/ros2_ws/install/octopus_interfaces
[0.928s] -- The C compiler identification is GNU 11.4.0
[1.663s] -- The CXX compiler identification is GNU 11.4.0
[1.719s] -- Detecting C compiler ABI info
[2.101s] -- Detecting C compiler ABI info - done
[2.128s] -- Check for working C compiler: /usr/bin/cc - skipped
[2.129s] -- Detecting C compile features
[2.132s] -- Detecting C compile features - done
[2.148s] -- Detecting CXX compiler ABI info
[2.529s] -- Detecting CXX compiler ABI info - done
[2.557s] -- Check for working CXX compiler: /usr/bin/c++ - skipped
[2.559s] -- Detecting CXX compile features
[2.560s] -- Detecting CXX compile features - done
[2.605s] -- Found ament_cmake: 1.3.12 (/opt/ros/humble/share/ament_cmake/cmake)
[3.386s] -- Found Python3: /usr/bin/python3 (found version "3.10.12") found components: Interpreter 
[4.027s] -- Found rosidl_default_generators: 1.2.0 (/opt/ros/humble/share/rosidl_default_generators/cmake)
[4.059s] -- Using all available rosidl_typesupport_c: rosidl_typesupport_fastrtps_c;rosidl_typesupport_introspection_c
[4.132s] -- Found rosidl_adapter: 3.1.7 (/opt/ros/humble/share/rosidl_adapter/cmake)
[4.523s] -- Using all available rosidl_typesupport_cpp: rosidl_typesupport_fastrtps_cpp;rosidl_typesupport_introspection_cpp
[4.806s] -- Found ament_lint_auto: 0.12.14 (/opt/ros/humble/share/ament_lint_auto/cmake)
[6.004s] [31mCMake Error at /opt/ros/humble/share/rosidl_adapter/cmake/rosidl_adapt_interfaces.cmake:59 (message):
[6.004s]   execute_process(/usr/bin/python3 -m rosidl_adapter --package-name
[6.005s]   octopus_interfaces --arguments-file
[6.005s]   /home/mohammed/SmartCar/ros2_ws/build/octopus_interfaces/rosidl_adapter__arguments__octopus_interfaces.json
[6.006s]   --output-dir
[6.006s]   /home/mohammed/SmartCar/ros2_ws/build/octopus_interfaces/rosidl_adapter/octopus_interfaces
[6.006s]   --output-file
[6.007s]   /home/mohammed/SmartCar/ros2_ws/build/octopus_interfaces/rosidl_adapter/octopus_interfaces.idls)
[6.007s]   returned error code 1:
[6.008s] 
[6.008s]   Traceback (most recent call last):
[6.008s] 
[6.009s]     File "/usr/lib/python3.10/runpy.py", line 196, in _run_module_as_main
[6.009s]       return _run_code(code, main_globals, None,
[6.010s]     File "/usr/lib/python3.10/runpy.py", line 86, in _run_code
[6.010s]       exec(code, run_globals)
[6.011s]     File "/opt/ros/humble/local/lib/python3.10/dist-packages/rosidl_adapter/__main__.py", line 19, in <module>
[6.011s]       sys.exit(main())
[6.012s]     File "/opt/ros/humble/local/lib/python3.10/dist-packages/rosidl_adapter/main.py", line 53, in main
[6.012s]       abs_idl_file = convert_to_idl(
[6.013s]     File "/opt/ros/humble/local/lib/python3.10/dist-packages/rosidl_adapter/__init__.py", line 19, in convert_to_idl
[6.014s]       return convert_msg_to_idl(
[6.014s]     File "/opt/ros/humble/local/lib/python3.10/dist-packages/rosidl_adapter/msg/__init__.py", line 28, in convert_msg_to_idl
[6.015s]       msg = parse_message_string(package_name, input_file.stem, content)
[6.016s]     File "/opt/ros/humble/local/lib/python3.10/dist-packages/rosidl_adapter/parser.py", line 544, in parse_message_string
[6.017s]       msg = MessageSpecification(pkg_name, msg_name, fields, constants)
[6.017s]     File "/opt/ros/humble/local/lib/python3.10/dist-packages/rosidl_adapter/parser.py", line 388, in __init__
[6.018s]       self.base_type = BaseType(
[6.019s]     File "/opt/ros/humble/local/lib/python3.10/dist-packages/rosidl_adapter/parser.py", line 205, in __init__
[6.019s]       raise InvalidResourceName(
[6.020s] 
[6.020s]   rosidl_adapter.parser.InvalidResourceName: 'sensorIndex' is an invalid
[6.021s]   message name.  It should have the pattern '^[A-Z][A-Za-z0-9]*$'
[6.022s] 
[6.023s] Call Stack (most recent call first):
[6.023s]   /opt/ros/humble/share/rosidl_cmake/cmake/rosidl_generate_interfaces.cmake:130 (rosidl_adapt_interfaces)
[6.024s]   CMakeLists.txt:27 (rosidl_generate_interfaces)
[6.025s] 
[6.027s] [0m
[6.028s] -- Configuring incomplete, errors occurred!
[6.029s] See also "/home/mohammed/SmartCar/ros2_ws/build/octopus_interfaces/CMakeFiles/CMakeOutput.log".
[6.030s] Invoked command in '/home/mohammed/SmartCar/ros2_ws/build/octopus_interfaces' returned '1': CMAKE_PREFIX_PATH=/opt/ros/humble /usr/bin/cmake /home/mohammed/SmartCar/ros2_ws/src/octopus_interfaces -DCMAKE_INSTALL_PREFIX=/home/mohammed/SmartCar/ros2_ws/install/octopus_interfaces
