[0.059s] Invoking command in '/home/mohammed/SmartCar/ros2_ws/build/octopus_interfaces': CMAKE_PREFIX_PATH=/opt/ros/humble /usr/bin/cmake --build /home/mohammed/SmartCar/ros2_ws/build/octopus_interfaces -- -j4 -l4
[0.281s] -- Found ament_cmake: 1.3.12 (/opt/ros/humble/share/ament_cmake/cmake)
[0.996s] -- Found rosidl_default_generators: 1.2.0 (/opt/ros/humble/share/rosidl_default_generators/cmake)
[1.010s] -- Using all available rosidl_typesupport_c: rosidl_typesupport_fastrtps_c;rosidl_typesupport_introspection_c
[1.029s] -- Found rosidl_adapter: 3.1.7 (/opt/ros/humble/share/rosidl_adapter/cmake)
[1.281s] -- Using all available rosidl_typesupport_cpp: rosidl_typesupport_fastrtps_cpp;rosidl_typesupport_introspection_cpp
[1.438s] -- Found ament_lint_auto: 0.12.14 (/opt/ros/humble/share/ament_lint_auto/cmake)
[2.554s] [31mCMake Error at /opt/ros/humble/share/rosidl_adapter/cmake/rosidl_adapt_interfaces.cmake:59 (message):
[2.555s]   execute_process(/usr/bin/python3 -m rosidl_adapter --package-name
[2.555s]   octopus_interfaces --arguments-file
[2.556s]   /home/mohammed/SmartCar/ros2_ws/build/octopus_interfaces/rosidl_adapter__arguments__octopus_interfaces.json
[2.556s]   --output-dir
[2.557s]   /home/mohammed/SmartCar/ros2_ws/build/octopus_interfaces/rosidl_adapter/octopus_interfaces
[2.558s]   --output-file
[2.558s]   /home/mohammed/SmartCar/ros2_ws/build/octopus_interfaces/rosidl_adapter/octopus_interfaces.idls)
[2.559s]   returned error code 1:
[2.560s] 
[2.561s]   Error processing 'float left' of 'octopus_interfaces/ObjectDistance':
[2.561s]   ''float' is an invalid message name.  It should have the pattern
[2.562s]   '^[A-Z][A-Za-z0-9]*$''
[2.563s] 
[2.564s]   Traceback (most recent call last):
[2.565s] 
[2.565s]     File "/usr/lib/python3.10/runpy.py", line 196, in _run_module_as_main
[2.567s]       return _run_code(code, main_globals, None,
[2.569s]     File "/usr/lib/python3.10/runpy.py", line 86, in _run_code
[2.571s]       exec(code, run_globals)
[2.572s]     File "/opt/ros/humble/local/lib/python3.10/dist-packages/rosidl_adapter/__main__.py", line 19, in <module>
[2.574s]       sys.exit(main())
[2.575s]     File "/opt/ros/humble/local/lib/python3.10/dist-packages/rosidl_adapter/main.py", line 53, in main
[2.576s]       abs_idl_file = convert_to_idl(
[2.576s]     File "/opt/ros/humble/local/lib/python3.10/dist-packages/rosidl_adapter/__init__.py", line 19, in convert_to_idl
[2.577s]       return convert_msg_to_idl(
[2.577s]     File "/opt/ros/humble/local/lib/python3.10/dist-packages/rosidl_adapter/msg/__init__.py", line 28, in convert_msg_to_idl
[2.578s]       msg = parse_message_string(package_name, input_file.stem, content)
[2.578s]     File "/opt/ros/humble/local/lib/python3.10/dist-packages/rosidl_adapter/parser.py", line 520, in parse_message_string
[2.579s]       Type(type_string, context_package_name=pkg_name),
[2.580s]     File "/opt/ros/humble/local/lib/python3.10/dist-packages/rosidl_adapter/parser.py", line 277, in __init__
[2.580s]       super(Type, self).__init__(
[2.581s]     File "/opt/ros/humble/local/lib/python3.10/dist-packages/rosidl_adapter/parser.py", line 205, in __init__
[2.581s]       raise InvalidResourceName(
[2.582s] 
[2.582s]   rosidl_adapter.parser.InvalidResourceName: 'float' is an invalid message
[2.582s]   name.  It should have the pattern '^[A-Z][A-Za-z0-9]*$'
[2.583s] 
[2.583s] Call Stack (most recent call first):
[2.584s]   /opt/ros/humble/share/rosidl_cmake/cmake/rosidl_generate_interfaces.cmake:130 (rosidl_adapt_interfaces)
[2.584s]   CMakeLists.txt:27 (rosidl_generate_interfaces)
[2.585s] 
[2.586s] [0m
[2.588s] -- Configuring incomplete, errors occurred!
[2.589s] See also "/home/mohammed/SmartCar/ros2_ws/build/octopus_interfaces/CMakeFiles/CMakeOutput.log".
[2.589s] gmake: *** [Makefile:747: cmake_check_build_system] Error 1
[2.590s] Invoked command in '/home/mohammed/SmartCar/ros2_ws/build/octopus_interfaces' returned '2': CMAKE_PREFIX_PATH=/opt/ros/humble /usr/bin/cmake --build /home/mohammed/SmartCar/ros2_ws/build/octopus_interfaces -- -j4 -l4
