[0.049s] Invoking command in '/home/mohammed/SmartCar/ros2_ws/build/octopus_interfaces': CMAKE_PREFIX_PATH=/opt/ros/humble /usr/bin/cmake --build /home/mohammed/SmartCar/ros2_ws/build/octopus_interfaces -- -j4 -l4
[0.163s] -- Found ament_cmake: 1.3.12 (/opt/ros/humble/share/ament_cmake/cmake)
[0.763s] -- Found rosidl_default_generators: 1.2.0 (/opt/ros/humble/share/rosidl_default_generators/cmake)
[0.769s] -- Using all available rosidl_typesupport_c: rosidl_typesupport_fastrtps_c;rosidl_typesupport_introspection_c
[0.781s] -- Found rosidl_adapter: 3.1.7 (/opt/ros/humble/share/rosidl_adapter/cmake)
[0.959s] -- Using all available rosidl_typesupport_cpp: rosidl_typesupport_fastrtps_cpp;rosidl_typesupport_introspection_cpp
[1.072s] -- Found ament_lint_auto: 0.12.14 (/opt/ros/humble/share/ament_lint_auto/cmake)
[2.242s] -- Found ament_cmake_ros: 0.10.0 (/opt/ros/humble/share/ament_cmake_ros/cmake)
[3.092s] -- Using all available rosidl_typesupport_c: rosidl_typesupport_fastrtps_c;rosidl_typesupport_introspection_c
[4.256s] -- Using all available rosidl_typesupport_cpp: rosidl_typesupport_fastrtps_cpp;rosidl_typesupport_introspection_cpp
[4.365s] -- Found python_cmake_module: 0.10.0 (/opt/ros/humble/share/python_cmake_module/cmake)
[4.473s] -- Using PYTHON_EXECUTABLE: /usr/bin/python3
[4.473s] -- Using PYTHON_INCLUDE_DIRS: /usr/include/python3.10
[4.473s] -- Using PYTHON_LIBRARIES: /usr/lib/aarch64-linux-gnu/libpython3.10.so
[4.536s] -- Added test 'lint_cmake' to check CMake code style
[4.548s] -- Added test 'xmllint' to check XML markup files
[4.568s] -- Configuring done
[4.764s] -- Generating done
[4.824s] -- Build files have been written to: /home/mohammed/SmartCar/ros2_ws/build/octopus_interfaces
[4.945s] [  2%] [34m[1mGenerating C code for ROS interfaces[0m
[5.012s] [  4%] [34m[1mGenerating C++ code for ROS interfaces[0m
[5.157s] [  4%] Built target ament_cmake_python_copy_octopus_interfaces
[6.894s] running egg_info
[6.896s] writing octopus_interfaces.egg-info/PKG-INFO
[6.897s] writing dependency_links to octopus_interfaces.egg-info/dependency_links.txt
[6.903s] writing top-level names to octopus_interfaces.egg-info/top_level.txt
[6.918s] reading manifest file 'octopus_interfaces.egg-info/SOURCES.txt'
[6.933s] writing manifest file 'octopus_interfaces.egg-info/SOURCES.txt'
[7.147s] [  4%] Built target ament_cmake_python_build_octopus_interfaces_egg
[7.343s] [35m[1mConsolidate compiler generated dependencies of target octopus_interfaces__rosidl_generator_c[0m
[7.438s] [  6%] [32mBuilding C object CMakeFiles/octopus_interfaces__rosidl_generator_c.dir/rosidl_generator_c/octopus_interfaces/msg/detail/sensor_index__functions.c.o[0m
[7.450s] [  8%] [32mBuilding C object CMakeFiles/octopus_interfaces__rosidl_generator_c.dir/rosidl_generator_c/octopus_interfaces/msg/detail/object_distance__functions.c.o[0m
[7.461s] [ 10%] [32mBuilding C object CMakeFiles/octopus_interfaces__rosidl_generator_c.dir/rosidl_generator_c/octopus_interfaces/msg/detail/move_intent__functions.c.o[0m
[7.483s] [ 10%] Built target octopus_interfaces__cpp
[7.562s] [ 12%] [34m[1mGenerating C++ type support dispatch for ROS interfaces[0m
[7.850s] [ 14%] [34m[1mGenerating C++ type support for eProsima Fast-RTPS[0m
[7.877s] [ 17%] [34m[1mGenerating C++ introspection for ROS interfaces[0m
[8.000s] [ 19%] [32m[1mLinking C shared library liboctopus_interfaces__rosidl_generator_c.so[0m
[8.401s] [ 19%] Built target octopus_interfaces__rosidl_generator_c
[8.548s] [ 21%] [34m[1mGenerating C type support for eProsima Fast-RTPS[0m
[9.320s] [35m[1mConsolidate compiler generated dependencies of target octopus_interfaces__rosidl_typesupport_cpp[0m
[9.517s] [ 23%] [32mBuilding CXX object CMakeFiles/octopus_interfaces__rosidl_typesupport_cpp.dir/rosidl_typesupport_cpp/octopus_interfaces/msg/sensor_index__type_support.cpp.o[0m
[11.348s] [35m[1mConsolidate compiler generated dependencies of target octopus_interfaces__rosidl_typesupport_introspection_cpp[0m
[11.461s] [ 25%] [32mBuilding CXX object CMakeFiles/octopus_interfaces__rosidl_typesupport_introspection_cpp.dir/rosidl_typesupport_introspection_cpp/octopus_interfaces/msg/detail/sensor_index__type_support.cpp.o[0m
[11.536s] [35m[1mConsolidate compiler generated dependencies of target octopus_interfaces__rosidl_typesupport_fastrtps_cpp[0m
[11.668s] [ 27%] [32mBuilding CXX object CMakeFiles/octopus_interfaces__rosidl_typesupport_fastrtps_cpp.dir/rosidl_typesupport_fastrtps_cpp/octopus_interfaces/msg/detail/dds_fastrtps/sensor_index__type_support.cpp.o[0m
[11.685s] [35m[1mConsolidate compiler generated dependencies of target octopus_interfaces__rosidl_typesupport_fastrtps_c[0m
[11.895s] [ 29%] [32mBuilding CXX object CMakeFiles/octopus_interfaces__rosidl_typesupport_fastrtps_c.dir/rosidl_typesupport_fastrtps_c/octopus_interfaces/msg/detail/sensor_index__type_support_c.cpp.o[0m
[13.351s] [ 31%] [32mBuilding CXX object CMakeFiles/octopus_interfaces__rosidl_typesupport_cpp.dir/rosidl_typesupport_cpp/octopus_interfaces/msg/object_distance__type_support.cpp.o[0m
[15.088s] [ 34%] [32mBuilding CXX object CMakeFiles/octopus_interfaces__rosidl_typesupport_fastrtps_c.dir/rosidl_typesupport_fastrtps_c/octopus_interfaces/msg/detail/object_distance__type_support_c.cpp.o[0m
[15.686s] [ 36%] [32mBuilding CXX object CMakeFiles/octopus_interfaces__rosidl_typesupport_fastrtps_cpp.dir/rosidl_typesupport_fastrtps_cpp/octopus_interfaces/msg/detail/dds_fastrtps/object_distance__type_support.cpp.o[0m
[16.393s] [ 38%] [32mBuilding CXX object CMakeFiles/octopus_interfaces__rosidl_typesupport_introspection_cpp.dir/rosidl_typesupport_introspection_cpp/octopus_interfaces/msg/detail/object_distance__type_support.cpp.o[0m
[16.800s] [ 40%] [32mBuilding CXX object CMakeFiles/octopus_interfaces__rosidl_typesupport_cpp.dir/rosidl_typesupport_cpp/octopus_interfaces/msg/move_intent__type_support.cpp.o[0m
[18.693s] [ 42%] [32mBuilding CXX object CMakeFiles/octopus_interfaces__rosidl_typesupport_fastrtps_cpp.dir/rosidl_typesupport_fastrtps_cpp/octopus_interfaces/msg/detail/dds_fastrtps/move_intent__type_support.cpp.o[0m
[19.765s] [ 44%] [32mBuilding CXX object CMakeFiles/octopus_interfaces__rosidl_typesupport_fastrtps_c.dir/rosidl_typesupport_fastrtps_c/octopus_interfaces/msg/detail/move_intent__type_support_c.cpp.o[0m
[20.208s] [ 46%] [32m[1mLinking CXX shared library liboctopus_interfaces__rosidl_typesupport_cpp.so[0m
[20.550s] [ 48%] [32mBuilding CXX object CMakeFiles/octopus_interfaces__rosidl_typesupport_introspection_cpp.dir/rosidl_typesupport_introspection_cpp/octopus_interfaces/msg/detail/move_intent__type_support.cpp.o[0m
[20.642s] [ 48%] Built target octopus_interfaces__rosidl_typesupport_cpp
[20.790s] [ 51%] [34m[1mGenerating C introspection for ROS interfaces[0m
[23.474s] [ 53%] [32m[1mLinking CXX shared library liboctopus_interfaces__rosidl_typesupport_fastrtps_c.so[0m
[23.538s] [ 55%] [32m[1mLinking CXX shared library liboctopus_interfaces__rosidl_typesupport_fastrtps_cpp.so[0m
[23.995s] [ 57%] [32m[1mLinking CXX shared library liboctopus_interfaces__rosidl_typesupport_introspection_cpp.so[0m
[24.139s] [ 57%] Built target octopus_interfaces__rosidl_typesupport_fastrtps_c
[24.147s] [ 57%] Built target octopus_interfaces__rosidl_typesupport_fastrtps_cpp
[24.211s] [ 59%] [34m[1mGenerating C type support dispatch for ROS interfaces[0m
[24.242s] [35m[1mConsolidate compiler generated dependencies of target octopus_interfaces__rosidl_typesupport_introspection_c[0m
[24.334s] [ 61%] [32mBuilding C object CMakeFiles/octopus_interfaces__rosidl_typesupport_introspection_c.dir/rosidl_typesupport_introspection_c/octopus_interfaces/msg/detail/sensor_index__type_support.c.o[0m
[24.384s] [ 63%] [32mBuilding C object CMakeFiles/octopus_interfaces__rosidl_typesupport_introspection_c.dir/rosidl_typesupport_introspection_c/octopus_interfaces/msg/detail/object_distance__type_support.c.o[0m
[24.505s] [ 63%] Built target octopus_interfaces__rosidl_typesupport_introspection_cpp
[24.561s] [ 65%] [32mBuilding C object CMakeFiles/octopus_interfaces__rosidl_typesupport_introspection_c.dir/rosidl_typesupport_introspection_c/octopus_interfaces/msg/detail/move_intent__type_support.c.o[0m
[24.766s] [ 68%] [32m[1mLinking C shared library liboctopus_interfaces__rosidl_typesupport_introspection_c.so[0m
[24.921s] [ 68%] Built target octopus_interfaces__rosidl_typesupport_introspection_c
[25.446s] [35m[1mConsolidate compiler generated dependencies of target octopus_interfaces__rosidl_typesupport_c[0m
[25.501s] [ 70%] [32mBuilding CXX object CMakeFiles/octopus_interfaces__rosidl_typesupport_c.dir/rosidl_typesupport_c/octopus_interfaces/msg/sensor_index__type_support.cpp.o[0m
[25.502s] [ 72%] [32mBuilding CXX object CMakeFiles/octopus_interfaces__rosidl_typesupport_c.dir/rosidl_typesupport_c/octopus_interfaces/msg/object_distance__type_support.cpp.o[0m
[25.506s] [ 74%] [32mBuilding CXX object CMakeFiles/octopus_interfaces__rosidl_typesupport_c.dir/rosidl_typesupport_c/octopus_interfaces/msg/move_intent__type_support.cpp.o[0m
[25.675s] [ 76%] [32m[1mLinking CXX shared library liboctopus_interfaces__rosidl_typesupport_c.so[0m
[25.868s] [ 76%] Built target octopus_interfaces__rosidl_typesupport_c
[25.957s] [ 76%] Built target octopus_interfaces
[26.057s] [ 78%] [34m[1mGenerating Python code for ROS interfaces[0m
[27.967s] [ 78%] Built target octopus_interfaces__py
[28.017s] [35m[1mConsolidate compiler generated dependencies of target octopus_interfaces__rosidl_generator_py[0m
[28.101s] [ 82%] [32mBuilding C object CMakeFiles/octopus_interfaces__rosidl_generator_py.dir/rosidl_generator_py/octopus_interfaces/msg/_object_distance_s.c.o[0m
[28.102s] [ 82%] [32mBuilding C object CMakeFiles/octopus_interfaces__rosidl_generator_py.dir/rosidl_generator_py/octopus_interfaces/msg/_sensor_index_s.c.o[0m
[28.108s] [ 85%] [32mBuilding C object CMakeFiles/octopus_interfaces__rosidl_generator_py.dir/rosidl_generator_py/octopus_interfaces/msg/_move_intent_s.c.o[0m
[28.750s] [ 87%] [32m[1mLinking C shared library rosidl_generator_py/octopus_interfaces/liboctopus_interfaces__rosidl_generator_py.so[0m
[28.960s] [ 87%] Built target octopus_interfaces__rosidl_generator_py
[29.028s] [35m[1mConsolidate compiler generated dependencies of target octopus_interfaces__rosidl_typesupport_fastrtps_c__pyext[0m
[29.029s] [35m[1mConsolidate compiler generated dependencies of target octopus_interfaces__rosidl_typesupport_c__pyext[0m
[29.057s] [35m[1mConsolidate compiler generated dependencies of target octopus_interfaces__rosidl_typesupport_introspection_c__pyext[0m
[29.120s] [ 91%] [32mBuilding C object CMakeFiles/octopus_interfaces__rosidl_typesupport_c__pyext.dir/rosidl_generator_py/octopus_interfaces/_octopus_interfaces_s.ep.rosidl_typesupport_c.c.o[0m
[29.121s] [ 91%] [32mBuilding C object CMakeFiles/octopus_interfaces__rosidl_typesupport_fastrtps_c__pyext.dir/rosidl_generator_py/octopus_interfaces/_octopus_interfaces_s.ep.rosidl_typesupport_fastrtps_c.c.o[0m
[29.159s] [ 93%] [32mBuilding C object CMakeFiles/octopus_interfaces__rosidl_typesupport_introspection_c__pyext.dir/rosidl_generator_py/octopus_interfaces/_octopus_interfaces_s.ep.rosidl_typesupport_introspection_c.c.o[0m
[29.651s] [ 95%] [32m[1mLinking C shared library rosidl_generator_py/octopus_interfaces/octopus_interfaces_s__rosidl_typesupport_c.cpython-310-aarch64-linux-gnu.so[0m
[29.707s] [ 97%] [32m[1mLinking C shared library rosidl_generator_py/octopus_interfaces/octopus_interfaces_s__rosidl_typesupport_introspection_c.cpython-310-aarch64-linux-gnu.so[0m
[29.744s] [100%] [32m[1mLinking C shared library rosidl_generator_py/octopus_interfaces/octopus_interfaces_s__rosidl_typesupport_fastrtps_c.cpython-310-aarch64-linux-gnu.so[0m
[29.835s] [100%] Built target octopus_interfaces__rosidl_typesupport_c__pyext
[29.905s] [100%] Built target octopus_interfaces__rosidl_typesupport_introspection_c__pyext
[29.950s] [100%] Built target octopus_interfaces__rosidl_typesupport_fastrtps_c__pyext
[29.996s] Invoked command in '/home/mohammed/SmartCar/ros2_ws/build/octopus_interfaces' returned '0': CMAKE_PREFIX_PATH=/opt/ros/humble /usr/bin/cmake --build /home/mohammed/SmartCar/ros2_ws/build/octopus_interfaces -- -j4 -l4
[30.043s] Invoking command in '/home/mohammed/SmartCar/ros2_ws/build/octopus_interfaces': CMAKE_PREFIX_PATH=/opt/ros/humble /usr/bin/cmake --install /home/mohammed/SmartCar/ros2_ws/build/octopus_interfaces
[30.074s] -- Install configuration: ""
[30.075s] -- Up-to-date: /home/mohammed/SmartCar/ros2_ws/install/octopus_interfaces/share/ament_index/resource_index/rosidl_interfaces/octopus_interfaces
[30.076s] -- Up-to-date: /home/mohammed/SmartCar/ros2_ws/install/octopus_interfaces/include/octopus_interfaces/octopus_interfaces
[30.076s] -- Up-to-date: /home/mohammed/SmartCar/ros2_ws/install/octopus_interfaces/include/octopus_interfaces/octopus_interfaces/msg
[30.077s] -- Installing: /home/mohammed/SmartCar/ros2_ws/install/octopus_interfaces/include/octopus_interfaces/octopus_interfaces/msg/object_distance.h
[30.078s] -- Up-to-date: /home/mohammed/SmartCar/ros2_ws/install/octopus_interfaces/include/octopus_interfaces/octopus_interfaces/msg/rosidl_generator_c__visibility_control.h
[30.079s] -- Installing: /home/mohammed/SmartCar/ros2_ws/install/octopus_interfaces/include/octopus_interfaces/octopus_interfaces/msg/sensor_index.h
[30.080s] -- Installing: /home/mohammed/SmartCar/ros2_ws/install/octopus_interfaces/include/octopus_interfaces/octopus_interfaces/msg/move_intent.h
[30.081s] -- Up-to-date: /home/mohammed/SmartCar/ros2_ws/install/octopus_interfaces/include/octopus_interfaces/octopus_interfaces/msg/detail
[30.082s] -- Installing: /home/mohammed/SmartCar/ros2_ws/install/octopus_interfaces/include/octopus_interfaces/octopus_interfaces/msg/detail/object_distance__struct.h
[30.084s] -- Installing: /home/mohammed/SmartCar/ros2_ws/install/octopus_interfaces/include/octopus_interfaces/octopus_interfaces/msg/detail/sensor_index__functions.h
[30.085s] -- Installing: /home/mohammed/SmartCar/ros2_ws/install/octopus_interfaces/include/octopus_interfaces/octopus_interfaces/msg/detail/move_intent__type_support.h
[30.087s] -- Installing: /home/mohammed/SmartCar/ros2_ws/install/octopus_interfaces/include/octopus_interfaces/octopus_interfaces/msg/detail/move_intent__functions.c
[30.088s] -- Installing: /home/mohammed/SmartCar/ros2_ws/install/octopus_interfaces/include/octopus_interfaces/octopus_interfaces/msg/detail/object_distance__functions.h
[30.090s] -- Installing: /home/mohammed/SmartCar/ros2_ws/install/octopus_interfaces/include/octopus_interfaces/octopus_interfaces/msg/detail/sensor_index__functions.c
[30.091s] -- Installing: /home/mohammed/SmartCar/ros2_ws/install/octopus_interfaces/include/octopus_interfaces/octopus_interfaces/msg/detail/move_intent__struct.h
[30.093s] -- Installing: /home/mohammed/SmartCar/ros2_ws/install/octopus_interfaces/include/octopus_interfaces/octopus_interfaces/msg/detail/move_intent__functions.h
[30.094s] -- Installing: /home/mohammed/SmartCar/ros2_ws/install/octopus_interfaces/include/octopus_interfaces/octopus_interfaces/msg/detail/object_distance__functions.c
[30.096s] -- Installing: /home/mohammed/SmartCar/ros2_ws/install/octopus_interfaces/include/octopus_interfaces/octopus_interfaces/msg/detail/sensor_index__type_support.h
[30.097s] -- Installing: /home/mohammed/SmartCar/ros2_ws/install/octopus_interfaces/include/octopus_interfaces/octopus_interfaces/msg/detail/object_distance__type_support.h
[30.099s] -- Installing: /home/mohammed/SmartCar/ros2_ws/install/octopus_interfaces/include/octopus_interfaces/octopus_interfaces/msg/detail/sensor_index__struct.h
[30.100s] -- Up-to-date: /home/mohammed/SmartCar/ros2_ws/install/octopus_interfaces/share/octopus_interfaces/environment/library_path.sh
[30.101s] -- Installing: /home/mohammed/SmartCar/ros2_ws/install/octopus_interfaces/share/octopus_interfaces/environment/library_path.dsv
[30.103s] -- Installing: /home/mohammed/SmartCar/ros2_ws/install/octopus_interfaces/lib/liboctopus_interfaces__rosidl_generator_c.so
[30.107s] -- Set runtime path of "/home/mohammed/SmartCar/ros2_ws/install/octopus_interfaces/lib/liboctopus_interfaces__rosidl_generator_c.so" to ""
[30.108s] -- Up-to-date: /home/mohammed/SmartCar/ros2_ws/install/octopus_interfaces/include/octopus_interfaces/octopus_interfaces
[30.109s] -- Up-to-date: /home/mohammed/SmartCar/ros2_ws/install/octopus_interfaces/include/octopus_interfaces/octopus_interfaces/msg
[30.109s] -- Up-to-date: /home/mohammed/SmartCar/ros2_ws/install/octopus_interfaces/include/octopus_interfaces/octopus_interfaces/msg/detail
[30.110s] -- Installing: /home/mohammed/SmartCar/ros2_ws/install/octopus_interfaces/include/octopus_interfaces/octopus_interfaces/msg/detail/sensor_index__rosidl_typesupport_fastrtps_c.h
[30.111s] -- Installing: /home/mohammed/SmartCar/ros2_ws/install/octopus_interfaces/include/octopus_interfaces/octopus_interfaces/msg/detail/object_distance__rosidl_typesupport_fastrtps_c.h
[30.112s] -- Installing: /home/mohammed/SmartCar/ros2_ws/install/octopus_interfaces/include/octopus_interfaces/octopus_interfaces/msg/detail/move_intent__rosidl_typesupport_fastrtps_c.h
[30.114s] -- Up-to-date: /home/mohammed/SmartCar/ros2_ws/install/octopus_interfaces/include/octopus_interfaces/octopus_interfaces/msg/rosidl_typesupport_fastrtps_c__visibility_control.h
[30.115s] -- Installing: /home/mohammed/SmartCar/ros2_ws/install/octopus_interfaces/lib/liboctopus_interfaces__rosidl_typesupport_fastrtps_c.so
[30.118s] -- Set runtime path of "/home/mohammed/SmartCar/ros2_ws/install/octopus_interfaces/lib/liboctopus_interfaces__rosidl_typesupport_fastrtps_c.so" to ""
[30.119s] -- Up-to-date: /home/mohammed/SmartCar/ros2_ws/install/octopus_interfaces/include/octopus_interfaces/octopus_interfaces
[30.119s] -- Up-to-date: /home/mohammed/SmartCar/ros2_ws/install/octopus_interfaces/include/octopus_interfaces/octopus_interfaces/msg
[30.120s] -- Up-to-date: /home/mohammed/SmartCar/ros2_ws/install/octopus_interfaces/include/octopus_interfaces/octopus_interfaces/msg/detail
[30.120s] -- Installing: /home/mohammed/SmartCar/ros2_ws/install/octopus_interfaces/include/octopus_interfaces/octopus_interfaces/msg/detail/sensor_index__rosidl_typesupport_introspection_c.h
[30.122s] -- Installing: /home/mohammed/SmartCar/ros2_ws/install/octopus_interfaces/include/octopus_interfaces/octopus_interfaces/msg/detail/object_distance__rosidl_typesupport_introspection_c.h
[30.123s] -- Installing: /home/mohammed/SmartCar/ros2_ws/install/octopus_interfaces/include/octopus_interfaces/octopus_interfaces/msg/detail/sensor_index__type_support.c
[30.125s] -- Installing: /home/mohammed/SmartCar/ros2_ws/install/octopus_interfaces/include/octopus_interfaces/octopus_interfaces/msg/detail/move_intent__rosidl_typesupport_introspection_c.h
[30.127s] -- Installing: /home/mohammed/SmartCar/ros2_ws/install/octopus_interfaces/include/octopus_interfaces/octopus_interfaces/msg/detail/object_distance__type_support.c
[30.128s] -- Installing: /home/mohammed/SmartCar/ros2_ws/install/octopus_interfaces/include/octopus_interfaces/octopus_interfaces/msg/detail/move_intent__type_support.c
[30.130s] -- Up-to-date: /home/mohammed/SmartCar/ros2_ws/install/octopus_interfaces/include/octopus_interfaces/octopus_interfaces/msg/rosidl_typesupport_introspection_c__visibility_control.h
[30.131s] -- Installing: /home/mohammed/SmartCar/ros2_ws/install/octopus_interfaces/lib/liboctopus_interfaces__rosidl_typesupport_introspection_c.so
[30.134s] -- Set runtime path of "/home/mohammed/SmartCar/ros2_ws/install/octopus_interfaces/lib/liboctopus_interfaces__rosidl_typesupport_introspection_c.so" to ""
[30.135s] -- Installing: /home/mohammed/SmartCar/ros2_ws/install/octopus_interfaces/lib/liboctopus_interfaces__rosidl_typesupport_c.so
[30.139s] -- Set runtime path of "/home/mohammed/SmartCar/ros2_ws/install/octopus_interfaces/lib/liboctopus_interfaces__rosidl_typesupport_c.so" to ""
[30.140s] -- Up-to-date: /home/mohammed/SmartCar/ros2_ws/install/octopus_interfaces/include/octopus_interfaces/octopus_interfaces
[30.140s] -- Up-to-date: /home/mohammed/SmartCar/ros2_ws/install/octopus_interfaces/include/octopus_interfaces/octopus_interfaces/msg
[30.141s] -- Up-to-date: /home/mohammed/SmartCar/ros2_ws/install/octopus_interfaces/include/octopus_interfaces/octopus_interfaces/msg/rosidl_generator_cpp__visibility_control.hpp
[30.141s] -- Installing: /home/mohammed/SmartCar/ros2_ws/install/octopus_interfaces/include/octopus_interfaces/octopus_interfaces/msg/sensor_index.hpp
[30.142s] -- Installing: /home/mohammed/SmartCar/ros2_ws/install/octopus_interfaces/include/octopus_interfaces/octopus_interfaces/msg/move_intent.hpp
[30.143s] -- Up-to-date: /home/mohammed/SmartCar/ros2_ws/install/octopus_interfaces/include/octopus_interfaces/octopus_interfaces/msg/detail
[30.143s] -- Installing: /home/mohammed/SmartCar/ros2_ws/install/octopus_interfaces/include/octopus_interfaces/octopus_interfaces/msg/detail/object_distance__traits.hpp
[30.145s] -- Installing: /home/mohammed/SmartCar/ros2_ws/install/octopus_interfaces/include/octopus_interfaces/octopus_interfaces/msg/detail/object_distance__type_support.hpp
[30.146s] -- Installing: /home/mohammed/SmartCar/ros2_ws/install/octopus_interfaces/include/octopus_interfaces/octopus_interfaces/msg/detail/sensor_index__struct.hpp
[30.148s] -- Installing: /home/mohammed/SmartCar/ros2_ws/install/octopus_interfaces/include/octopus_interfaces/octopus_interfaces/msg/detail/move_intent__builder.hpp
[30.149s] -- Installing: /home/mohammed/SmartCar/ros2_ws/install/octopus_interfaces/include/octopus_interfaces/octopus_interfaces/msg/detail/sensor_index__builder.hpp
[30.150s] -- Installing: /home/mohammed/SmartCar/ros2_ws/install/octopus_interfaces/include/octopus_interfaces/octopus_interfaces/msg/detail/object_distance__struct.hpp
[30.152s] -- Installing: /home/mohammed/SmartCar/ros2_ws/install/octopus_interfaces/include/octopus_interfaces/octopus_interfaces/msg/detail/move_intent__type_support.hpp
[30.154s] -- Installing: /home/mohammed/SmartCar/ros2_ws/install/octopus_interfaces/include/octopus_interfaces/octopus_interfaces/msg/detail/object_distance__builder.hpp
[30.155s] -- Installing: /home/mohammed/SmartCar/ros2_ws/install/octopus_interfaces/include/octopus_interfaces/octopus_interfaces/msg/detail/move_intent__struct.hpp
[30.157s] -- Installing: /home/mohammed/SmartCar/ros2_ws/install/octopus_interfaces/include/octopus_interfaces/octopus_interfaces/msg/detail/sensor_index__type_support.hpp
[30.158s] -- Installing: /home/mohammed/SmartCar/ros2_ws/install/octopus_interfaces/include/octopus_interfaces/octopus_interfaces/msg/detail/move_intent__traits.hpp
[30.161s] -- Installing: /home/mohammed/SmartCar/ros2_ws/install/octopus_interfaces/include/octopus_interfaces/octopus_interfaces/msg/detail/sensor_index__traits.hpp
[30.161s] -- Installing: /home/mohammed/SmartCar/ros2_ws/install/octopus_interfaces/include/octopus_interfaces/octopus_interfaces/msg/object_distance.hpp
[30.163s] -- Up-to-date: /home/mohammed/SmartCar/ros2_ws/install/octopus_interfaces/include/octopus_interfaces/octopus_interfaces
[30.163s] -- Up-to-date: /home/mohammed/SmartCar/ros2_ws/install/octopus_interfaces/include/octopus_interfaces/octopus_interfaces/msg
[30.164s] -- Up-to-date: /home/mohammed/SmartCar/ros2_ws/install/octopus_interfaces/include/octopus_interfaces/octopus_interfaces/msg/rosidl_typesupport_fastrtps_cpp__visibility_control.h
[30.165s] -- Up-to-date: /home/mohammed/SmartCar/ros2_ws/install/octopus_interfaces/include/octopus_interfaces/octopus_interfaces/msg/detail
[30.165s] -- Installing: /home/mohammed/SmartCar/ros2_ws/install/octopus_interfaces/include/octopus_interfaces/octopus_interfaces/msg/detail/object_distance__rosidl_typesupport_fastrtps_cpp.hpp
[30.167s] -- Installing: /home/mohammed/SmartCar/ros2_ws/install/octopus_interfaces/include/octopus_interfaces/octopus_interfaces/msg/detail/sensor_index__rosidl_typesupport_fastrtps_cpp.hpp
[30.168s] -- Up-to-date: /home/mohammed/SmartCar/ros2_ws/install/octopus_interfaces/include/octopus_interfaces/octopus_interfaces/msg/detail/dds_fastrtps
[30.169s] -- Installing: /home/mohammed/SmartCar/ros2_ws/install/octopus_interfaces/include/octopus_interfaces/octopus_interfaces/msg/detail/move_intent__rosidl_typesupport_fastrtps_cpp.hpp
[30.171s] -- Installing: /home/mohammed/SmartCar/ros2_ws/install/octopus_interfaces/lib/liboctopus_interfaces__rosidl_typesupport_fastrtps_cpp.so
[30.175s] -- Set runtime path of "/home/mohammed/SmartCar/ros2_ws/install/octopus_interfaces/lib/liboctopus_interfaces__rosidl_typesupport_fastrtps_cpp.so" to ""
[30.175s] -- Up-to-date: /home/mohammed/SmartCar/ros2_ws/install/octopus_interfaces/include/octopus_interfaces/octopus_interfaces
[30.176s] -- Up-to-date: /home/mohammed/SmartCar/ros2_ws/install/octopus_interfaces/include/octopus_interfaces/octopus_interfaces/msg
[30.176s] -- Up-to-date: /home/mohammed/SmartCar/ros2_ws/install/octopus_interfaces/include/octopus_interfaces/octopus_interfaces/msg/detail
[30.177s] -- Installing: /home/mohammed/SmartCar/ros2_ws/install/octopus_interfaces/include/octopus_interfaces/octopus_interfaces/msg/detail/sensor_index__rosidl_typesupport_introspection_cpp.hpp
[30.178s] -- Installing: /home/mohammed/SmartCar/ros2_ws/install/octopus_interfaces/include/octopus_interfaces/octopus_interfaces/msg/detail/object_distance__type_support.cpp
[30.180s] -- Installing: /home/mohammed/SmartCar/ros2_ws/install/octopus_interfaces/include/octopus_interfaces/octopus_interfaces/msg/detail/move_intent__rosidl_typesupport_introspection_cpp.hpp
[30.181s] -- Installing: /home/mohammed/SmartCar/ros2_ws/install/octopus_interfaces/include/octopus_interfaces/octopus_interfaces/msg/detail/sensor_index__type_support.cpp
[30.183s] -- Installing: /home/mohammed/SmartCar/ros2_ws/install/octopus_interfaces/include/octopus_interfaces/octopus_interfaces/msg/detail/object_distance__rosidl_typesupport_introspection_cpp.hpp
[30.185s] -- Installing: /home/mohammed/SmartCar/ros2_ws/install/octopus_interfaces/include/octopus_interfaces/octopus_interfaces/msg/detail/move_intent__type_support.cpp
[30.187s] -- Installing: /home/mohammed/SmartCar/ros2_ws/install/octopus_interfaces/lib/liboctopus_interfaces__rosidl_typesupport_introspection_cpp.so
[30.197s] -- Set runtime path of "/home/mohammed/SmartCar/ros2_ws/install/octopus_interfaces/lib/liboctopus_interfaces__rosidl_typesupport_introspection_cpp.so" to ""
[30.198s] -- Installing: /home/mohammed/SmartCar/ros2_ws/install/octopus_interfaces/lib/liboctopus_interfaces__rosidl_typesupport_cpp.so
[30.198s] -- Set runtime path of "/home/mohammed/SmartCar/ros2_ws/install/octopus_interfaces/lib/liboctopus_interfaces__rosidl_typesupport_cpp.so" to ""
[30.199s] -- Up-to-date: /home/mohammed/SmartCar/ros2_ws/install/octopus_interfaces/share/octopus_interfaces/environment/pythonpath.sh
[30.199s] -- Installing: /home/mohammed/SmartCar/ros2_ws/install/octopus_interfaces/share/octopus_interfaces/environment/pythonpath.dsv
[30.200s] -- Up-to-date: /home/mohammed/SmartCar/ros2_ws/install/octopus_interfaces/local/lib/python3.10/dist-packages/octopus_interfaces-0.0.0-py3.10.egg-info
[30.200s] -- Installing: /home/mohammed/SmartCar/ros2_ws/install/octopus_interfaces/local/lib/python3.10/dist-packages/octopus_interfaces-0.0.0-py3.10.egg-info/PKG-INFO
[30.201s] -- Installing: /home/mohammed/SmartCar/ros2_ws/install/octopus_interfaces/local/lib/python3.10/dist-packages/octopus_interfaces-0.0.0-py3.10.egg-info/top_level.txt
[30.202s] -- Installing: /home/mohammed/SmartCar/ros2_ws/install/octopus_interfaces/local/lib/python3.10/dist-packages/octopus_interfaces-0.0.0-py3.10.egg-info/dependency_links.txt
[30.205s] -- Installing: /home/mohammed/SmartCar/ros2_ws/install/octopus_interfaces/local/lib/python3.10/dist-packages/octopus_interfaces-0.0.0-py3.10.egg-info/SOURCES.txt
[30.206s] -- Up-to-date: /home/mohammed/SmartCar/ros2_ws/install/octopus_interfaces/local/lib/python3.10/dist-packages/octopus_interfaces
[30.206s] -- Up-to-date: /home/mohammed/SmartCar/ros2_ws/install/octopus_interfaces/local/lib/python3.10/dist-packages/octopus_interfaces/msg
[30.206s] -- Installing: /home/mohammed/SmartCar/ros2_ws/install/octopus_interfaces/local/lib/python3.10/dist-packages/octopus_interfaces/msg/_object_distance.py
[30.209s] -- Installing: /home/mohammed/SmartCar/ros2_ws/install/octopus_interfaces/local/lib/python3.10/dist-packages/octopus_interfaces/msg/_move_intent.py
[30.210s] -- Installing: /home/mohammed/SmartCar/ros2_ws/install/octopus_interfaces/local/lib/python3.10/dist-packages/octopus_interfaces/msg/_sensor_index_s.c
[30.211s] -- Installing: /home/mohammed/SmartCar/ros2_ws/install/octopus_interfaces/local/lib/python3.10/dist-packages/octopus_interfaces/msg/__init__.py
[30.212s] -- Installing: /home/mohammed/SmartCar/ros2_ws/install/octopus_interfaces/local/lib/python3.10/dist-packages/octopus_interfaces/msg/_sensor_index.py
[30.214s] -- Installing: /home/mohammed/SmartCar/ros2_ws/install/octopus_interfaces/local/lib/python3.10/dist-packages/octopus_interfaces/msg/_move_intent_s.c
[30.215s] -- Installing: /home/mohammed/SmartCar/ros2_ws/install/octopus_interfaces/local/lib/python3.10/dist-packages/octopus_interfaces/msg/_object_distance_s.c
[30.217s] -- Installing: /home/mohammed/SmartCar/ros2_ws/install/octopus_interfaces/local/lib/python3.10/dist-packages/octopus_interfaces/liboctopus_interfaces__rosidl_generator_py.so
[30.218s] -- Installing: /home/mohammed/SmartCar/ros2_ws/install/octopus_interfaces/local/lib/python3.10/dist-packages/octopus_interfaces/_octopus_interfaces_s.ep.rosidl_typesupport_introspection_c.c
[30.220s] -- Installing: /home/mohammed/SmartCar/ros2_ws/install/octopus_interfaces/local/lib/python3.10/dist-packages/octopus_interfaces/octopus_interfaces_s__rosidl_typesupport_fastrtps_c.cpython-310-aarch64-linux-gnu.so
[30.223s] -- Installing: /home/mohammed/SmartCar/ros2_ws/install/octopus_interfaces/local/lib/python3.10/dist-packages/octopus_interfaces/__init__.py
[30.223s] -- Installing: /home/mohammed/SmartCar/ros2_ws/install/octopus_interfaces/local/lib/python3.10/dist-packages/octopus_interfaces/octopus_interfaces_s__rosidl_typesupport_introspection_c.cpython-310-aarch64-linux-gnu.so
[30.226s] -- Installing: /home/mohammed/SmartCar/ros2_ws/install/octopus_interfaces/local/lib/python3.10/dist-packages/octopus_interfaces/_octopus_interfaces_s.ep.rosidl_typesupport_c.c
[30.227s] -- Installing: /home/mohammed/SmartCar/ros2_ws/install/octopus_interfaces/local/lib/python3.10/dist-packages/octopus_interfaces/_octopus_interfaces_s.ep.rosidl_typesupport_fastrtps_c.c
[30.230s] -- Installing: /home/mohammed/SmartCar/ros2_ws/install/octopus_interfaces/local/lib/python3.10/dist-packages/octopus_interfaces/octopus_interfaces_s__rosidl_typesupport_c.cpython-310-aarch64-linux-gnu.so
[30.399s] Listing '/home/mohammed/SmartCar/ros2_ws/install/octopus_interfaces/local/lib/python3.10/dist-packages/octopus_interfaces'...
[30.408s] Compiling '/home/mohammed/SmartCar/ros2_ws/install/octopus_interfaces/local/lib/python3.10/dist-packages/octopus_interfaces/__init__.py'...
[30.410s] Listing '/home/mohammed/SmartCar/ros2_ws/install/octopus_interfaces/local/lib/python3.10/dist-packages/octopus_interfaces/msg'...
[30.411s] Compiling '/home/mohammed/SmartCar/ros2_ws/install/octopus_interfaces/local/lib/python3.10/dist-packages/octopus_interfaces/msg/__init__.py'...
[30.413s] Compiling '/home/mohammed/SmartCar/ros2_ws/install/octopus_interfaces/local/lib/python3.10/dist-packages/octopus_interfaces/msg/_move_intent.py'...
[30.414s] Compiling '/home/mohammed/SmartCar/ros2_ws/install/octopus_interfaces/local/lib/python3.10/dist-packages/octopus_interfaces/msg/_object_distance.py'...
[30.416s] Compiling '/home/mohammed/SmartCar/ros2_ws/install/octopus_interfaces/local/lib/python3.10/dist-packages/octopus_interfaces/msg/_sensor_index.py'...
[30.432s] -- Installing: /home/mohammed/SmartCar/ros2_ws/install/octopus_interfaces/local/lib/python3.10/dist-packages/octopus_interfaces/octopus_interfaces_s__rosidl_typesupport_fastrtps_c.cpython-310-aarch64-linux-gnu.so
[30.435s] -- Set runtime path of "/home/mohammed/SmartCar/ros2_ws/install/octopus_interfaces/local/lib/python3.10/dist-packages/octopus_interfaces/octopus_interfaces_s__rosidl_typesupport_fastrtps_c.cpython-310-aarch64-linux-gnu.so" to ""
[30.437s] -- Installing: /home/mohammed/SmartCar/ros2_ws/install/octopus_interfaces/local/lib/python3.10/dist-packages/octopus_interfaces/octopus_interfaces_s__rosidl_typesupport_introspection_c.cpython-310-aarch64-linux-gnu.so
[30.440s] -- Set runtime path of "/home/mohammed/SmartCar/ros2_ws/install/octopus_interfaces/local/lib/python3.10/dist-packages/octopus_interfaces/octopus_interfaces_s__rosidl_typesupport_introspection_c.cpython-310-aarch64-linux-gnu.so" to ""
[30.442s] -- Installing: /home/mohammed/SmartCar/ros2_ws/install/octopus_interfaces/local/lib/python3.10/dist-packages/octopus_interfaces/octopus_interfaces_s__rosidl_typesupport_c.cpython-310-aarch64-linux-gnu.so
[30.447s] -- Set runtime path of "/home/mohammed/SmartCar/ros2_ws/install/octopus_interfaces/local/lib/python3.10/dist-packages/octopus_interfaces/octopus_interfaces_s__rosidl_typesupport_c.cpython-310-aarch64-linux-gnu.so" to ""
[30.448s] -- Installing: /home/mohammed/SmartCar/ros2_ws/install/octopus_interfaces/lib/liboctopus_interfaces__rosidl_generator_py.so
[30.453s] -- Set runtime path of "/home/mohammed/SmartCar/ros2_ws/install/octopus_interfaces/lib/liboctopus_interfaces__rosidl_generator_py.so" to ""
[30.454s] -- Up-to-date: /home/mohammed/SmartCar/ros2_ws/install/octopus_interfaces/share/octopus_interfaces/msg/SensorIndex.idl
[30.455s] -- Up-to-date: /home/mohammed/SmartCar/ros2_ws/install/octopus_interfaces/share/octopus_interfaces/msg/ObjectDistance.idl
[30.456s] -- Installing: /home/mohammed/SmartCar/ros2_ws/install/octopus_interfaces/share/octopus_interfaces/msg/MoveIntent.idl
[30.458s] -- Up-to-date: /home/mohammed/SmartCar/ros2_ws/install/octopus_interfaces/share/octopus_interfaces/msg/SensorIndex.msg
[30.459s] -- Up-to-date: /home/mohammed/SmartCar/ros2_ws/install/octopus_interfaces/share/octopus_interfaces/msg/ObjectDistance.msg
[30.459s] -- Installing: /home/mohammed/SmartCar/ros2_ws/install/octopus_interfaces/share/octopus_interfaces/msg/MoveIntent.msg
[30.461s] -- Up-to-date: /home/mohammed/SmartCar/ros2_ws/install/octopus_interfaces/share/ament_index/resource_index/package_run_dependencies/octopus_interfaces
[30.461s] -- Installing: /home/mohammed/SmartCar/ros2_ws/install/octopus_interfaces/share/ament_index/resource_index/parent_prefix_path/octopus_interfaces
[30.463s] -- Up-to-date: /home/mohammed/SmartCar/ros2_ws/install/octopus_interfaces/share/octopus_interfaces/environment/ament_prefix_path.sh
[30.464s] -- Installing: /home/mohammed/SmartCar/ros2_ws/install/octopus_interfaces/share/octopus_interfaces/environment/ament_prefix_path.dsv
[30.466s] -- Up-to-date: /home/mohammed/SmartCar/ros2_ws/install/octopus_interfaces/share/octopus_interfaces/environment/path.sh
[30.466s] -- Installing: /home/mohammed/SmartCar/ros2_ws/install/octopus_interfaces/share/octopus_interfaces/environment/path.dsv
[30.468s] -- Up-to-date: /home/mohammed/SmartCar/ros2_ws/install/octopus_interfaces/share/octopus_interfaces/local_setup.bash
[30.469s] -- Up-to-date: /home/mohammed/SmartCar/ros2_ws/install/octopus_interfaces/share/octopus_interfaces/local_setup.sh
[30.470s] -- Up-to-date: /home/mohammed/SmartCar/ros2_ws/install/octopus_interfaces/share/octopus_interfaces/local_setup.zsh
[30.471s] -- Installing: /home/mohammed/SmartCar/ros2_ws/install/octopus_interfaces/share/octopus_interfaces/local_setup.dsv
[30.472s] -- Installing: /home/mohammed/SmartCar/ros2_ws/install/octopus_interfaces/share/octopus_interfaces/package.dsv
[30.474s] -- Up-to-date: /home/mohammed/SmartCar/ros2_ws/install/octopus_interfaces/share/ament_index/resource_index/packages/octopus_interfaces
[30.479s] -- Up-to-date: /home/mohammed/SmartCar/ros2_ws/install/octopus_interfaces/share/octopus_interfaces/cmake/export_octopus_interfaces__rosidl_generator_cExport.cmake
[30.480s] -- Up-to-date: /home/mohammed/SmartCar/ros2_ws/install/octopus_interfaces/share/octopus_interfaces/cmake/export_octopus_interfaces__rosidl_generator_cExport-noconfig.cmake
[30.481s] -- Up-to-date: /home/mohammed/SmartCar/ros2_ws/install/octopus_interfaces/share/octopus_interfaces/cmake/export_octopus_interfaces__rosidl_typesupport_fastrtps_cExport.cmake
[30.482s] -- Up-to-date: /home/mohammed/SmartCar/ros2_ws/install/octopus_interfaces/share/octopus_interfaces/cmake/export_octopus_interfaces__rosidl_typesupport_fastrtps_cExport-noconfig.cmake
[30.482s] -- Up-to-date: /home/mohammed/SmartCar/ros2_ws/install/octopus_interfaces/share/octopus_interfaces/cmake/octopus_interfaces__rosidl_typesupport_introspection_cExport.cmake
[30.483s] -- Up-to-date: /home/mohammed/SmartCar/ros2_ws/install/octopus_interfaces/share/octopus_interfaces/cmake/octopus_interfaces__rosidl_typesupport_introspection_cExport-noconfig.cmake
[30.484s] -- Up-to-date: /home/mohammed/SmartCar/ros2_ws/install/octopus_interfaces/share/octopus_interfaces/cmake/octopus_interfaces__rosidl_typesupport_cExport.cmake
[30.485s] -- Up-to-date: /home/mohammed/SmartCar/ros2_ws/install/octopus_interfaces/share/octopus_interfaces/cmake/octopus_interfaces__rosidl_typesupport_cExport-noconfig.cmake
[30.486s] -- Up-to-date: /home/mohammed/SmartCar/ros2_ws/install/octopus_interfaces/share/octopus_interfaces/cmake/export_octopus_interfaces__rosidl_generator_cppExport.cmake
[30.486s] -- Up-to-date: /home/mohammed/SmartCar/ros2_ws/install/octopus_interfaces/share/octopus_interfaces/cmake/export_octopus_interfaces__rosidl_typesupport_fastrtps_cppExport.cmake
[30.487s] -- Up-to-date: /home/mohammed/SmartCar/ros2_ws/install/octopus_interfaces/share/octopus_interfaces/cmake/export_octopus_interfaces__rosidl_typesupport_fastrtps_cppExport-noconfig.cmake
[30.488s] -- Up-to-date: /home/mohammed/SmartCar/ros2_ws/install/octopus_interfaces/share/octopus_interfaces/cmake/octopus_interfaces__rosidl_typesupport_introspection_cppExport.cmake
[30.489s] -- Up-to-date: /home/mohammed/SmartCar/ros2_ws/install/octopus_interfaces/share/octopus_interfaces/cmake/octopus_interfaces__rosidl_typesupport_introspection_cppExport-noconfig.cmake
[30.490s] -- Up-to-date: /home/mohammed/SmartCar/ros2_ws/install/octopus_interfaces/share/octopus_interfaces/cmake/octopus_interfaces__rosidl_typesupport_cppExport.cmake
[30.491s] -- Up-to-date: /home/mohammed/SmartCar/ros2_ws/install/octopus_interfaces/share/octopus_interfaces/cmake/octopus_interfaces__rosidl_typesupport_cppExport-noconfig.cmake
[30.492s] -- Up-to-date: /home/mohammed/SmartCar/ros2_ws/install/octopus_interfaces/share/octopus_interfaces/cmake/export_octopus_interfaces__rosidl_generator_pyExport.cmake
[30.492s] -- Up-to-date: /home/mohammed/SmartCar/ros2_ws/install/octopus_interfaces/share/octopus_interfaces/cmake/export_octopus_interfaces__rosidl_generator_pyExport-noconfig.cmake
[30.493s] -- Up-to-date: /home/mohammed/SmartCar/ros2_ws/install/octopus_interfaces/share/octopus_interfaces/cmake/rosidl_cmake-extras.cmake
[30.494s] -- Up-to-date: /home/mohammed/SmartCar/ros2_ws/install/octopus_interfaces/share/octopus_interfaces/cmake/ament_cmake_export_include_directories-extras.cmake
[30.495s] -- Up-to-date: /home/mohammed/SmartCar/ros2_ws/install/octopus_interfaces/share/octopus_interfaces/cmake/ament_cmake_export_libraries-extras.cmake
[30.495s] -- Up-to-date: /home/mohammed/SmartCar/ros2_ws/install/octopus_interfaces/share/octopus_interfaces/cmake/ament_cmake_export_targets-extras.cmake
[30.496s] -- Up-to-date: /home/mohammed/SmartCar/ros2_ws/install/octopus_interfaces/share/octopus_interfaces/cmake/rosidl_cmake_export_typesupport_targets-extras.cmake
[30.499s] -- Up-to-date: /home/mohammed/SmartCar/ros2_ws/install/octopus_interfaces/share/octopus_interfaces/cmake/ament_cmake_export_dependencies-extras.cmake
[30.499s] -- Up-to-date: /home/mohammed/SmartCar/ros2_ws/install/octopus_interfaces/share/octopus_interfaces/cmake/rosidl_cmake_export_typesupport_libraries-extras.cmake
[30.500s] -- Up-to-date: /home/mohammed/SmartCar/ros2_ws/install/octopus_interfaces/share/octopus_interfaces/cmake/octopus_interfacesConfig.cmake
[30.501s] -- Up-to-date: /home/mohammed/SmartCar/ros2_ws/install/octopus_interfaces/share/octopus_interfaces/cmake/octopus_interfacesConfig-version.cmake
[30.502s] -- Up-to-date: /home/mohammed/SmartCar/ros2_ws/install/octopus_interfaces/share/octopus_interfaces/package.xml
[30.511s] Invoked command in '/home/mohammed/SmartCar/ros2_ws/build/octopus_interfaces' returned '0': CMAKE_PREFIX_PATH=/opt/ros/humble /usr/bin/cmake --install /home/mohammed/SmartCar/ros2_ws/build/octopus_interfaces
