[0.457s] DEBUG:colcon:Command line arguments: ['/usr/bin/colcon', 'build', '--packages-select', 'octopus_interfaces']
[0.458s] DEBUG:colcon:Parsed command line arguments: Namespace(log_base=None, log_level=None, verb_name='build', build_base='build', install_base='install', merge_install=False, symlink_install=False, test_result_base=None, continue_on_error=False, executor='parallel', parallel_workers=4, event_handlers=None, ignore_user_meta=False, metas=['./colcon.meta'], base_paths=['.'], packages_ignore=None, packages_ignore_regex=None, paths=None, packages_up_to=None, packages_up_to_regex=None, packages_above=None, packages_above_and_dependencies=None, packages_above_depth=None, packages_select_by_dep=None, packages_skip_by_dep=None, packages_skip_up_to=None, packages_select_build_failed=False, packages_skip_build_finished=False, packages_select_test_failures=False, packages_skip_test_passed=False, packages_select=['octopus_interfaces'], packages_skip=None, packages_select_regex=None, packages_skip_regex=None, packages_start=None, packages_end=None, allow_overriding=[], cmake_args=None, cmake_target=None, cmake_target_skip_unavailable=False, cmake_clean_cache=False, cmake_clean_first=False, cmake_force_configure=False, ament_cmake_args=None, catkin_cmake_args=None, catkin_skip_building_tests=False, verb_parser=<colcon_defaults.argument_parser.defaults.DefaultArgumentsDecorator object at 0xffffa6737550>, verb_extension=<colcon_core.verb.build.BuildVerb object at 0xffffa6920940>, main=<bound method BuildVerb.main of <colcon_core.verb.build.BuildVerb object at 0xffffa6920940>>)
[1.339s] Level 1:colcon.colcon_core.package_discovery:discover_packages(colcon_meta) check parameters
[1.340s] Level 1:colcon.colcon_core.package_discovery:discover_packages(recursive) check parameters
[1.340s] Level 1:colcon.colcon_core.package_discovery:discover_packages(ignore) check parameters
[1.340s] Level 1:colcon.colcon_core.package_discovery:discover_packages(path) check parameters
[1.340s] Level 1:colcon.colcon_core.package_discovery:discover_packages(colcon_meta) discover
[1.341s] Level 1:colcon.colcon_core.package_discovery:discover_packages(recursive) discover
[1.341s] INFO:colcon.colcon_core.package_discovery:Crawling recursively for packages in '/home/mohammed/SmartCar/ros2_ws'
[1.341s] Level 1:colcon.colcon_core.package_identification:_identify(.) by extensions ['ignore', 'ignore_ament_install']
[1.342s] Level 1:colcon.colcon_core.package_identification:_identify(.) by extension 'ignore'
[1.342s] Level 1:colcon.colcon_core.package_identification:_identify(.) by extension 'ignore_ament_install'
[1.342s] Level 1:colcon.colcon_core.package_identification:_identify(.) by extensions ['colcon_pkg']
[1.343s] Level 1:colcon.colcon_core.package_identification:_identify(.) by extension 'colcon_pkg'
[1.343s] Level 1:colcon.colcon_core.package_identification:_identify(.) by extensions ['colcon_meta']
[1.343s] Level 1:colcon.colcon_core.package_identification:_identify(.) by extension 'colcon_meta'
[1.343s] Level 1:colcon.colcon_core.package_identification:_identify(.) by extensions ['ros']
[1.343s] Level 1:colcon.colcon_core.package_identification:_identify(.) by extension 'ros'
[1.391s] Level 1:colcon.colcon_core.package_identification:_identify(.) by extensions ['cmake', 'python']
[1.392s] Level 1:colcon.colcon_core.package_identification:_identify(.) by extension 'cmake'
[1.392s] Level 1:colcon.colcon_core.package_identification:_identify(.) by extension 'python'
[1.392s] Level 1:colcon.colcon_core.package_identification:_identify(.) by extensions ['python_setup_py']
[1.392s] Level 1:colcon.colcon_core.package_identification:_identify(.) by extension 'python_setup_py'
[1.393s] Level 1:colcon.colcon_core.package_identification:_identify(build) by extensions ['ignore', 'ignore_ament_install']
[1.394s] Level 1:colcon.colcon_core.package_identification:_identify(build) by extension 'ignore'
[1.394s] Level 1:colcon.colcon_core.package_identification:_identify(build) ignored
[1.395s] Level 1:colcon.colcon_core.package_identification:_identify(install) by extensions ['ignore', 'ignore_ament_install']
[1.395s] Level 1:colcon.colcon_core.package_identification:_identify(install) by extension 'ignore'
[1.395s] Level 1:colcon.colcon_core.package_identification:_identify(install) ignored
[1.397s] Level 1:colcon.colcon_core.package_identification:_identify(log) by extensions ['ignore', 'ignore_ament_install']
[1.397s] Level 1:colcon.colcon_core.package_identification:_identify(log) by extension 'ignore'
[1.397s] Level 1:colcon.colcon_core.package_identification:_identify(log) ignored
[1.398s] Level 1:colcon.colcon_core.package_identification:_identify(src) by extensions ['ignore', 'ignore_ament_install']
[1.398s] Level 1:colcon.colcon_core.package_identification:_identify(src) by extension 'ignore'
[1.399s] Level 1:colcon.colcon_core.package_identification:_identify(src) by extension 'ignore_ament_install'
[1.399s] Level 1:colcon.colcon_core.package_identification:_identify(src) by extensions ['colcon_pkg']
[1.399s] Level 1:colcon.colcon_core.package_identification:_identify(src) by extension 'colcon_pkg'
[1.400s] Level 1:colcon.colcon_core.package_identification:_identify(src) by extensions ['colcon_meta']
[1.400s] Level 1:colcon.colcon_core.package_identification:_identify(src) by extension 'colcon_meta'
[1.400s] Level 1:colcon.colcon_core.package_identification:_identify(src) by extensions ['ros']
[1.400s] Level 1:colcon.colcon_core.package_identification:_identify(src) by extension 'ros'
[1.401s] Level 1:colcon.colcon_core.package_identification:_identify(src) by extensions ['cmake', 'python']
[1.401s] Level 1:colcon.colcon_core.package_identification:_identify(src) by extension 'cmake'
[1.401s] Level 1:colcon.colcon_core.package_identification:_identify(src) by extension 'python'
[1.401s] Level 1:colcon.colcon_core.package_identification:_identify(src) by extensions ['python_setup_py']
[1.402s] Level 1:colcon.colcon_core.package_identification:_identify(src) by extension 'python_setup_py'
[1.402s] Level 1:colcon.colcon_core.package_identification:_identify(src/SmartCar_pkg) by extensions ['ignore', 'ignore_ament_install']
[1.402s] Level 1:colcon.colcon_core.package_identification:_identify(src/SmartCar_pkg) by extension 'ignore'
[1.403s] Level 1:colcon.colcon_core.package_identification:_identify(src/SmartCar_pkg) by extension 'ignore_ament_install'
[1.403s] Level 1:colcon.colcon_core.package_identification:_identify(src/SmartCar_pkg) by extensions ['colcon_pkg']
[1.403s] Level 1:colcon.colcon_core.package_identification:_identify(src/SmartCar_pkg) by extension 'colcon_pkg'
[1.404s] Level 1:colcon.colcon_core.package_identification:_identify(src/SmartCar_pkg) by extensions ['colcon_meta']
[1.404s] Level 1:colcon.colcon_core.package_identification:_identify(src/SmartCar_pkg) by extension 'colcon_meta'
[1.404s] Level 1:colcon.colcon_core.package_identification:_identify(src/SmartCar_pkg) by extensions ['ros']
[1.404s] Level 1:colcon.colcon_core.package_identification:_identify(src/SmartCar_pkg) by extension 'ros'
[1.414s] DEBUG:colcon.colcon_core.package_identification:Package 'src/SmartCar_pkg' with type 'ros.ament_python' and name 'SmartCar_pkg'
[1.414s] Level 1:colcon.colcon_core.package_identification:_identify(src/YDLidar-SDK) by extensions ['ignore', 'ignore_ament_install']
[1.415s] Level 1:colcon.colcon_core.package_identification:_identify(src/YDLidar-SDK) by extension 'ignore'
[1.415s] Level 1:colcon.colcon_core.package_identification:_identify(src/YDLidar-SDK) by extension 'ignore_ament_install'
[1.416s] Level 1:colcon.colcon_core.package_identification:_identify(src/YDLidar-SDK) by extensions ['colcon_pkg']
[1.416s] Level 1:colcon.colcon_core.package_identification:_identify(src/YDLidar-SDK) by extension 'colcon_pkg'
[1.416s] Level 1:colcon.colcon_core.package_identification:_identify(src/YDLidar-SDK) by extensions ['colcon_meta']
[1.416s] Level 1:colcon.colcon_core.package_identification:_identify(src/YDLidar-SDK) by extension 'colcon_meta'
[1.417s] Level 1:colcon.colcon_core.package_identification:_identify(src/YDLidar-SDK) by extensions ['ros']
[1.417s] Level 1:colcon.colcon_core.package_identification:_identify(src/YDLidar-SDK) by extension 'ros'
[1.417s] Level 1:colcon.colcon_core.package_identification:_identify(src/YDLidar-SDK) by extensions ['cmake', 'python']
[1.417s] Level 1:colcon.colcon_core.package_identification:_identify(src/YDLidar-SDK) by extension 'cmake'
[1.511s] Level 1:colcon.colcon_core.package_identification:_identify(src/YDLidar-SDK) by extension 'python'
[1.512s] DEBUG:colcon.colcon_core.package_identification:Package 'src/YDLidar-SDK' with type 'cmake' and name 'ydlidar_sdk'
[1.512s] Level 1:colcon.colcon_core.package_identification:_identify(src/octopus_interfaces) by extensions ['ignore', 'ignore_ament_install']
[1.513s] Level 1:colcon.colcon_core.package_identification:_identify(src/octopus_interfaces) by extension 'ignore'
[1.513s] Level 1:colcon.colcon_core.package_identification:_identify(src/octopus_interfaces) by extension 'ignore_ament_install'
[1.513s] Level 1:colcon.colcon_core.package_identification:_identify(src/octopus_interfaces) by extensions ['colcon_pkg']
[1.513s] Level 1:colcon.colcon_core.package_identification:_identify(src/octopus_interfaces) by extension 'colcon_pkg'
[1.514s] Level 1:colcon.colcon_core.package_identification:_identify(src/octopus_interfaces) by extensions ['colcon_meta']
[1.514s] Level 1:colcon.colcon_core.package_identification:_identify(src/octopus_interfaces) by extension 'colcon_meta'
[1.514s] Level 1:colcon.colcon_core.package_identification:_identify(src/octopus_interfaces) by extensions ['ros']
[1.514s] Level 1:colcon.colcon_core.package_identification:_identify(src/octopus_interfaces) by extension 'ros'
[1.517s] DEBUG:colcon.colcon_core.package_identification:Package 'src/octopus_interfaces' with type 'ros.ament_cmake' and name 'octopus_interfaces'
[1.517s] Level 1:colcon.colcon_core.package_identification:_identify(src/ydlidar_ros2_driver) by extensions ['ignore', 'ignore_ament_install']
[1.518s] Level 1:colcon.colcon_core.package_identification:_identify(src/ydlidar_ros2_driver) by extension 'ignore'
[1.518s] Level 1:colcon.colcon_core.package_identification:_identify(src/ydlidar_ros2_driver) by extension 'ignore_ament_install'
[1.518s] Level 1:colcon.colcon_core.package_identification:_identify(src/ydlidar_ros2_driver) by extensions ['colcon_pkg']
[1.518s] Level 1:colcon.colcon_core.package_identification:_identify(src/ydlidar_ros2_driver) by extension 'colcon_pkg'
[1.519s] Level 1:colcon.colcon_core.package_identification:_identify(src/ydlidar_ros2_driver) by extensions ['colcon_meta']
[1.519s] Level 1:colcon.colcon_core.package_identification:_identify(src/ydlidar_ros2_driver) by extension 'colcon_meta'
[1.519s] Level 1:colcon.colcon_core.package_identification:_identify(src/ydlidar_ros2_driver) by extensions ['ros']
[1.519s] Level 1:colcon.colcon_core.package_identification:_identify(src/ydlidar_ros2_driver) by extension 'ros'
[1.522s] DEBUG:colcon.colcon_core.package_identification:Package 'src/ydlidar_ros2_driver' with type 'ros.ament_cmake' and name 'ydlidar_ros2_driver'
[1.522s] Level 1:colcon.colcon_core.package_discovery:discover_packages(recursive) using defaults
[1.522s] Level 1:colcon.colcon_core.package_discovery:discover_packages(ignore) discover
[1.522s] Level 1:colcon.colcon_core.package_discovery:discover_packages(ignore) using defaults
[1.522s] Level 1:colcon.colcon_core.package_discovery:discover_packages(path) discover
[1.522s] Level 1:colcon.colcon_core.package_discovery:discover_packages(path) using defaults
[1.599s] INFO:colcon.colcon_core.package_selection:Skipping not selected package 'ydlidar_ros2_driver' in 'src/ydlidar_ros2_driver'
[1.599s] INFO:colcon.colcon_core.package_selection:Skipping not selected package 'ydlidar_sdk' in 'src/YDLidar-SDK'
[1.599s] INFO:colcon.colcon_core.package_selection:Skipping not selected package 'SmartCar_pkg' in 'src/SmartCar_pkg'
[1.601s] Level 1:colcon.colcon_core.package_discovery:discover_packages(prefix_path) check parameters
[1.601s] Level 1:colcon.colcon_core.package_discovery:discover_packages(prefix_path) discover
[1.616s] DEBUG:colcon.colcon_installed_package_information.package_discovery:Found 274 installed packages in /opt/ros/humble
[1.663s] Level 1:colcon.colcon_core.package_discovery:discover_packages(prefix_path) using defaults
[1.847s] Level 5:colcon.colcon_core.verb:set package 'octopus_interfaces' build argument 'cmake_args' from command line to 'None'
[1.847s] Level 5:colcon.colcon_core.verb:set package 'octopus_interfaces' build argument 'cmake_target' from command line to 'None'
[1.847s] Level 5:colcon.colcon_core.verb:set package 'octopus_interfaces' build argument 'cmake_target_skip_unavailable' from command line to 'False'
[1.848s] Level 5:colcon.colcon_core.verb:set package 'octopus_interfaces' build argument 'cmake_clean_cache' from command line to 'False'
[1.848s] Level 5:colcon.colcon_core.verb:set package 'octopus_interfaces' build argument 'cmake_clean_first' from command line to 'False'
[1.848s] Level 5:colcon.colcon_core.verb:set package 'octopus_interfaces' build argument 'cmake_force_configure' from command line to 'False'
[1.848s] Level 5:colcon.colcon_core.verb:set package 'octopus_interfaces' build argument 'ament_cmake_args' from command line to 'None'
[1.848s] Level 5:colcon.colcon_core.verb:set package 'octopus_interfaces' build argument 'catkin_cmake_args' from command line to 'None'
[1.848s] Level 5:colcon.colcon_core.verb:set package 'octopus_interfaces' build argument 'catkin_skip_building_tests' from command line to 'False'
[1.849s] DEBUG:colcon.colcon_core.verb:Building package 'octopus_interfaces' with the following arguments: {'ament_cmake_args': None, 'build_base': '/home/mohammed/SmartCar/ros2_ws/build/octopus_interfaces', 'catkin_cmake_args': None, 'catkin_skip_building_tests': False, 'cmake_args': None, 'cmake_clean_cache': False, 'cmake_clean_first': False, 'cmake_force_configure': False, 'cmake_target': None, 'cmake_target_skip_unavailable': False, 'install_base': '/home/mohammed/SmartCar/ros2_ws/install/octopus_interfaces', 'merge_install': False, 'path': '/home/mohammed/SmartCar/ros2_ws/src/octopus_interfaces', 'symlink_install': False, 'test_result_base': None}
[1.849s] INFO:colcon.colcon_core.executor:Executing jobs using 'parallel' executor
[1.852s] DEBUG:colcon.colcon_parallel_executor.executor.parallel:run_until_complete
[1.854s] INFO:colcon.colcon_ros.task.ament_cmake.build:Building ROS package in '/home/mohammed/SmartCar/ros2_ws/src/octopus_interfaces' with build type 'ament_cmake'
[1.854s] INFO:colcon.colcon_cmake.task.cmake.build:Building CMake package in '/home/mohammed/SmartCar/ros2_ws/src/octopus_interfaces'
[1.864s] INFO:colcon.colcon_core.plugin_system:Skipping extension 'colcon_core.shell.bat': Not used on non-Windows systems
[1.865s] INFO:colcon.colcon_core.shell:Skip shell extension 'powershell' for command environment: Not usable outside of PowerShell
[1.866s] DEBUG:colcon.colcon_core.shell:Skip shell extension 'dsv' for command environment
[1.908s] DEBUG:colcon.colcon_core.event_handler.log_command:Invoking command in '/home/mohammed/SmartCar/ros2_ws/build/octopus_interfaces': CMAKE_PREFIX_PATH=/opt/ros/humble /usr/bin/cmake --build /home/mohammed/SmartCar/ros2_ws/build/octopus_interfaces -- -j4 -l4
[4.210s] DEBUG:colcon.colcon_core.event_handler.log_command:Invoked command in '/home/mohammed/SmartCar/ros2_ws/build/octopus_interfaces' returned '0': CMAKE_PREFIX_PATH=/opt/ros/humble /usr/bin/cmake --build /home/mohammed/SmartCar/ros2_ws/build/octopus_interfaces -- -j4 -l4
[4.260s] DEBUG:colcon.colcon_core.event_handler.log_command:Invoking command in '/home/mohammed/SmartCar/ros2_ws/build/octopus_interfaces': CMAKE_PREFIX_PATH=/opt/ros/humble /usr/bin/cmake --install /home/mohammed/SmartCar/ros2_ws/build/octopus_interfaces
[4.665s] Level 1:colcon.colcon_core.environment:create_environment_scripts_only(octopus_interfaces)
[4.683s] Level 1:colcon.colcon_core.environment:checking '/home/mohammed/SmartCar/ros2_ws/install/octopus_interfaces' for CMake module files
[4.691s] Level 1:colcon.colcon_core.environment:checking '/home/mohammed/SmartCar/ros2_ws/install/octopus_interfaces' for CMake config files
[4.695s] DEBUG:colcon.colcon_core.event_handler.log_command:Invoked command in '/home/mohammed/SmartCar/ros2_ws/build/octopus_interfaces' returned '0': CMAKE_PREFIX_PATH=/opt/ros/humble /usr/bin/cmake --install /home/mohammed/SmartCar/ros2_ws/build/octopus_interfaces
[4.702s] Level 1:colcon.colcon_core.shell:create_environment_hook('octopus_interfaces', 'cmake_prefix_path')
[4.704s] INFO:colcon.colcon_core.shell:Creating environment hook '/home/mohammed/SmartCar/ros2_ws/install/octopus_interfaces/share/octopus_interfaces/hook/cmake_prefix_path.ps1'
[4.707s] INFO:colcon.colcon_core.shell:Creating environment descriptor '/home/mohammed/SmartCar/ros2_ws/install/octopus_interfaces/share/octopus_interfaces/hook/cmake_prefix_path.dsv'
[4.710s] INFO:colcon.colcon_core.shell:Creating environment hook '/home/mohammed/SmartCar/ros2_ws/install/octopus_interfaces/share/octopus_interfaces/hook/cmake_prefix_path.sh'
[4.716s] Level 1:colcon.colcon_core.environment:checking '/home/mohammed/SmartCar/ros2_ws/install/octopus_interfaces/lib'
[4.717s] Level 1:colcon.colcon_core.shell:create_environment_hook('octopus_interfaces', 'ld_library_path_lib')
[4.719s] INFO:colcon.colcon_core.shell:Creating environment hook '/home/mohammed/SmartCar/ros2_ws/install/octopus_interfaces/share/octopus_interfaces/hook/ld_library_path_lib.ps1'
[4.721s] INFO:colcon.colcon_core.shell:Creating environment descriptor '/home/mohammed/SmartCar/ros2_ws/install/octopus_interfaces/share/octopus_interfaces/hook/ld_library_path_lib.dsv'
[4.724s] INFO:colcon.colcon_core.shell:Creating environment hook '/home/mohammed/SmartCar/ros2_ws/install/octopus_interfaces/share/octopus_interfaces/hook/ld_library_path_lib.sh'
[4.727s] Level 1:colcon.colcon_core.environment:checking '/home/mohammed/SmartCar/ros2_ws/install/octopus_interfaces/bin'
[4.727s] Level 1:colcon.colcon_core.environment:checking '/home/mohammed/SmartCar/ros2_ws/install/octopus_interfaces/lib/pkgconfig/octopus_interfaces.pc'
[4.729s] Level 1:colcon.colcon_core.environment:checking '/home/mohammed/SmartCar/ros2_ws/install/octopus_interfaces/lib/python3.10/site-packages'
[4.731s] Level 1:colcon.colcon_core.environment:checking '/home/mohammed/SmartCar/ros2_ws/install/octopus_interfaces/bin'
[4.732s] INFO:colcon.colcon_core.shell:Creating package script '/home/mohammed/SmartCar/ros2_ws/install/octopus_interfaces/share/octopus_interfaces/package.ps1'
[4.737s] INFO:colcon.colcon_core.shell:Creating package descriptor '/home/mohammed/SmartCar/ros2_ws/install/octopus_interfaces/share/octopus_interfaces/package.dsv'
[4.741s] INFO:colcon.colcon_core.shell:Creating package script '/home/mohammed/SmartCar/ros2_ws/install/octopus_interfaces/share/octopus_interfaces/package.sh'
[4.745s] INFO:colcon.colcon_core.shell:Creating package script '/home/mohammed/SmartCar/ros2_ws/install/octopus_interfaces/share/octopus_interfaces/package.bash'
[4.751s] INFO:colcon.colcon_core.shell:Creating package script '/home/mohammed/SmartCar/ros2_ws/install/octopus_interfaces/share/octopus_interfaces/package.zsh'
[4.755s] Level 1:colcon.colcon_core.environment:create_file_with_runtime_dependencies(/home/mohammed/SmartCar/ros2_ws/install/octopus_interfaces/share/colcon-core/packages/octopus_interfaces)
[4.759s] Level 1:colcon.colcon_core.environment:create_environment_scripts_only(octopus_interfaces)
[4.760s] Level 1:colcon.colcon_core.environment:checking '/home/mohammed/SmartCar/ros2_ws/install/octopus_interfaces' for CMake module files
[4.765s] Level 1:colcon.colcon_core.environment:checking '/home/mohammed/SmartCar/ros2_ws/install/octopus_interfaces' for CMake config files
[4.771s] Level 1:colcon.colcon_core.shell:create_environment_hook('octopus_interfaces', 'cmake_prefix_path')
[4.773s] INFO:colcon.colcon_core.shell:Creating environment hook '/home/mohammed/SmartCar/ros2_ws/install/octopus_interfaces/share/octopus_interfaces/hook/cmake_prefix_path.ps1'
[4.776s] INFO:colcon.colcon_core.shell:Creating environment descriptor '/home/mohammed/SmartCar/ros2_ws/install/octopus_interfaces/share/octopus_interfaces/hook/cmake_prefix_path.dsv'
[4.778s] INFO:colcon.colcon_core.shell:Creating environment hook '/home/mohammed/SmartCar/ros2_ws/install/octopus_interfaces/share/octopus_interfaces/hook/cmake_prefix_path.sh'
[4.782s] Level 1:colcon.colcon_core.environment:checking '/home/mohammed/SmartCar/ros2_ws/install/octopus_interfaces/lib'
[4.782s] Level 1:colcon.colcon_core.shell:create_environment_hook('octopus_interfaces', 'ld_library_path_lib')
[4.783s] INFO:colcon.colcon_core.shell:Creating environment hook '/home/mohammed/SmartCar/ros2_ws/install/octopus_interfaces/share/octopus_interfaces/hook/ld_library_path_lib.ps1'
[4.786s] INFO:colcon.colcon_core.shell:Creating environment descriptor '/home/mohammed/SmartCar/ros2_ws/install/octopus_interfaces/share/octopus_interfaces/hook/ld_library_path_lib.dsv'
[4.788s] INFO:colcon.colcon_core.shell:Creating environment hook '/home/mohammed/SmartCar/ros2_ws/install/octopus_interfaces/share/octopus_interfaces/hook/ld_library_path_lib.sh'
[4.791s] Level 1:colcon.colcon_core.environment:checking '/home/mohammed/SmartCar/ros2_ws/install/octopus_interfaces/bin'
[4.791s] Level 1:colcon.colcon_core.environment:checking '/home/mohammed/SmartCar/ros2_ws/install/octopus_interfaces/lib/pkgconfig/octopus_interfaces.pc'
[4.792s] Level 1:colcon.colcon_core.environment:checking '/home/mohammed/SmartCar/ros2_ws/install/octopus_interfaces/lib/python3.10/site-packages'
[4.794s] Level 1:colcon.colcon_core.environment:checking '/home/mohammed/SmartCar/ros2_ws/install/octopus_interfaces/bin'
[4.796s] INFO:colcon.colcon_core.shell:Creating package script '/home/mohammed/SmartCar/ros2_ws/install/octopus_interfaces/share/octopus_interfaces/package.ps1'
[4.800s] INFO:colcon.colcon_core.shell:Creating package descriptor '/home/mohammed/SmartCar/ros2_ws/install/octopus_interfaces/share/octopus_interfaces/package.dsv'
[4.803s] INFO:colcon.colcon_core.shell:Creating package script '/home/mohammed/SmartCar/ros2_ws/install/octopus_interfaces/share/octopus_interfaces/package.sh'
[4.806s] INFO:colcon.colcon_core.shell:Creating package script '/home/mohammed/SmartCar/ros2_ws/install/octopus_interfaces/share/octopus_interfaces/package.bash'
[4.809s] INFO:colcon.colcon_core.shell:Creating package script '/home/mohammed/SmartCar/ros2_ws/install/octopus_interfaces/share/octopus_interfaces/package.zsh'
[4.812s] Level 1:colcon.colcon_core.environment:create_file_with_runtime_dependencies(/home/mohammed/SmartCar/ros2_ws/install/octopus_interfaces/share/colcon-core/packages/octopus_interfaces)
[4.813s] DEBUG:colcon.colcon_parallel_executor.executor.parallel:closing loop
[4.815s] DEBUG:colcon.colcon_parallel_executor.executor.parallel:loop closed
[4.815s] DEBUG:colcon.colcon_parallel_executor.executor.parallel:run_until_complete finished with '0'
[4.816s] DEBUG:colcon.colcon_core.event_reactor:joining thread
[4.841s] INFO:colcon.colcon_core.plugin_system:Skipping extension 'colcon_notification.desktop_notification.terminal_notifier': Not used on non-Darwin systems
[4.841s] INFO:colcon.colcon_core.plugin_system:Skipping extension 'colcon_notification.desktop_notification.win32': Not used on non-Windows systems
[4.842s] INFO:colcon.colcon_notification.desktop_notification:Sending desktop notification using 'notify2'
[4.886s] DEBUG:colcon.colcon_core.event_reactor:joined thread
[4.887s] INFO:colcon.colcon_core.shell:Creating prefix script '/home/mohammed/SmartCar/ros2_ws/install/local_setup.ps1'
[4.892s] INFO:colcon.colcon_core.shell:Creating prefix util module '/home/mohammed/SmartCar/ros2_ws/install/_local_setup_util_ps1.py'
[4.899s] INFO:colcon.colcon_core.shell:Creating prefix chain script '/home/mohammed/SmartCar/ros2_ws/install/setup.ps1'
[4.904s] INFO:colcon.colcon_core.shell:Creating prefix script '/home/mohammed/SmartCar/ros2_ws/install/local_setup.sh'
[4.906s] INFO:colcon.colcon_core.shell:Creating prefix util module '/home/mohammed/SmartCar/ros2_ws/install/_local_setup_util_sh.py'
[4.910s] INFO:colcon.colcon_core.shell:Creating prefix chain script '/home/mohammed/SmartCar/ros2_ws/install/setup.sh'
[4.915s] INFO:colcon.colcon_core.shell:Creating prefix script '/home/mohammed/SmartCar/ros2_ws/install/local_setup.bash'
[4.919s] INFO:colcon.colcon_core.shell:Creating prefix chain script '/home/mohammed/SmartCar/ros2_ws/install/setup.bash'
[4.925s] INFO:colcon.colcon_core.shell:Creating prefix script '/home/mohammed/SmartCar/ros2_ws/install/local_setup.zsh'
[4.928s] INFO:colcon.colcon_core.shell:Creating prefix chain script '/home/mohammed/SmartCar/ros2_ws/install/setup.zsh'
